01-01 20:00:13.245  2027  2039 D XmlParser: add Pair <ISDB_CC_ENABLE, 1>
01-01 20:00:13.245  2027  2039 D XmlParser: add Pair <NTSC_CC_ENABLE, 1>
01-01 20:00:13.245  2027  2039 D XmlParser: add Pair <ATV_NTSC_ENABLE, 1>
01-01 20:00:13.245  2027  2039 D XmlParser: add Pair <ATV_PAL_ENABLE, 1>
01-01 20:00:13.245  2027  2039 D XmlParser: add Pair <ATV_CHINA_ENABLE, 1>
01-01 20:00:13.245  2027  2039 D XmlParser: add Pair <ATV_PAL_M_ENABLE, 1>
01-01 20:00:13.245  2027  2039 D XmlParser: add Pair <HDMITX_ENABLE, 1>
01-01 20:00:13.245  2027  2039 D XmlParser: add Pair <HBBTV_ENABLE, 1>
01-01 20:00:13.245  2027  2039 D XmlParser: add Pair <INPUT_SOURCE_LOCK_ENABLE, 1>
01-01 20:00:13.245  2027  2039 D XmlParser: add Pair <EPG_ENABLE, 1>
01-01 20:00:13.245  2027  2039 D XmlParser: add Pair <AD_SWITCH_ENABLE, 1>
01-01 20:00:13.245  2027  2039 D XmlParser: add Pair <VCHIP_ENABLE, 1>
01-01 20:00:13.245  2027  2039 D XmlParser: add Pair <OAD_ENABLE, 1>
01-01 20:00:13.245  2027  2039 D XmlParser: add Pair <EDID_AUTO_SWITCH_ENABLE, 1>
01-01 20:00:13.245  2027  2039 D XmlParser: add Pair <OPEN_HDR_SUPPORT, 1>
01-01 20:00:13.245  2027  2039 D XmlParser: add Pair <DOLBY_HDR_SUPPORT, 1>
01-01 20:00:13.245  2027  2039 D XmlParser: add Pair <XVYCC_ENABLE, 1>
01-01 20:00:13.245  2027  2039 D XmlParser: add Pair <ULTRA_BLACK_WHITE_ENABLE, 1>
01-01 20:00:13.245  2027  2039 D XmlParser: add Pair <AU_SUPPORT_DOLBY_DAP, 1>
01-01 20:00:13.245  2027  2039 D XmlParser: add Pair <ATV_MANUAL_TUNING_ENABLE, 1>
01-01 20:00:13.245  2027  2039 D XmlParser: add Pair <AUTO_HOH_ENABLE, 1>
01-01 20:00:13.245  2027  2039 D XmlParser: add Pair <AUDIO_DESCRIPTION_ENABLE, 1>
01-01 20:00:13.245  2027  2039 D XmlParser: add Pair <THREED_DEPTH_ENABLE, 1>
01-01 20:00:13.245  2027  2039 D XmlParser: add Pair <SELF_DETECT_ENABLE, 1>
01-01 20:00:13.245  2027  2039 D XmlParser: add Pair <THREED_CONVERSION_TWODTOTHREED, 1>
01-01 20:00:13.245  2027  2039 D XmlParser: add Pair <THREED_CONVERSION_AUTO, 1>
01-01 20:00:13.245  2027  2039 D XmlParser: add Pair <THREED_CONVERSION_PIXEL_ALTERNATIVE, 1>
01-01 20:00:13.245  2027  2039 D XmlParser: add Pair <THREED_CONVERSION_FRAME_ALTERNATIVE, 1>
01-01 20:00:13.245  2027  2039 D XmlParser: add Pair <THREED_CONVERSION_CHECK_BOARD, 1>
01-01 20:00:13.245  2027  2039 D XmlParser: add Pair <THREED_TWOD_AUTO, 1>
01-01 20:00:13.245  2027  2039 D XmlParser: add Pair <THREED_TWOD_PIXEL_ALTERNATIVE, 1>
01-01 20:00:13.245  2027  2039 D XmlParser: add Pair <THREED_TWOD_FRAME_ALTERNATIVE, 1>
01-01 20:00:13.245  2027  2039 D XmlParser: add Pair <THREED_TWOD_CHECK_BOARD, 1>
01-01 20:00:13.245  2027  2039 D XmlParser: add Pair <MM_MULTIPLAYBACK_ENABLE, 1>
01-01 20:00:13.245  2027  2039 D XmlParser: add Pair <REFINE_SAMBA_SCAN_BROWSE_PLAY_ENABLE, 1>
01-01 20:00:13.246  2027  2039 D TvCommonService: getAndroidConfigList: parse feature_default xml successfully
01-01 20:00:13.303  2015  2015 W KeyguardUpdateMonitor: invalid subId in handleSimStateChange()
01-01 20:00:13.305  2015  2015 W KeyguardUpdateMonitor: invalid subId in handleServiceStateChange()
01-01 20:00:13.305  2015  2015 I Choreographer: Skipped 48 frames!  The application may be doing too much work on its main thread.
01-01 20:00:13.333  2568  2589 D am      : Refresh storage info done.24
01-01 20:00:13.365  1850  1850 V KeyguardServiceDelegate: *** Keyguard connected (yay!)
01-01 20:00:13.365  2015  2015 D PhoneStatusBar: disable: < EXPAND* icons alerts system_info BACK* HOME* RECENT* clock SEARCH* quick_settings >
01-01 20:00:13.369  2015  2015 I art     : Starting a blocking GC Explicit
01-01 20:00:13.395  2015  2015 I art     : Explicit concurrent mark sweep GC freed 1638(85KB) AllocSpace objects, 0(0B) LOS objects, 40% free, 7MB/12MB, paused 564us total 25.513ms
01-01 20:00:13.590  1850  1865 W WindowManager: Keyguard drawn timeout. Setting mKeyguardDrawComplete
01-01 20:00:13.633  1408  1562 I SurfaceFlinger: Boot is finished (11423 ms)
01-01 20:00:13.633  1408  1562 I SurfaceFlinger: [AT][AN][finish boot][15662]
01-01 20:00:13.644  1850  1850 I AccountManagerService: getTypesVisibleToCaller: isPermitted? true
01-01 20:00:13.657  2568  2591 W ResourceType: No package identifier when getting value for resource number 0x00000000
01-01 20:00:13.748  1850  2384 V KeyguardServiceDelegate: **** SHOWN CALLED ****
01-01 20:00:13.764  2015  2015 D PhoneStatusBar: disable: < expand* icons alerts system_info back* home* recent* clock search* quick_settings >
01-01 20:00:13.784  2015  2015 I art     : Starting a blocking GC Explicit
01-01 20:00:13.816  2015  2015 I art     : Explicit concurrent mark sweep GC freed 819(48KB) AllocSpace objects, 1(9MB) LOS objects, 39% free, 7MB/12MB, paused 370us total 31.971ms
01-01 20:00:14.308  1551  1551 I tvos    : File End
01-01 20:00:14.308  1551  1551 I tvos    : File is end in 4238.
01-01 20:00:14.703  1551  1551 I tvos    : FrmCnt:185(0,0,0) Rate:30 Sys:16731 STC:6058 VPTS:6039 (-7) APTS:0 Delay:14(33) V:29 A:0 VES:0x77c6f0 AES:0x0 PCM:0x0 AudioErr:0x0 Vptr(R,W):(83fd00,7c13f0)
01-01 20:00:14.982  1408  2593 E BufferQueueProducer: [Toast] connect(P): already connected (cur=1 req=1)
01-01 20:00:15.746  2568  2599 W art     : Long monitor contention event with owner method=int java.lang.ProcessManager.exec(java.lang.String[], java.lang.String[], java.lang.String, java.io.FileDescriptor, java.io.FileDescriptor, java.io.FileDescriptor, boolean) from ProcessManager.java:4294967294 waiters=0 for 2.053s
01-01 20:00:16.233  1551  1551 I tvos    : FrmCnt:230(0,0,0) Rate:29 Sys:18261 STC:7588 VPTS:7574 (-6) APTS:0 Delay:19(33) V:14 A:0 VES:0x78c870 AES:0x0 PCM:0x0 AudioErr:0x0 Vptr(R,W):(b52080,ae38f0)
01-01 20:00:17.772  1551  1551 I tvos    : FrmCnt:277(0,0,0) Rate:30 Sys:19799 STC:9127 VPTS:9109 (-6) APTS:0 Delay:16(33) V:0 A:0 VES:0x56ab70 AES:0x0 PCM:0x0 AudioErr:0x0 Vptr(R,W):(635080,b9fbf0)
01-01 20:00:18.195  1850  2408 I ActivityManager: START u0 {flg=0x10000000 cmp=com.hades.gttv/.activity.MainActivity (has extras)} from uid 10051 on display 0
01-01 20:00:18.210  1850  2042 I ActivityManager: accel TR5) TaskRecord{18480ec #14 A=com.hades.gttv U=0 sz=2}
01-01 20:00:18.210  1850  2042 I ActivityManager: accel TR4) TaskRecord{73afcb5 #13 A=com.android.tv.settings U=0 sz=0}
01-01 20:00:18.210  1850  2042 V ActivityManager: unmatched pkg name=com.hades.gttv
01-01 20:00:18.394  1408  1486 E BufferQueueProducer: [com.hades.gttv/com.hades.gttv.activity.MainActivity] connect(P): already connected (cur=1 req=1)
01-01 20:00:18.476  1850  1870 I ActivityManager: Displayed com.hades.gttv/.activity.MainActivity: +269ms
01-01 20:00:19.313  1551  1551 I tvos    : FrmCnt:323(0,0,0) Rate:29 Sys:21341 STC:10668 VPTS:10643 (-6) APTS:0 Delay:8(33) V:0 A:0 VES:0x26a4f0 AES:0x0 PCM:0x0 AudioErr:0x0 Vptr(R,W):(935700,b9fbf0)
01-01 20:00:20.544  1551  1551 I tvos    : 3 --> E_VDP_DECODE_STATE_STOP
01-01 20:00:20.544  1551  1551 I tvos    : MM pause in EOS!!!Pause
01-01 20:00:20.557  1551  1551 I tvos    : Send Decode done.
01-01 20:00:20.557  1551  1551 I tvos    : E_MMSDK_CALLBACK_DECODE_DONE
01-01 20:00:20.658  1551  1551 I tvos    : ---------------------- AD_STOP_STOP ----------------------
01-01 20:00:20.658  1551  1551 I tvos    : Please implement PT_Display_MvopSendCommand() to avoid call MDrv_MVOP_SetCommand() directly
01-01 20:00:20.659  1551  1551 I tvos    : Display Msg: 36.
01-01 20:00:20.659  1551  1551 I tvos    : [getPar Err 3528]PAR error
01-01 20:00:20.659  1551  1551 I tvos    : Close window
01-01 20:00:20.659  1551  1551 I tvos    : Enter SetVideoMute =======>
01-01 20:00:20.661  1430  1735 W VIDEO   :  Mute Engine is 0, engine is 0 
01-01 20:00:20.661  1430  1735 W VIDEO   : Lock Status: APP:UNLOCK, RESERVE_1:UNLOCK, RESERVE_2:UNLOCK, RESERVE_3:UNLOCK
01-01 20:00:20.661  1430  1735 W VIDEO   : enScalerWinType: MAIN, isLock: 0
01-01 20:00:20.661  1430  1735 W VIDEO   : bEnable: 1, getMuteFlag(engine, eWin): 0, 
01-01 20:00:20.661  1430  1735 W VIDEO   : BACKEND engine is 0
01-01 20:00:20.661  1430  1735 W VIDEO   : BACKEND engine video only is 0
01-01 20:00:20.661  1430  1735 W VIDEO   : SOC engine is 0
01-01 20:00:20.661  1430  1735 W VIDEO   : XC engine (MAIN) is 0
01-01 20:00:20.661  1430  1735 W VIDEO   : XC engine (SUB) is 1
01-01 20:00:20.661  1430  1735 W VIDEO   : Lock Mute Status => 
01-01 20:00:20.661  1430  1735 W VIDEO   : Lock Status: APP:UNLOCK, RESERVE_1:UNLOCK, RESERVE_2:UNLOCK, RESERVE_3:UNLOCK
01-01 20:00:20.661  1430  1735 W VIDEO   : enScalerWinType: MAIN, isLock: 0
01-01 20:00:20.661  1430  1735 W VIDEO   : Lock Status: APP:UNLOCK, RESERVE_1:UNLOCK, RESERVE_2:UNLOCK, RESERVE_3:UNLOCK
01-01 20:00:20.661  1430  1735 W VIDEO   : enScalerWinType: SUB, isLock: 0
01-01 20:00:20.661  1430  1735 W VIDEO   : ==== Increase After ====
01-01 20:00:20.661  1430  1735 W VIDEO   : BACKEND engine is 0
01-01 20:00:20.661  1430  1735 W VIDEO   : BACKEND engine video only is 0
01-01 20:00:20.661  1430  1735 W VIDEO   : SOC engine is 0
01-01 20:00:20.661  1430  1735 W VIDEO   : XC engine (MAIN) is 1
01-01 20:00:20.661  1430  1735 W VIDEO   : XC engine (SUB) is 1
01-01 20:00:20.661  1430  1735 W VIDEO   : Lock Mute Status => 
01-01 20:00:20.661  1430  1735 W VIDEO   : Lock Status: APP:UNLOCK, RESERVE_1:UNLOCK, RESERVE_2:UNLOCK, RESERVE_3:UNLOCK
01-01 20:00:20.661  1430  1735 W VIDEO   : enScalerWinType: MAIN, isLock: 0
01-01 20:00:20.661  1430  1735 W VIDEO   : Lock Status: APP:UNLOCK, RESERVE_1:UNLOCK, RESERVE_2:UNLOCK, RESERVE_3:UNLOCK
01-01 20:00:20.661  1430  1735 W VIDEO   : enScalerWinType: SUB, isLock: 0
01-01 20:00:20.661  1430  1735 W VIDEO   : [Mute By API]MuteEngine: 0, u16WaitToDoTime :0 , tid: 1735 
01-01 20:00:20.739  1430  1735 V 3D      : Func: GetCurrent3DFormat()
01-01 20:00:20.739  1430  1735 V 3D      : Func: GetCurrent3DFormat() : return current3d=0
01-01 20:00:20.740  1430  1735 V 3D      : Func: Enable3D():2952 m_b3DTo2D=0, en3DType=0, b3DDualviewCtrl=0
01-01 20:00:20.740  1430  1735 V 3D      : Func: Enable3D():2985 m_b3DTo2D=0, en3DType=0, b3DDualviewCtrl=0
01-01 20:00:20.740  1430  1735 D 3D      : Enable3D:3007 Don't need to send same command again! m_enCurrent3DFormat=0
01-01 20:00:20.741  1551  1551 I tvos    : =============MApp_VDPlayer_Stop(INT)
01-01 20:00:20.748  1551  1551 I tvos    : MApp_VDPlayer_Stop
01-01 20:00:20.748  1551  1551 I tvos    : E_VDP_DECODE_STATE_STOP --> E_VDP_DECODE_STATE_STANDBY
01-01 20:00:20.748  1551  1551 I tvos    : E_VDP_PHASE_DECODE --> E_VDP_PHASE_STOP
01-01 20:00:20.761  1551  1551 I tvos    : MB_VDPLAYER_TTX_INIT_DEINIT.
01-01 20:00:20.787  1551  1551 I tvos    : [VDEC][0]MApi_CMA_Pool_PutMem0 in vdec:9573 cmaFreeParam.pool_handle_id=13, cmaFreeParam.offset_in_pool=0, cmaFreeParam.length=0
01-01 20:00:20.787  1551  1551 I tvos    : E_VDP_PHASE_STOP --> E_VDP_PHASE_STANDBY
01-01 20:00:20.787  1551  1551 I tvos    : Error code 0; Stop Pos:0x0195b990 Time:11845
01-01 20:00:20.792  1551  1551 I tvos    : Get MB_VDPLAYER_STOP command.
01-01 20:00:20.803  1551  1551 I tvos    : Sbtitle de-init: 0x0.
01-01 20:00:20.805  1430  1735 W VIDEO   :  Mute Engine is 0, engine is 0 
01-01 20:00:20.805  1430  1735 W VIDEO   : bEnable: 1, getMuteFlag(engine, eWin): 1, 
01-01 20:00:20.805  1430  1735 W VIDEO   : BACKEND engine is 0
01-01 20:00:20.805  1430  1735 W VIDEO   : BACKEND engine video only is 0
01-01 20:00:20.805  1430  1735 W VIDEO   : SOC engine is 0
01-01 20:00:20.805  1430  1735 W VIDEO   : XC engine (MAIN) is 1
01-01 20:00:20.805  1430  1735 W VIDEO   : XC engine (SUB) is 1
01-01 20:00:20.805  1430  1735 W VIDEO   : Lock Mute Status => 
01-01 20:00:20.805  1430  1735 W VIDEO   : Lock Status: APP:UNLOCK, RESERVE_1:UNLOCK, RESERVE_2:UNLOCK, RESERVE_3:UNLOCK
01-01 20:00:20.805  1430  1735 W VIDEO   : enScalerWinType: MAIN, isLock: 0
01-01 20:00:20.805  1430  1735 W VIDEO   : Lock Status: APP:UNLOCK, RESERVE_1:UNLOCK, RESERVE_2:UNLOCK, RESERVE_3:UNLOCK
01-01 20:00:20.805  1430  1735 W VIDEO   : enScalerWinType: SUB, isLock: 0
01-01 20:00:20.805  1430  1735 W VIDEO   : ==== Increase After ====
01-01 20:00:20.805  1430  1735 W VIDEO   : BACKEND engine is 0
01-01 20:00:20.805  1430  1735 W VIDEO   : BACKEND engine video only is 0
01-01 20:00:20.805  1430  1735 W VIDEO   : SOC engine is 0
01-01 20:00:20.805  1430  1735 W VIDEO   : XC engine (MAIN) is 1
01-01 20:00:20.805  1430  1735 W VIDEO   : XC engine (SUB) is 1
01-01 20:00:20.805  1430  1735 W VIDEO   : Lock Mute Status => 
01-01 20:00:20.805  1430  1735 W VIDEO   : Lock Status: APP:UNLOCK, RESERVE_1:UNLOCK, RESERVE_2:UNLOCK, RESERVE_3:UNLOCK
01-01 20:00:20.805  1430  1735 W VIDEO   : enScalerWinType: MAIN, isLock: 0
01-01 20:00:20.805  1430  1735 W VIDEO   : Lock Status: APP:UNLOCK, RESERVE_1:UNLOCK, RESERVE_2:UNLOCK, RESERVE_3:UNLOCK
01-01 20:00:20.805  1430  1735 W VIDEO   : enScalerWinType: SUB, isLock: 0
01-01 20:00:20.805  1551  1551 I tvos    : UnMap PA:0X08800000 Size:0X00400000
01-01 20:00:20.805  1551  1551 I tvos    : PT_MMAP_FreeBuffer() had not been implemented.
01-01 20:00:20.805  1551  1551 I tvos    : [FreeBuffer Err 10945]FreeBuffer ID:23, result=0
01-01 20:00:20.805  1551  1551 I tvos    : Enter SetVideoMute =======>
01-01 20:00:20.851  1430  1735 V 3D      : Func: GetCurrent3DFormat()
01-01 20:00:20.851  1430  1735 V 3D      : Func: GetCurrent3DFormat() : return current3d=0
01-01 20:00:20.851  1430  1735 V 3D      : Func: Enable3D():2952 m_b3DTo2D=0, en3DType=0, b3DDualviewCtrl=0
01-01 20:00:20.851  1430  1735 V 3D      : Func: Enable3D():2985 m_b3DTo2D=0, en3DType=0, b3DDualviewCtrl=0
01-01 20:00:20.851  1430  1735 D 3D      : Enable3D:3007 Don't need to send same command again! m_enCurrent3DFormat=0
01-01 20:00:20.851  1430  1735 W VIDEO   :  Mute Engine is 0, engine is 0 
01-01 20:00:20.851  1430  1735 W VIDEO   : bEnable: 1, getMuteFlag(engine, eWin): 1, 
01-01 20:00:20.851  1430  1735 W VIDEO   : BACKEND engine is 0
01-01 20:00:20.851  1430  1735 W VIDEO   : BACKEND engine video only is 0
01-01 20:00:20.851  1430  1735 W VIDEO   : SOC engine is 0
01-01 20:00:20.851  1430  1735 W VIDEO   : XC engine (MAIN) is 1
01-01 20:00:20.851  1430  1735 W VIDEO   : XC engine (SUB) is 1
01-01 20:00:20.851  1430  1735 W VIDEO   : Lock Mute Status => 
01-01 20:00:20.851  1430  1735 W VIDEO   : Lock Status: APP:UNLOCK, RESERVE_1:UNLOCK, RESERVE_2:UNLOCK, RESERVE_3:UNLOCK
01-01 20:00:20.851  1430  1735 W VIDEO   : enScalerWinType: MAIN, isLock: 0
01-01 20:00:20.851  1430  1735 W VIDEO   : Lock Status: APP:UNLOCK, RESERVE_1:UNLOCK, RESERVE_2:UNLOCK, RESERVE_3:UNLOCK
01-01 20:00:20.851  1430  1735 W VIDEO   : enScalerWinType: SUB, isLock: 0
01-01 20:00:20.851  1430  1735 W VIDEO   : ==== Increase After ====
01-01 20:00:20.851  1430  1735 W VIDEO   : BACKEND engine is 0
01-01 20:00:20.851  1430  1735 W VIDEO   : BACKEND engine video only is 0
01-01 20:00:20.851  1430  1735 W VIDEO   : SOC engine is 0
01-01 20:00:20.851  1430  1735 W VIDEO   : XC engine (MAIN) is 1
01-01 20:00:20.851  1430  1735 W VIDEO   : XC engine (SUB) is 1
01-01 20:00:20.851  1430  1735 W VIDEO   : Lock Mute Status => 
01-01 20:00:20.851  1430  1735 W VIDEO   : Lock Status: APP:UNLOCK, RESERVE_1:UNLOCK, RESERVE_2:UNLOCK, RESERVE_3:UNLOCK
01-01 20:00:20.851  1430  1735 W VIDEO   : enScalerWinType: MAIN, isLock: 0
01-01 20:00:20.851  1430  1735 W VIDEO   : Lock Status: APP:UNLOCK, RESERVE_1:UNLOCK, RESERVE_2:UNLOCK, RESERVE_3:UNLOCK
01-01 20:00:20.851  1430  1735 W VIDEO   : enScalerWinType: SUB, isLock: 0
01-01 20:00:20.851  1430  1735 W VIDEO   : Finalize:3243 Video Finalize : Win[0], Source[34]
01-01 20:00:20.852  1551  1551 I tvos    : =============_PT_Display_FinalizeDisplayPath...................1
01-01 20:00:20.852  1551  1551 I tvos    : Enter SetVideoMute =======>
01-01 20:00:20.855  1430  1716 E PictureManagerService: EV_EVENT_VIDEO_STATUS, wParam is 0,  lParam is 0.
01-01 20:00:20.869  1551  1551 I tvos    : =============Unknow Input Type 
01-01 20:00:20.904  1551  1551 I tvos    : bRet = 1.
01-01 20:00:20.904  1551  1551 I tvos    : MM_DeleteMediaItem done
01-01 20:00:21.032  1551  1551 I tvos    : get bootlogo_gopidx:2 
01-01 20:00:21.033  1551  1551 I tvos    : get thirdpartydtv env:(null),thirdpartydtv:0 
01-01 20:00:21.034  1551  1551 I tvos    : Can't find out selected GPIO device 91!!Please add GPIO device into system.cfg
01-01 20:00:21.037  1551  1551 I tvos    : [AutoTest][SourceChange][SetInputSourceCmd START][23063]
01-01 20:00:21.038  1551  1551 I tvos    : No power-off timer be trigger!!!
01-01 20:00:21.038  1551  1551 I tvos    : MonitorOffModeTimer:ts.tv_sec = 2147483647
01-01 20:00:21.038  2027  2041 D TvManager_JNI: PostEvent_DtvReadyPopupDialog
01-01 20:00:21.038  2027  2041 E TvManager_JNI: notifyCB event = 536875018
01-01 20:00:21.049  1430  1736 V 3D      : Func: GetCurrent3DFormat()
01-01 20:00:21.049  1430  1736 V 3D      : Func: GetCurrent3DFormat() : return current3d=0
01-01 20:00:21.049  1551  1551 I tvos    : mapi_str::addStrThreadItem ptid=0xd89ff460 m_StrThreadItems.size()=10,this=0xf32678, name=InitCECThread
01-01 20:00:21.049  1551  1551 I tvos    : [CEC] msAPI_CEC_SetMyPhyAddr
01-01 20:00:21.049  1551  1551 I tvos    : [CEC] !H&!H msAPI_CEC_RoutingSourceChange->TxMsgActiveSource
01-01 20:00:21.051  1551  1551 I tvos    : [AutoTest][SourceChange][player finalize START][23080]
01-01 20:00:21.052  1430  1736 W VIDEO   :  Mute Engine is 0, engine is 0 
01-01 20:00:21.052  1430  1736 W VIDEO   : bEnable: 1, getMuteFlag(engine, eWin): 1, 
01-01 20:00:21.052  1430  1736 W VIDEO   : BACKEND engine is 0
01-01 20:00:21.052  1430  1736 W VIDEO   : BACKEND engine video only is 0
01-01 20:00:21.052  1430  1736 W VIDEO   : SOC engine is 0
01-01 20:00:21.052  1430  1736 W VIDEO   : XC engine (MAIN) is 1
01-01 20:00:21.052  1430  1736 W VIDEO   : XC engine (SUB) is 1
01-01 20:00:21.052  1430  1736 W VIDEO   : Lock Mute Status => 
01-01 20:00:21.052  1430  1736 W VIDEO   : Lock Status: APP:UNLOCK, RESERVE_1:UNLOCK, RESERVE_2:UNLOCK, RESERVE_3:UNLOCK
01-01 20:00:21.052  1430  1736 W VIDEO   : enScalerWinType: MAIN, isLock: 0
01-01 20:00:21.052  1430  1736 W VIDEO   : Lock Status: APP:UNLOCK, RESERVE_1:UNLOCK, RESERVE_2:UNLOCK, RESERVE_3:UNLOCK
01-01 20:00:21.052  1430  1736 W VIDEO   : enScalerWinType: SUB, isLock: 0
01-01 20:00:21.052  1430  1736 W VIDEO   : ==== Increase After ====
01-01 20:00:21.052  1430  1736 W VIDEO   : BACKEND engine is 0
01-01 20:00:21.052  1430  1736 W VIDEO   : BACKEND engine video only is 0
01-01 20:00:21.052  1430  1736 W VIDEO   : SOC engine is 0
01-01 20:00:21.052  1430  1736 W VIDEO   : XC engine (MAIN) is 1
01-01 20:00:21.052  1430  1736 W VIDEO   : XC engine (SUB) is 1
01-01 20:00:21.052  1430  1736 W VIDEO   : Lock Mute Status => 
01-01 20:00:21.052  1430  1736 W VIDEO   : Lock Status: APP:UNLOCK, RESERVE_1:UNLOCK, RESERVE_2:UNLOCK, RESERVE_3:UNLOCK
01-01 20:00:21.052  1430  1736 W VIDEO   : enScalerWinType: MAIN, isLock: 0
01-01 20:00:21.052  1430  1736 W VIDEO   : Lock Status: APP:UNLOCK, RESERVE_1:UNLOCK, RESERVE_2:UNLOCK, RESERVE_3:UNLOCK
01-01 20:00:21.052  1430  1736 W VIDEO   : enScalerWinType: SUB, isLock: 0
01-01 20:00:21.052  1551  1551 I tvos    : Enter SetVideoMute =======>
01-01 20:00:21.053  1551  1551 I tvos    : =============Not initialized
01-01 20:00:21.120  1551  1551 I tvos    : disconnect finalize ok!IRQ 208 polling thread destroyed
01-01 20:00:21.120  1551  1551 I tvos    : IRQ 208 polling fd closed!!
01-01 20:00:21.122  1551  1551 I tvos    : [TSP_DBG]TSP ISR Proc End!!!
01-01 20:00:21.122  1551  1551 I tvos    :  player get EV_SIGNAL_UNSTABLE event = 536875042
01-01 20:00:21.122  1551  1551 I tvos    : [AutoTest][SourceChange][player finalize END][23151]
01-01 20:00:21.123  1551  1551 I tvos    : [AutoTest][SourceChange][player init START][23151]
01-01 20:00:21.124  1430  1716 E IPlayerImplClient: Send NOTIFY_CALLBACK
01-01 20:00:21.124  1551  1551 I tvos    : EV_SIGNAL_UNSTABLE  =  536875042
01-01 20:00:21.124  1551  1551 I tvos    : Send NOTIFY_CALLBACK
01-01 20:00:21.124  2027  2039 E PlayerImpl_JNI: notifyCB event = 536875042
01-01 20:00:21.124  2027  2039 D PlayerImpl_JNI: Signal status: SIGNAL_UNSTABLE
01-01 20:00:21.124  1551  1551 I tvos    : DecID = 1 HAL_AUDIO_OpenDecodeSystem() 7413 
01-01 20:00:21.124  1551  1551 I tvos    : [[utopia]]      ===== Check Audio Decoder Protection from hash-key IP =====
01-01 20:00:21.124  1551  1551 I tvos    : [[utopia]]      Hash-key Support DD.
01-01 20:00:21.124  1551  1551 I tvos    : [[utopia]]      Hash Key Check DDP Fail, no DD+ license!!
01-01 20:00:21.124  1551  1551 I tvos    : [[utopia]]      Hash Key Check Dolby MS11 Fail, no Dolby MS11 license!!
01-01 20:00:21.125  1551  1551 I tvos    : [[utopia]]      Hash Key Check Dolby MS12 LC profile Fail, no Dolby MS12 LC profile license!!
01-01 20:00:21.125  1551  1551 I tvos    : [[utopia]]      Hash Key Check Dolby MS12 D profile Fail, no Dolby MS12 D profile license!!
01-01 20:00:21.125  1551  1551 I tvos    : [[utopia]]      Hash Key Check Dolby MS12 B profile Fail, no Dolby MS12 B profile license!!
01-01 20:00:21.125  1551  1551 I tvos    : [[utopia]]      Hash Key Check Dolby Pulse (MS10_DDT), DOLBY_MS11, DOLBY_MS12_B, DOLBY_MS12_D Fail, no Dolby Pulse(MS10_DDT) license!!
01-01 20:00:21.125  1551  1551 I tvos    : [[utopia]]      Hash-key Support Generic HE-AAC !!
01-01 20:00:21.125  1551  1551 I tvos    : [[utopia]]      Hash Key Check DDCO Fail, no DDCO license!!
01-01 20:00:21.125  1551  1551 I tvos    : [[utopia]]      Hash Key Check DTS Fail, no DTS license!!
01-01 20:00:21.125  1551  1551 I tvos    : [[utopia]]      Hash Key Check WMA Fail, no WMA license!!
01-01 20:00:21.125  1551  1551 I tvos    : [[utopia]]      Hash-key Support DRA.
01-01 20:00:21.125  1551  1551 I tvos    : [[utopia]]      Hash Key Check DTSLBR Fail, no DTSLBR license!!
01-01 20:00:21.125  1551  1551 I tvos    : [[utopia]]      Hash Key Check DTSE Fail, no DTSE license!!
01-01 20:00:21.125  1551  1551 I tvos    : [[utopia]]      Hash Key Check DTSNeoUltra Fail, no DTSNeoUltra license!!
01-01 20:00:21.125  1551  1551 I tvos    : [[utopia]]      Hash Key Check SRS_TSHD Fail, no SRS_TSHD license!!
01-01 20:00:21.125  1551  1551 I tvos    : [[utopia]]      Hash Key Check SRS_THEATERSOUND Fail, no SRS_THEATERSOUND license!!
01-01 20:00:21.125  1551  1551 I tvos    : [[utopia]]      Hash Key Check DTS_StudioSound3D Fail, no DTS_StudioSound3D license!!
01-01 20:00:21.125  1551  1551 I tvos    : [[utopia]]      Hash-key Support COOK.
01-01 20:00:21.125  1551  1551 I tvos    : [[utopia]]      Hash Key Check DTS_HD Fail, no DTS_HD license!!
01-01 20:00:21.125  1551  1551 I tvos    : [[utopia]]      Hash Key Check Dolby volume Fail, no Dolby volume license!!
01-01 20:00:21.125  1551  1551 I tvos    : [[utopia]]      Hash Key Check SRS_PURESND Fail, no SRS_PURESND license!!
01-01 20:00:21.125  1551  1551 I tvos    : [[utopia]]      ===== Check Protection IP End                         =====
01-01 20:00:21.125  1551  1551 I tvos    : [[utopia]]      
01-01 20:00:21.125  1551  1551 I tvos    :  ==========Audio DSP Version Check==================[[utopia]]      
01-01 20:00:21.125  1551  1551 I tvos    :           DSP System:0x880D62     
01-01 20:00:21.125  1551  1551 I tvos    : Reload Success
01-01 20:00:21.125  1551  1551 I tvos    : Input
01-01 20:00:21.126  1551  1551 I tvos    : eAudFormat = 1
01-01 20:00:21.126  1551  1551 I tvos    : eGroup = 0
01-01 20:00:21.126  1551  1551 I tvos    : eDSPId = 0
01-01 20:00:21.126  1551  1551 I tvos    : eStcSource = 0
01-01 20:00:21.126  1551  1551 I tvos    : DecId = 1
01-01 20:00:21.126  1551  1551 I tvos    : eAudFormat = 1
01-01 20:00:21.126  1551  1551 I tvos    : eGroup = 0
01-01 20:00:21.126  1551  1551 I tvos    : eDSPId = 0
01-01 20:00:21.126  1551  1551 I tvos    : eStcSource = 0
01-01 20:00:21.126  1551  1551 I tvos    : [[utopia]]      ===== Check Audio Decoder Protection from hash-key IP =====
01-01 20:00:21.126  1551  1551 I tvos    : [[utopia]]      Hash-key Support DD.
01-01 20:00:21.126  1551  1551 I tvos    : [[utopia]]      Hash Key Check DDP Fail, no DD+ license!!
01-01 20:00:21.126  1551  1551 I tvos    : [[utopia]]      Hash Key Check Dolby MS11 Fail, no Dolby MS11 license!!
01-01 20:00:21.126  1551  1551 I tvos    : [[utopia]]      Hash Key Check Dolby MS12 LC profile Fail, no Dolby MS12 LC profile license!!
01-01 20:00:21.126  1551  1551 I tvos    : [[utopia]]      Hash Key Check Dolby MS12 D profile Fail, no Dolby MS12 D profile license!!
01-01 20:00:21.126  1551  1551 I tvos    : [[utopia]]      Hash Key Check Dolby MS12 B profile Fail, no Dolby MS12 B profile license!!
01-01 20:00:21.126  1551  1551 I tvos    : [[utopia]]      Hash Key Check Dolby Pulse (MS10_DDT), DOLBY_MS11, DOLBY_MS12_B, DOLBY_MS12_D Fail, no Dolby Pulse(MS10_DDT) license!!
01-01 20:00:21.126  1551  1551 I tvos    : [[utopia]]      Hash-key Support Generic HE-AAC !!
01-01 20:00:21.126  1551  1551 I tvos    : [[utopia]]      Hash Key Check DDCO Fail, no DDCO license!!
01-01 20:00:21.126  1551  1551 I tvos    : [[utopia]]      Hash Key Check DTS Fail, no DTS license!!
01-01 20:00:21.126  1551  1551 I tvos    : [[utopia]]      Hash Key Check WMA Fail, no WMA license!!
01-01 20:00:21.127  1551  1551 I tvos    : [[utopia]]      Hash-key Support DRA.
01-01 20:00:21.127  1551  1551 I tvos    : [[utopia]]      Hash Key Check DTSLBR Fail, no DTSLBR license!!
01-01 20:00:21.127  1551  1551 I tvos    : [[utopia]]      Hash Key Check DTSE Fail, no DTSE license!!
01-01 20:00:21.127  1551  1551 I tvos    : [[utopia]]      Hash Key Check DTSNeoUltra Fail, no DTSNeoUltra license!!
01-01 20:00:21.127  1551  1551 I tvos    : [[utopia]]      Hash Key Check SRS_TSHD Fail, no SRS_TSHD license!!
01-01 20:00:21.127  1551  1551 I tvos    : [[utopia]]      Hash Key Check SRS_THEATERSOUND Fail, no SRS_THEATERSOUND license!!
01-01 20:00:21.127  1551  1551 I tvos    : [[utopia]]      Hash Key Check DTS_StudioSound3D Fail, no DTS_StudioSound3D license!!
01-01 20:00:21.127  1551  1551 I tvos    : [[utopia]]      Hash-key Support COOK.
01-01 20:00:21.127  1551  1551 I tvos    : [[utopia]]      Hash Key Check DTS_HD Fail, no DTS_HD license!!
01-01 20:00:21.127  1551  1551 I tvos    : [[utopia]]      Hash Key Check Dolby volume Fail, no Dolby volume license!!
01-01 20:00:21.127  1551  1551 I tvos    : [[utopia]]      Hash Key Check SRS_PURESND Fail, no SRS_PURESND license!!
01-01 20:00:21.127  1551  1551 I tvos    : [[utopia]]      ===== Check Protection IP End                         =====
01-01 20:00:21.127  1551  1551 I tvos    : [[utopia]]      
01-01 20:00:21.127  1551  1551 I tvos    :  ==========Audio DSP Version Check==================[[utopia]]      
01-01 20:00:21.127  1551  1551 I tvos    :           DSP System:0x880D62     
01-01 20:00:21.167  1551  1551 I tvos    : Reload Success
01-01 20:00:21.167  1551  1551 I tvos    : Input
01-01 20:00:21.167  1551  1551 I tvos    : eAudFormat = 179
01-01 20:00:21.167  1551  1551 I tvos    : eGroup = 0
01-01 20:00:21.167  1551  1551 I tvos    : eDSPId = 255
01-01 20:00:21.167  1551  1551 I tvos    : eStcSource = 0
01-01 20:00:21.167  1551  1551 I tvos    : DecId = 1
01-01 20:00:21.167  1551  1551 I tvos    : eAudFormat = 179
01-01 20:00:21.167  1551  1551 I tvos    : eGroup = 0
01-01 20:00:21.167  1551  1551 I tvos    : eDSPId = 255
01-01 20:00:21.167  1551  1551 I tvos    : eStcSource = 0
01-01 20:00:21.184  1551  1551 I tvos    : [CEC] Non-adjacent ARC device exist
01-01 20:00:21.184  1551  1551 I tvos    : mapi_str::removeStrThreadItem ptid=0xd89ff460 m_StrThreadItems.size()=9,this=0xf32678, name=InitCECThread
01-01 20:00:21.188  1551  1551 I tvos    :  player get EV_SIGNAL_UNSTABLE event = 536875042
01-01 20:00:21.190  1430  1716 E IPlayerImplClient: Send NOTIFY_CALLBACK
01-01 20:00:21.190  1551  1551 I tvos    : EV_SIGNAL_UNSTABLE  =  536875042
01-01 20:00:21.190  1551  1551 I tvos    : Send NOTIFY_CALLBACK
01-01 20:00:21.190  2027  2041 E PlayerImpl_JNI: notifyCB event = 536875042
01-01 20:00:21.190  2027  2041 D PlayerImpl_JNI: Signal status: SIGNAL_UNSTABLE
01-01 20:00:21.191  1430  1736 W VIDEO   : Initialize:3010 Video Init : Win Change[0->0], Source Change[44->1]
01-01 20:00:21.193  1551  1551 I tvos    : [Hal_SC_mux_dispatch][686]src_port=30, dest_port=1
01-01 20:00:21.213  1551  1551 I tvos    : device_demodulator_mooney: Connect 0
01-01 20:00:21.214  1551  1551 I tvos    : Can't find out selected GPIO device 4!!Please add GPIO device into system.cfg
01-01 20:00:21.256  1850  1870 I SystemServiceManager: Starting phase 1000
01-01 20:00:21.262  1850  1850 I AccountManagerService: getTypesVisibleToCaller: isPermitted? true
01-01 20:00:21.289  1850  2621 I RecoverySystem: No recovery log file
01-01 20:00:21.290  1850  2621 I BootReceiver: Copying audit failures to DropBox
01-01 20:00:21.290  1850  2621 I BootReceiver: Checking for fsck errors
01-01 20:00:21.295  1850  2617 I ActivityManager: Start proc 2623:com.android.keychain/1000 for service com.android.keychain/.KeyChainService
01-01 20:00:21.332  1850  1850 I ActivityManager: Start proc 2637:com.android.providers.calendar/u0a1 for broadcast com.android.providers.calendar/.CalendarReceiver
01-01 20:00:21.343  1850  1897 D WIFI    : Registering NetworkFactory
01-01 20:00:21.343  1850  1897 D WIFI_UT : Registering NetworkFactory
01-01 20:00:21.343  1850  1902 D ConnectivityService: Got NetworkFactory Messenger for WIFI
01-01 20:00:21.343  1850  1902 D ConnectivityService: Got NetworkFactory Messenger for WIFI_UT
01-01 20:00:21.343  1850  1897 D WIFI    : got request NetworkRequest [ id=1, legacyType=-1, [ Capabilities: INTERNET&NOT_RESTRICTED&TRUSTED&NOT_VPN] ] with score 0
01-01 20:00:21.343  1850  1897 D WIFI_UT : got request NetworkRequest [ id=1, legacyType=-1, [ Capabilities: INTERNET&NOT_RESTRICTED&TRUSTED&NOT_VPN] ] with score 0
01-01 20:00:21.362  2623  2623 W System  : ClassLoader referenced unknown path: /system/app/KeyChain/lib/arm64
01-01 20:00:21.368  1551  1551 I tvos    : $$$--2-- >>> stR842_Info.RF_KHz =0 ,stR842_Info.R842_Standard = 12Can't find out selected GPIO device 4!!Please add GPIO device into system.cfg
01-01 20:00:21.371  1551  1551 I tvos    : Error:ExtendCommand(),1407
01-01 20:00:21.371  1551  1551 I tvos    : Can't find out selected GPIO device 4!!Please add GPIO device into system.cfg
01-01 20:00:21.384  1551  1551 I tvos    : Can't find out selected GPIO device 4!!Please add GPIO device into system.cfg
01-01 20:00:21.385  1551  1551 I tvos    : Can't find out selected GPIO device 3!!Please add GPIO device into system.cfg
01-01 20:00:21.385  1551  1551 I tvos    : Can't find out selected GPIO device 52!!Please add GPIO device into system.cfg
01-01 20:00:21.385  1551  1551 I tvos    : Can't find out selected GPIO device 46!!Please add GPIO device into system.cfg
01-01 20:00:21.392  1551  1551 I tvos    : [AVD INFO]AVD open 
01-01 20:00:21.392  1551  1551 I tvos    : [user mode MApi_CMA_Pool_Init:224]debug    Init_Param->heap_id=26
01-01 20:00:21.392  1551  1551 I tvos    : Function = MDrv_AVD_Init, Line = 197, get pool_handle_id is 26
01-01 20:00:21.392  1551  1551 I tvos    : Function = MDrv_AVD_Init, Line = 198, get miu is 0
01-01 20:00:21.392  1551  1551 I tvos    : Function = MDrv_AVD_Init, Line = 199, get heap_length is 0x33554432
01-01 20:00:21.392  1551  1551 I tvos    : Function = MDrv_AVD_Init, Line = 203, get heap_miu_start_offset is 0x6400000
01-01 20:00:21.400  2637  2637 W System  : ClassLoader referenced unknown path: /system/priv-app/CalendarProvider/lib/arm64
01-01 20:00:21.418  1551  1551 I tvos    : DSP code loaded successfully
01-01 20:00:21.439  1551  1551 I tvos    : [SYS] Unknown query!
01-01 20:00:21.444  1551  1551 I tvos    : Function = MApi_CMA_Pool_GetMem, Line = 360, alloc_param->virt_addr is 0xC7500000
01-01 20:00:21.444  1551  1551 I tvos    : Function = MDrv_AVD_SetInput, Line = 364, get from heap_id 26
01-01 20:00:21.444  1551  1551 I tvos    : Function = MDrv_AVD_SetInput, Line = 365, ask length 0x4194304
01-01 20:00:21.444  1551  1551 I tvos    : Function = MDrv_AVD_SetInput, Line = 366, return va is 0x3343908864
01-01 20:00:21.444  1551  1551 I tvos    : Function = MDrv_AVD_SetInput, Line = 370, ask offset 0x1900000
01-01 20:00:21.454  2637  2637 I CalendarProvider2: Created com.android.providers.calendar.CalendarAlarmManager@876df1b(com.android.providers.calendar.CalendarProvider2@c7968b8)
01-01 20:00:21.458  1850  2400 I AccountManagerService: getTypesVisibleToCaller: isPermitted? true
01-01 20:00:21.484  1850  2400 I ActivityManager: Start proc 2657:com.android.managedprovisioning/u0a6 for broadcast com.android.managedprovisioning/.BootReminder
01-01 20:00:21.518  1551  1551 I tvos    : [Hal_SC_mux_dispatch][686]src_port=30, dest_port=20
01-01 20:00:21.561  1551  1551 I tvos    : Can't find out selected GPIO device 46!!Please add GPIO device into system.cfg
01-01 20:00:21.561  1551  1551 I tvos    : [AutoTest][SourceChange][player init END][23589]
01-01 20:00:21.561  1551  1551 I tvos    : mapi_str::addStrThreadItem ptid=0xe2d2d460 m_StrThreadItems.size()=10,this=0xf32678, name=ATV SigMonitor 
01-01 20:00:21.566  1551  1551 I tvos    : [AutoTest][SourceChange][SetInputSourceCmd END][23595]
01-01 20:00:21.572  2657  2657 W System  : ClassLoader referenced unknown path: /system/priv-app/ManagedProvisioning/lib/arm64
01-01 20:00:21.574  1430  1735 V 3D      : Func: GetCurrent3DFormat()
01-01 20:00:21.574  1430  1735 V 3D      : Func: GetCurrent3DFormat() : return current3d=0
01-01 20:00:21.575  1551  1551 I tvos    : [AUTO_TEST][channel change]: ProgramSel [PIU][28878]
01-01 20:00:21.575  1551  1551 I tvos    : Can't find out selected GPIO device 91!!Please add GPIO device into system.cfg
01-01 20:00:21.575  1551  1551 I tvos    :  [AUTO_TEST][ATV channel change][23603] : Start Change 
01-01 20:00:21.576  1430  1735 V 3D      : Func: GetCurrent3DFormat()
01-01 20:00:21.576  1430  1735 V 3D      : Func: GetCurrent3DFormat() : return current3d=0
01-01 20:00:21.576  1430  1735 W VIDEO   : MAIN WINDOW Set XC Free Run Timing 
01-01 20:00:21.576  1430  1735 V 3D      : Func: GetCurrent3DFormat()
01-01 20:00:21.576  1430  1735 V 3D      : Func: GetCurrent3DFormat() : return current3d=0
01-01 20:00:21.576  1551  1551 I tvos    :  player get EV_POPUP_DIALOG event
01-01 20:00:21.609  1430  1735 W DIPC    : ---InitTravelingMode:9141[2] start, Para=0x1a941000(Addr), 0x204000, 32, 3(enTravelingSource), 0(bOSD), 1360, 768, 0(Format), 0(frame rate X10),        2752(MemoryPitch), CustCapWin[x:y=0:0 w:h=0:0], Win=0, src:Main[1], Sub[44], Current[1]
01-01 20:00:21.609  1430  1735 W DIPC    : [2]Memory config: addr=0x1a941000, set size=0x204000, current size=204000
01-01 20:00:21.611  1551  1551 I tvos    : [DIP INFO] dip openDIP already Opened
01-01 20:00:21.613  1430  1735 W DIPC    : SetTravelingFRC:8230 bCaptureIP=0, PipMode=0, u16InputVFreq=598, XC Input/Output=598/5980, I=0, DIPFrcRatio=1
01-01 20:00:21.613  1430  1735 W DIPC    : SetTravelingFRC:8247 Final DIPFrcRatio=1, DIPFramerate 0,request framerate 598
01-01 20:00:21.614  1430  1735 W DIPC    : cust window parameter is negative
01-01 20:00:21.614  1430  1735 W DIPC    : TravelingSetCSC:8086 DIPFormat=0,bInputYUV=0 Config XC CSC manually
01-01 20:00:21.614  1430  1735 W DIPC    : SetTravelingConfig:7699 ,DIP capture window x,y,w,h=0,0,1366,768, interlace=0,captureStage=6
01-01 20:00:21.614  1430  1735 W DIPC    : SetTravelingConfig:7701 Traveling bOSD=0, DIP Ouput=1360x768
01-01 20:00:21.614  1430  1735 W DIPC    : [SetTravelingConfig 7738]DIP MemoryPitch = 2720
01-01 20:00:21.614  1430  1735 W DIPC    : SetTravelingConfig:7782 SetDIPWindow x,y,w,h=0,0,1366,768
01-01 20:00:21.614  1430  1735 W DIPC    : SetTravelingConfig:7783 PreScalingH[1] src,dst =1366,1360
01-01 20:00:21.614  1430  1735 W DIPC    : SetTravelingConfig:7784 PreScalingV[1] src,dst =768,768
01-01 20:00:21.615  1430  1735 W DIPC    : SetTravelingConfig:7884, HMirror=0   VMirror=0
01-01 20:00:21.615  1430  1735 W DIPC    : TravelingAllocateMemory:7969 : Allocate Condition: Mirror=0,0, I=0, TravelingPitch=2752, DIPPitch=2720, BytePer2Pixel=4, DIP OutPut=1360x768@0, TravelingOutPut=1360x768@0
01-01 20:00:21.615  1430  1735 W DIPC    : TravelingAllocateMemory:8077 : Allocate Result: DIPAddr=0x1a941000, DIPSize=0x204000, DIPBufCnt=1, DIPFrameSize=2113536, bGEScaling=0, GEAddr0=0x0, GEBufCnt=0,GEFrameSize=0
01-01 20:00:21.615  1430  1735 W DIPC    : SetTravelingConfig:7944, MemoryPitch=2752, DIP bufcount=1, output w,h=1360,768
01-01 20:00:21.615  1430  1735 W DIPC    : ---InitTravelingMode:9552[2] end : bMirrorH=0, bMirrorV=0, m_bNeedGEScaling[enEngineType]=0
01-01 20:00:21.616  1551  1551 I tvos    : [AUTO_TEST][channel change]: Capture Screen Begin [PIU][28919]
01-01 20:00:21.616  1430  1735 W DIPC    : ---StartTravelingMode:9565[2] start
01-01 20:00:21.616  1430  1735 W DIPC    : ---EnableTravelingMute:7520[2] start, mute=0
01-01 20:00:21.616  1430  1735 W DIPC    : [ThreadHandleMemoryConfigChange][10326] is need GE scaling 0
01-01 20:00:21.616  1430  1735 W DIPC    : ---EnableTravelingMute:7638[2] end, bRet=1 
01-01 20:00:21.616  1430  1735 W DIPC    : ---StartTravelingMode:9653[2] end, bRet=1 
01-01 20:00:21.623  2027  2105 W ContextImpl: Calling a method in the system process without a qualified user: android.app.ContextImpl.sendBroadcast:763 android.content.ContextWrapper.sendBroadcast:396 com.mstar.tv.service.TvService$3.run:561 <bottom of call stack> <bottom of call stack> 
01-01 20:00:21.628  1850  1850 D AlarmManagerService: Kernel timezone updated to -480 minutes west of GMT
01-01 20:00:21.628  2027  2039 D TvTimerService: getMinuteOffset() = 0
01-01 20:00:21.628  2027  2039 D TvTimerService: getHourOffset() = 8
01-01 20:00:21.628  2027  2039 I TimerManager_JNI: setTimeZone
01-01 20:00:21.628  1551  1551 I tvos    : >>>>>>>StoreTimerDB:Backup Timer DB.....<<<<<<<
01-01 20:00:21.631  1551  1551 I tvos    :  SaveTimeData!
01-01 20:00:21.636  1430  1735 W DIPC    : ---EnableTravelingMute:7520[2] start, mute=1
01-01 20:00:21.637  1430  1735 W DIPC    : ---EnableTravelingMute:7638[2] end, bRet=1 
01-01 20:00:21.637  1430  1735 W DIPC    : ---StopTravelingMode:9679[2] bRet=1
01-01 20:00:21.641  1551  1551 I tvos    : [AUTO_TEST][channel change]: Capture Screen done [PIU][28940]
01-01 20:00:21.642  2027  2041 I TimerManager_JNI: getClkTime
01-01 20:00:21.646  1850  1850 D TvTimerManager: getCurrentTvTime(), time:21060206T142833Asia/Shanghai(6,0,0,1913649880,0)
01-01 20:00:21.655  1551  1551 I tvos    : [AUTO_TEST][channel change]: Show Freeze Image [PIU][28958]
01-01 20:00:21.655  1430  1735 W DIPC    : Try StopTravelingMode, but traveling not Started yet.
01-01 20:00:21.655  1430  1735 W DIPC    : ---FinalizeTravelingMode:9707[2] start
01-01 20:00:21.655  1430  1735 W DIPC    : Try StopTravelingMode, but traveling not Started yet.
01-01 20:00:21.655  1430  1735 W DIPC    : [DIPC][DestroyTravelingReceiveDataMonitor][10422] start...
01-01 20:00:21.655  1551  1551 I tvos    : [DIPC][TravelingReceiveDataMonitor 10556] Traveling memory manager task exit
01-01 20:00:21.657  1430  1735 W DIPC    : [DIPC][DestroyTravelingReceiveDataMonitor][10475] end...
01-01 20:00:21.657  1430  1735 W DIPC    : [DIPC][DestroyTravelingSendDataMonitor][10482] start...
01-01 20:00:21.657  1551  1551 I tvos    : [DIPC][DestroyTravelingReceiveDataMonitor 10471](*ListSendMemoryPool):not empty, item num 0
01-01 20:00:21.657  1430  1735 W DIPC    : [DIPC][DestroyTravelingSendDataMonitor][10504] end...
01-01 20:00:21.657  1430  1735 W DIPC    : ---FinalizeTravelingMode:9818[2] end, ret=1
01-01 20:00:21.657  1551  1551 I tvos    : [DIPC][TravelingSendDataMonitor 10526] Traveling memory manager task exit
01-01 20:00:21.657  1551  1551 I tvos    : DIP already Opened
01-01 20:00:21.670  1430  1735 W VIDEO   :  Mute Engine is 0, engine is 0 
01-01 20:00:21.670  1430  1735 W VIDEO   : bEnable: 1, getMuteFlag(engine, eWin): 1, 
01-01 20:00:21.670  1430  1735 W VIDEO   : BACKEND engine is 0
01-01 20:00:21.670  1430  1735 W VIDEO   : BACKEND engine video only is 0
01-01 20:00:21.670  1430  1735 W VIDEO   : SOC engine is 0
01-01 20:00:21.670  1430  1735 W VIDEO   : XC engine (MAIN) is 1
01-01 20:00:21.670  1430  1735 W VIDEO   : XC engine (SUB) is 1
01-01 20:00:21.670  1430  1735 W VIDEO   : Lock Mute Status => 
01-01 20:00:21.670  1430  1735 W VIDEO   : Lock Status: APP:UNLOCK, RESERVE_1:UNLOCK, RESERVE_2:UNLOCK, RESERVE_3:UNLOCK
01-01 20:00:21.670  1430  1735 W VIDEO   : enScalerWinType: MAIN, isLock: 0
01-01 20:00:21.670  1430  1735 W VIDEO   : Lock Status: APP:UNLOCK, RESERVE_1:UNLOCK, RESERVE_2:UNLOCK, RESERVE_3:UNLOCK
01-01 20:00:21.670  1430  1735 W VIDEO   : enScalerWinType: SUB, isLock: 0
01-01 20:00:21.670  1430  1735 W VIDEO   : ==== Increase After ====
01-01 20:00:21.670  1430  1735 W VIDEO   : BACKEND engine is 0
01-01 20:00:21.670  1430  1735 W VIDEO   : BACKEND engine video only is 0
01-01 20:00:21.670  1430  1735 W VIDEO   : SOC engine is 0
01-01 20:00:21.670  1430  1735 W VIDEO   : XC engine (MAIN) is 1
01-01 20:00:21.670  1430  1735 W VIDEO   : XC engine (SUB) is 1
01-01 20:00:21.670  1430  1735 W VIDEO   : Lock Mute Status => 
01-01 20:00:21.670  1430  1735 W VIDEO   : Lock Status: APP:UNLOCK, RESERVE_1:UNLOCK, RESERVE_2:UNLOCK, RESERVE_3:UNLOCK
01-01 20:00:21.670  1430  1735 W VIDEO   : enScalerWinType: MAIN, isLock: 0
01-01 20:00:21.670  1430  1735 W VIDEO   : Lock Status: APP:UNLOCK, RESERVE_1:UNLOCK, RESERVE_2:UNLOCK, RESERVE_3:UNLOCK
01-01 20:00:21.670  1430  1735 W VIDEO   : enScalerWinType: SUB, isLock: 0
01-01 20:00:21.671  1551  1551 I tvos    : Enter SetVideoMute =======>
01-01 20:00:21.743  1850  2377 I ActivityManager: Start proc 2677:com.android.onetimeinitializer/u0a8 for broadcast com.android.onetimeinitializer/.OneTimeInitializerReceiver
01-01 20:00:21.786  2677  2677 W System  : ClassLoader referenced unknown path: /system/priv-app/OneTimeInitializer/lib/arm64
01-01 20:00:21.790  2677  2677 V OneTimeInitializerRece: OneTimeInitializerReceiver.onReceive
01-01 20:00:21.814  2237  2237 W ContextImpl: Calling a method in the system process without a qualified user: android.app.ContextImpl.startService:1221 android.content.ContextWrapper.startService:581 android.content.ContextWrapper.startService:581 com.android.tv.settings.users.UserSwitchListenerService$BootReceiver.onReceive:53 android.app.ActivityThread.handleReceiver:2725 
01-01 20:00:21.831  2237  2237 D Settings.SettingGlobalReceiver: action onReceive : android.intent.action.BOOT_COMPLETED
01-01 20:00:21.846  1551  1551 I tvos    : =============$$$--2-- >>> stR842_Info.RF_KHz =867875 ,stR842_Info.R842_Standard = 14Can't find out selected GPIO device 4!!Please add GPIO device into system.cfg
01-01 20:00:21.848  2337  2337 D AutoPairConfig: AutoPairConfig
01-01 20:00:21.848  2337  2337 D AutoPairConfig: mParseXml:true
01-01 20:00:21.848  2337  2337 D AutoPairConfig: mAutoPairNumber:1
01-01 20:00:21.848  2337  2337 D AutoPairConfig: mAutoPairRssi:-65
01-01 20:00:21.848  2337  2337 D AutoPairConfig: mExcludePaired:true
01-01 20:00:21.848  2337  2337 D AutoPairConfig: mReconnectDevice:true
01-01 20:00:21.848  2337  2337 D AutoPairConfig: mShowPariedInfo:true
01-01 20:00:21.848  2337  2337 D AutoPairConfig: mExcludeAccessories:false,
01-01 20:00:21.848  2337  2337 D AutoPairConfig: mSyncFS:true
01-01 20:00:21.848  2337  2337 D AutoPairConfig: mPairedDeviceName
01-01 20:00:21.848  2337  2337 D AutoPairConfig: 0:MTK BLE Remote
01-01 20:00:21.848  2337  2337 D AutoPairConfig: mPairedConflict
01-01 20:00:21.848  2337  2337 D AutoPairConfig: 0:com.android.tv.settings.accessories.AddAccessoryActivity
01-01 20:00:21.848  2337  2337 D AutoPairConfig: 1:com.android.tv.settings.accessories.BluetoothPairingDialog
01-01 20:00:21.848  2337  2337 D AutoPairConfig: mVendorManufactureId
01-01 20:00:21.848  2337  2337 D AutoPairConfig: 0:46. [80ff ff ff ff ff ff ff ]
01-01 20:00:21.848  2337  2337 D AutoPairConfig: 1:d. [80ff 80ff 4d 54 4b 56 ]
01-01 20:00:21.848  2337  2337 D BootBroadcastReceiver: Receiver, start... (action:android.intent.action.BOOT_COMPLETED)
01-01 20:00:21.848  1850  1869 D BluetoothManagerService: Added callback: android.bluetooth.IBluetoothManagerCallback$Stub$Proxy@f6b6425:true
01-01 20:00:21.850  2337  2337 D BootBroadcastReceiver: Bluetooth Adapter is disabled.
01-01 20:00:21.859  1551  1551 I tvos    : Can't find out selected GPIO device 4!!Please add GPIO device into system.cfg
01-01 20:00:21.862  1850  1909 I ActivityManager: Start proc 2693:com.android.calendar/u0a21 for broadcast com.android.calendar/.alerts.AlertReceiver
01-01 20:00:21.866  1551  1551 I tvos    : [Load PQ] Panel index=1, Source index=3
01-01 20:00:21.872  1551  1551 I tvos    : [_MDrv_VBI_SetVideoStandard] not support standard 0x6, use PAL instead
01-01 20:00:21.903  2693  2693 W System  : ClassLoader referenced unknown path: /system/app/Calendar/lib/arm64
01-01 20:00:21.935  2693  2693 D ExtensionsFactory: No custom extensions.
01-01 20:00:21.942  2693  2693 D AlertReceiver: onReceive: a=android.intent.action.BOOT_COMPLETED Intent { act=android.intent.action.BOOT_COMPLETED flg=0x8000010 cmp=com.android.calendar/.alerts.AlertReceiver (has extras) }
01-01 20:00:21.960  2693  2710 D AlertService: 0 Action = android.intent.action.BOOT_COMPLETED
01-01 20:00:21.961  1850  2384 I ActivityManager: Start proc 2712:com.android.deskclock/u0a25 for broadcast com.android.deskclock/.AlarmInitReceiver
01-01 20:00:21.966  2693  2710 D AlertService: Scheduling next alarm with AlarmScheduler. sEventReminderReceived: null
01-01 20:00:21.984  2693  2710 D AlarmScheduler: No events found starting within 1 week.
01-01 20:00:22.023  2712  2712 W System  : ClassLoader referenced unknown path: /system/app/DeskClock/lib/arm64
01-01 20:00:22.046  2712  2712 V AlarmClock: AlarmInitReceiver android.intent.action.BOOT_COMPLETED
01-01 20:00:22.081  1551  1551 I tvos    :  boot complete
01-01 20:00:22.083  2712  2727 V AlarmClock: AlarmInitReceiver - Reset timers and clear stopwatch data
01-01 20:00:22.115  2712  2727 V AlarmClock: AlarmInitReceiver finished
01-01 20:00:22.125  1850  1909 I ActivityManager: Start proc 2729:com.android.email/u0a28 for broadcast com.android.email/.service.EmailBroadcastReceiver
01-01 20:00:22.177  2729  2729 W System  : ClassLoader referenced unknown path: /system/app/Email/lib/arm64
01-01 20:00:22.215  1430  2670 W XCPERF  : Start of SetWindow [24244]
01-01 20:00:22.215  1430  2670 W XCPERF  : Start of FD_MASK [24244]
01-01 20:00:22.215  1430  2670 W XCPERF  : End of FD_MASK [24244]
01-01 20:00:22.216  1430  2670 W CROP    : CropWin is NULL or Crop Width/Height is 0
01-01 20:00:22.216  1430  2670 W CROP    : SrcWin1[Win=0]: x,y,w,h=218,16,1418,480
01-01 20:00:22.216  1430  2670 W CROP    : CropWin1: x,y,w,h=0,0,1418,480
01-01 20:00:22.216  1430  2670 W CROP    : DispWin1: x,y,w,h=0,0,1366,768
01-01 20:00:22.216  1430  2670 W CROP    : CropWin1.1: x,y,w,h=0,0,1418,480
01-01 20:00:22.216  1430  2670 W CROP    : CropWin1.2: x,y,w,h=34,8,1350,464
01-01 20:00:22.216  1430  2670 W CROP    : SrcWin2: x,y,w,h=218,16,1418,480
01-01 20:00:22.216  1430  2670 W CROP    : CropWin2: x,y,w,h=34,8,1350,464
01-01 20:00:22.216  1430  2670 W CROP    : DispWin2: x,y,w,h=0,0,1366,768
01-01 20:00:22.216  1430  2670 W CROP    : SrcWin3: x,y,w,h=218,16,1418,480
01-01 20:00:22.216  1430  2670 W CROP    : CropWin3: x,y,w,h=34,8,1350,464
01-01 20:00:22.216  1430  2670 W CROP    : DispWin3: x,y,w,h=0,0,1366,768
01-01 20:00:22.216  1430  2670 W CROP    : SrcWin5[Win=0]: x,y,w,h=218,16,1418,480
01-01 20:00:22.216  1430  2670 W CROP    : CropWin5: x,y,w,h=34,8,1350,464
01-01 20:00:22.216  1430  2670 W CROP    : DispWin5: x,y,w,h=0,0,1366,768
01-01 20:00:22.216  1430  2670 W XCPERF  : Start of XC SetWindow [24245]
01-01 20:00:22.217  1551  1551 I tvos    : [Load PQ] Panel index=1, Source index=3
01-01 20:00:22.217  1551  1551 I tvos    : === open 3D OverScan ===
01-01 20:00:22.217  1551  1551 I tvos    : [Load PQ] Panel index=1, Source index=3
01-01 20:00:22.217  1551  1551 I tvos    :  [eWindow] = 0 , FB LEVEL = 0!!!!!
01-01 20:00:22.239  1970  2673 W MediaScanner: Error opening directory '/oem/media/', skipping: No such file or directory.
01-01 20:00:22.240  1551  1551 I tvos    : Function = MApi_CMA_Pool_GetMem, Line = 360, alloc_param->virt_addr is 0xE452E000
01-01 20:00:22.249  1551  1551 I tvos    : Other soure is 1P mode
01-01 20:00:22.249  1551  1551 I tvos    : [_MDrv_SC_check_2p_mode][9998]u16Width=1418,u16Height=480,u32Vfreqx10=600
01-01 20:00:22.273  1430  2670 W XCPERF  : End of XC SetWindow [24301]
01-01 20:00:22.273  1430  2670 W 3D      : [EnablePWMSimulateLRToggle:10896] enable: 0, Period: 0, Duty: 0
01-01 20:00:22.273  1430  2670 W XCPERF  : Start of XC SetPanelTiming [24302]
01-01 20:00:22.273  1551  1551 I tvos    : >>>>>>>>>>>>>>>stTimingInfo.u16InputVTotal = 625
01-01 20:00:22.273  1551  1551 I tvos    : [MApi_XC_GetAccurateVFreqx1K_U2, 3715]Attention: MApi_XC_GetAccurateVFreqx1K is obsolete, please use MApi_XC_CalculateVFreqx10 instead!
01-01 20:00:22.305  1430  2670 W XCPERF  : End of XC SetPanelTiming [24334]
01-01 20:00:22.305  1430  2670 W XCPERF  : Start of FD_MASK [24334]
01-01 20:00:22.305  1430  2670 W XCPERF  : End of FD_MASK [24334]
01-01 20:00:22.305  1430  2670 W XCPERF  : Start of PQ [24334]
01-01 20:00:22.308  1551  1551 I tvos    : BW Window:0, PQSource:1, Hsize:1418, Vsize: 480, interlace:1, Vfreq=600
01-01 20:00:22.311  1551  1551 I tvos    : Read Bandwidthtable.bin
01-01 20:00:22.324  1551  1551 I tvos    : MApi_XC_ACE_ColorCorrectionTable::::: s16ATV
01-01 20:00:22.325  1551  1551 I tvos    : enPQMNRType is 1
01-01 20:00:22.326  1850  1862 I ActivityManager: Start proc 2744:com.android.exchange/u0a29 for service com.android.exchange/.service.EasService
