01-01 20:00:08.989  1418  1418 E audio_hw_primary: MPool_Mapping Fail: E_MMAP_ID_MAD_COMMON: 0x0, Start: 0x0, size: 434372608
01-01 20:00:08.989  1418  1418 E audio_hw_primary: MPool_Mapping Fail: E_MMAP_ID_MAD_COMMON: 0x0, Start: 0x0, size: 434372608
01-01 20:00:08.989  1418  1418 E audio_hw_primary: E_MMAP_ID_MAD_COMMON: 0x0, Start: 0x0, size: 434372608
01-01 20:00:08.989  1418  1418 E         : <<android>>      HAL_AUDIO_SetDspBaseAddr() : Warning! g_AudioVars2 should not be NULL !!!
01-01 20:00:08.989  1418  1418 E         : <<android>>      HAL_AUDIO_SetDspBaseAddr() : Perform SHM Init here !!!
01-01 20:00:08.989  1418  1418 E         : <<android>>      Start HAL_AUDIO_AllocateVars InitShmFlag=0
01-01 20:00:08.989  1418  1418 E         : <<android>>      HAL_AUDIO_AllocateVars QUERY ClientCounter=1
01-01 20:00:08.989  1418  1418 E         : <<android>>      End HAL_AUDIO_AllocateVars InitShmFlag=1, ClientCounter=2 
01-01 20:00:08.989  1418  1418 I         : <<android>>      0 DSPBinBaseAddress = 0x0
01-01 20:00:08.989  1418  1418 I         : <<android>>      0 DSPMadBaseBufferAdr = 0x19880000
01-01 20:00:08.989  1418  1418 I         : <<android>>      0 DSPMadMIUBank = 0
01-01 20:00:08.989  1418  1418 I         : <<android>>      1 DSPBinBaseAddress = 0x0
01-01 20:00:08.990  1418  1418 I         : <<android>>      1 DSPMadBaseBufferAdr = 0x195c0000
01-01 20:00:08.990  1418  1418 I         : <<android>>      1 DSPMadMIUBank = 0
01-01 20:00:08.990  1418  1418 I         : <<android>>      2 DSPBinBaseAddress = 0x0
01-01 20:00:08.990  1418  1418 I         : <<android>>      2 DSPMadBaseBufferAdr = 0x19000000
01-01 20:00:08.990  1418  1418 I         : <<android>>      2 DSPMadMIUBank = 0
01-01 20:00:08.990  1418  1418 I         : <<android>>      MApi_AUDIO_WritePreInitTable() : doesn't need to init again
01-01 20:00:08.990  1418  1418 E         : <<android>>      MDrv_AUDIO_PCM_Init: Init PCM device
01-01 20:00:08.990  1418  1418 E         : <<android>>      HAL_MAD_SetCommInfo: g_FuncPrt_Hal_SetAudioParam2 hook OK !!
01-01 20:00:08.990  1418  1418 E         : <<android>>      HAL_MAD_SetCommInfo: g_FuncPrt_Hal_GetAudioInfo2 hook OK !!
01-01 20:00:08.992  1418  1418 E         : <<android>>      MDrv_AUDIO_PCM_Close: Close PCM device-id 0
01-01 20:00:08.992  1418  1418 E         : <<android>>      MDrv_AUDIO_PCM_Close: Error! s32DeviceId(0) is not opened yet!
01-01 20:00:08.992  1418  1418 E         : <<android>>      MDrv_AUDIO_PCM_Close: Close PCM device-id 1
01-01 20:00:08.992  1418  1418 E         : <<android>>      MDrv_AUDIO_PCM_Close: Error! s32DeviceId(1) is not opened yet!
01-01 20:00:08.992  1418  1418 E         : <<android>>      MDrv_AUDIO_PCM_Close: Close PCM device-id 2
01-01 20:00:08.992  1418  1418 E         : <<android>>      MDrv_AUDIO_PCM_Close: Error! s32DeviceId(2) is not opened yet!
01-01 20:00:08.992  1418  1418 E         : <<android>>      MDrv_AUDIO_PCM_Close: Close PCM device-id 3
01-01 20:00:08.992  1418  1418 E         : <<android>>      MDrv_AUDIO_PCM_Close: Error! s32DeviceId(3) is not opened yet!
01-01 20:00:08.992  1418  1418 E         : <<android>>      MDrv_AUDIO_PCM_Close: Close PCM device-id 4
01-01 20:00:08.992  1418  1418 E         : <<android>>      MDrv_AUDIO_PCM_Close: Error! s32DeviceId(4) doesn't support PCM I/O!
01-01 20:00:08.992  1418  1418 E         : <<android>>      MDrv_AUDIO_PCM_Close: Close PCM device-id 5
01-01 20:00:08.992  1418  1418 E         : <<android>>      MDrv_AUDIO_PCM_Close: Error! s32DeviceId(5) doesn't support PCM I/O!
01-01 20:00:08.992  1418  1418 E         : <<android>>      MDrv_AUDIO_PCM_Close: Close PCM device-id 6
01-01 20:00:08.992  1418  1418 E         : <<android>>      MDrv_AUDIO_PCM_Close: Error! s32DeviceId(6) doesn't support PCM I/O!
01-01 20:00:08.992  1418  1418 E         : <<android>>      MDrv_AUDIO_PCM_Close: Close PCM device-id 7
01-01 20:00:08.992  1418  1418 E         : <<android>>      MDrv_AUDIO_PCM_Close: Error! s32DeviceId(7) doesn't support PCM I/O!
01-01 20:00:08.992  1418  1418 E         : <<android>>      MDrv_AUDIO_PCM_Close: Close PCM device-id 8
01-01 20:00:08.992  1418  1418 E         : <<android>>      MDrv_AUDIO_PCM_Close: Error! s32DeviceId(8) doesn't support PCM I/O!
01-01 20:00:08.992  1418  1418 E         : <<android>>      MDrv_AUDIO_PCM_Close: Close PCM device-id 9
01-01 20:00:08.992  1418  1418 E         : <<android>>      MDrv_AUDIO_PCM_Close: Error! s32DeviceId(9) doesn't support PCM I/O!
01-01 20:00:08.992  1418  1418 E         : <<android>>      MDrv_AUDIO_PCM_Close: Close PCM device-id 10
01-01 20:00:08.992  1418  1418 E         : <<android>>      MDrv_AUDIO_PCM_Close: Error! s32DeviceId(10) doesn't support PCM I/O!
01-01 20:00:08.992  1418  1418 E         : <<android>>      MDrv_AUDIO_PCM_Close: Close PCM device-id 11
01-01 20:00:08.992  1418  1418 E         : <<android>>      MDrv_AUDIO_PCM_Close: Error! s32DeviceId(11) doesn't support PCM I/O!
01-01 20:00:08.992  1418  1418 E         : <<android>>      MDrv_AUDIO_PCM_Close: Close PCM device-id 12
01-01 20:00:08.992  1418  1418 E         : <<android>>      MDrv_AUDIO_PCM_Close: Error! s32DeviceId(12) doesn't support PCM I/O!
01-01 20:00:08.992  1418  1418 E         : <<android>>      MDrv_AUDIO_PCM_Close: Close PCM device-id 13
01-01 20:00:08.992  1418  1418 E         : <<android>>      MDrv_AUDIO_PCM_Close: Error! s32DeviceId(13) doesn't support PCM I/O!
01-01 20:00:08.992  1418  1418 E         : <<android>>      MDrv_AUDIO_PCM_Close: Close PCM device-id 14
01-01 20:00:08.992  1418  1418 E         : <<android>>      MDrv_AUDIO_PCM_Close: Error! s32DeviceId(14) doesn't support PCM I/O!
01-01 20:00:08.992  1418  1418 E         : <<android>>      MDrv_AUDIO_PCM_Close: Close PCM device-id 15
01-01 20:00:08.992  1418  1418 E         : <<android>>      MDrv_AUDIO_PCM_Close: Error! s32DeviceId(15) doesn't support PCM I/O!
01-01 20:00:08.992  1418  1418 E         : <<android>>      MDrv_AUDIO_PCM_Close: Close PCM device-id 16
01-01 20:00:08.992  1418  1418 E         : <<android>>      MDrv_AUDIO_PCM_Close: Error! s32DeviceId(16) doesn't support PCM I/O!
01-01 20:00:08.992  1418  1418 E         : <<android>>      MDrv_AUDIO_PCM_Close: Close PCM device-id 17
01-01 20:00:08.992  1418  1418 E         : <<android>>      MDrv_AUDIO_PCM_Close: Error! s32DeviceId(17) doesn't support PCM I/O!
01-01 20:00:08.992  1418  1418 E         : <<android>>      MDrv_AUDIO_PCM_Close: Close PCM device-id 18
01-01 20:00:08.992  1418  1418 E         : <<android>>      MDrv_AUDIO_PCM_Close: Error! s32DeviceId(18) doesn't support PCM I/O!
01-01 20:00:08.992  1418  1418 E         : <<android>>      MDrv_AUDIO_PCM_Close: Close PCM device-id 19
01-01 20:00:08.992  1418  1418 E         : <<android>>      MDrv_AUDIO_PCM_Close: Error! s32DeviceId(19) doesn't support PCM I/O!
01-01 20:00:08.992  1418  1418 E         : <<android>>      MDrv_AUDIO_PCM_Close: Close PCM device-id 20
01-01 20:00:08.992  1418  1418 E         : <<android>>      MDrv_AUDIO_PCM_Close: Error! s32DeviceId(20) doesn't support PCM I/O!
01-01 20:00:08.992  1418  1418 E         : <<android>>      MDrv_AUDIO_PCM_Close: Close PCM device-id 21
01-01 20:00:08.992  1418  1418 E         : <<android>>      MDrv_AUDIO_PCM_Close: Error! s32DeviceId(21) doesn't support PCM I/O!
01-01 20:00:08.992  1418  1418 E         : <<android>>      MDrv_AUDIO_PCM_Close: Close PCM device-id 22
01-01 20:00:08.992  1418  1418 E         : <<android>>      MDrv_AUDIO_PCM_Close: Error! s32DeviceId(22) doesn't support PCM I/O!
01-01 20:00:08.992  1418  1418 E         : <<android>>      MDrv_AUDIO_PCM_Close: Close PCM device-id 23
01-01 20:00:08.992  1418  1418 E         : <<android>>      MDrv_AUDIO_PCM_Close: Error! s32DeviceId(23) doesn't support PCM I/O!
01-01 20:00:08.992  1418  1418 E         : <<android>>      MDrv_AUDIO_PCM_Close: Close PCM device-id 24
01-01 20:00:08.992  1418  1418 E         : <<android>>      MDrv_AUDIO_PCM_Close: Error! s32DeviceId(24) doesn't support PCM I/O!
01-01 20:00:08.993  1418  1418 E         : <<android>>      MDrv_AUDIO_PCM_Close: Close PCM device-id 25
01-01 20:00:08.993  1418  1418 E         : <<android>>      MDrv_AUDIO_PCM_Close: Error! s32DeviceId(25) doesn't support PCM I/O!
01-01 20:00:08.993  1418  1418 E         : <<android>>      MDrv_AUDIO_PCM_Close: Close PCM device-id 26
01-01 20:00:08.993  1418  1418 E         : <<android>>      MDrv_AUDIO_PCM_Close: Error! s32DeviceId(26) doesn't support PCM I/O!
01-01 20:00:08.993  1418  1418 E         : <<android>>      MDrv_AUDIO_PCM_Close: Close PCM device-id 27
01-01 20:00:08.993  1418  1418 E         : <<android>>      MDrv_AUDIO_PCM_Close: Error! s32DeviceId(27) doesn't support PCM I/O!
01-01 20:00:08.993  1418  1418 E         : <<android>>      MDrv_AUDIO_PCM_Close: Close PCM device-id 28
01-01 20:00:08.993  1418  1418 E         : <<android>>      MDrv_AUDIO_PCM_Close: Error! s32DeviceId(28) doesn't support PCM I/O!
01-01 20:00:08.993  1418  1418 E         : <<android>>      MDrv_AUDIO_PCM_Close: Close PCM device-id 29
01-01 20:00:08.993  1418  1418 E         : <<android>>      MDrv_AUDIO_PCM_Close: Error! s32DeviceId(29) doesn't support PCM I/O!
01-01 20:00:08.993  1418  1418 E         : <<android>>      MDrv_AUDIO_PCM_Close: Close PCM device-id 30
01-01 20:00:08.993  1418  1418 E         : <<android>>      MDrv_AUDIO_PCM_Close: Error! s32DeviceId(30) doesn't support PCM I/O!
01-01 20:00:08.993  1418  1418 E         : <<android>>      MDrv_AUDIO_PCM_Close: Close PCM device-id 31
01-01 20:00:08.993  1418  1418 E         : <<android>>      MDrv_AUDIO_PCM_Close: Error! s32DeviceId(31) doesn't support PCM I/O!
01-01 20:00:08.997  1418  1418 I AudioFlinger: loadHwModule() Loaded primary audio interface from MStar Audio HAL (audio) handle 1
01-01 20:00:08.997  1418  1418 I AudioFlinger: openOutput(), module 1 Device 2, SamplingRate 48000, Format 0x000001, Channels 3, flags 2
01-01 20:00:08.998  1418  1418 E audio_hw_primary: [adev_open_output_stream][2815], [AUDIO_DEVICE_OUT_SPEAKER], ch(2)
01-01 20:00:08.999  1418  1418 I AudioFlinger: AudioStreamOut::open(), mHalFormatIsLinearPcm = 1
01-01 20:00:09.000  1418  1418 I AudioFlinger: HAL output buffer size 1024 frames, normal sink buffer size 1024 frames
01-01 20:00:09.008  1418  1418 I BufferProvider: found effect "Multichannel Downmix To Stereo" from The Android Open Source Project
01-01 20:00:09.008  1418  1418 I AudioFlinger: Using module 1 has the primary audio interface
01-01 20:00:09.008  1418  1918 I AudioFlinger: AudioFlinger's thread 0xef136008 ready to run
01-01 20:00:09.009  1418  1918 I audio_hw_primary: adev_create_audio_patch::mix->device 
01-01 20:00:09.009  1418  1918 I audio_hw_primary: adev_create_audio_patch *handle=0 num_audio_patch=0
01-01 20:00:09.009  1418  1918 I audio_hw_primary: audio_patch_mix2device::source:0xffffffff, sink:0x2 
01-01 20:00:09.009  1418  1918 I tinyalsa: open /dev/snd/pcmC0D0p in NON-Block mode
01-01 20:00:09.009  1418  1918 D audio_hw_primary: adev_create_audio_patch::exit
01-01 20:00:09.009  1418  1918 E AudioFlinger: no wake lock to update!
01-01 20:00:09.010  1418  1916 I audio_hw_primary: Android haven't boot completed, so don't set tv volume!
01-01 20:00:09.020  1418  1418 I AudioFlinger: openOutput(), module 1 Device 1000000, SamplingRate 48000, Format 0x000001, Channels 3, flags 0
01-01 20:00:09.020  1418  1418 E audio_hw_primary: [adev_open_output_stream][2815], [AUDIO_DEVICE_OUT_LINE_OUT], ch(2)
01-01 20:00:09.020  1418  1418 I AudioFlinger: AudioStreamOut::open(), mHalFormatIsLinearPcm = 1
01-01 20:00:09.020  1418  1418 I AudioFlinger: HAL output buffer size 1024 frames, normal sink buffer size 1024 frames
01-01 20:00:09.020  1418  1919 I AudioFlinger: AudioFlinger's thread 0xeefbb008 ready to run
01-01 20:00:09.020  1418  1919 I audio_hw_primary: adev_create_audio_patch::mix->device 
01-01 20:00:09.020  1418  1919 I audio_hw_primary: adev_create_audio_patch *handle=0 num_audio_patch=1
01-01 20:00:09.020  1418  1919 I audio_hw_primary: audio_patch_mix2device::source:0xffffffff, sink:0x1000000 
01-01 20:00:09.020  1418  1919 I tinyalsa: open /dev/snd/pcmC0D1p in NON-Block mode
01-01 20:00:09.020  1418  1919 D audio_hw_primary: adev_create_audio_patch::exit
01-01 20:00:09.020  1418  1919 E AudioFlinger: no wake lock to update!
01-01 20:00:09.027  1418  1418 I AudioFlinger: openOutput(), module 1 Device 10000000, SamplingRate 48000, Format 0x000001, Channels 3f, flags 0
01-01 20:00:09.027  1418  1418 E audio_hw_primary: [adev_open_output_stream][2815], [AUDIO_DEVICE_OUT_MULTI_CHANNEL], ch(6)
01-01 20:00:09.027  1418  1418 I AudioFlinger: AudioStreamOut::open(), mHalFormatIsLinearPcm = 1
01-01 20:00:09.027  1418  1418 I AudioFlinger: HAL output buffer size 1024 frames, normal sink buffer size 1024 frames
01-01 20:00:09.027  1418  1920 I AudioFlinger: AudioFlinger's thread 0xeee77008 ready to run
01-01 20:00:09.027  1418  1920 I audio_hw_primary: adev_create_audio_patch::mix->device 
01-01 20:00:09.027  1418  1920 I audio_hw_primary: adev_create_audio_patch *handle=0 num_audio_patch=2
01-01 20:00:09.027  1418  1920 I audio_hw_primary: audio_patch_mix2device::source:0xffffffff, sink:0x10000000 
01-01 20:00:09.027  1418  1920 E audio_hw_primary: audio_patch_mix2device::Nonsupport!!! Output device:10000000
01-01 20:00:09.027  1418  1920 I tinyalsa: open /dev/snd/pcmC0D0p in NON-Block mode
01-01 20:00:09.027  1418  1920 E audio_hw_primary: alsa open fail cannot open device '/dev/snd/pcmC0D0p': Device or resource busy
01-01 20:00:09.028  1418  1920 E AudioFlinger: no wake lock to update!
01-01 20:00:09.028  1418  1916 I audio_hw_primary: Android haven't boot completed, so don't set tv volume!
01-01 20:00:09.028  1418  1418 I tinyalsa: open /dev/snd/pcmC0D0c in NON-Block mode
01-01 20:00:09.028  1418  1418 E AudioFlinger: FastCaptureDefeat: true
01-01 20:00:09.029  1418  1922 I AudioFlinger: AudioFlinger's thread 0xeebed008 ready to run
01-01 20:00:09.040  1418  1418 I tinyalsa: open /dev/snd/pcmC0D1c in NON-Block mode
01-01 20:00:09.040  1418  1418 E AudioFlinger: FastCaptureDefeat: true
01-01 20:00:09.041  1418  1924 I AudioFlinger: AudioFlinger's thread 0xeeaeb008 ready to run
01-01 20:00:09.054  1418  1418 I tinyalsa: open /dev/snd/pcmC0D1c in NON-Block mode
01-01 20:00:09.055  1418  1418 E AudioFlinger: FastCaptureDefeat: true
01-01 20:00:09.055  1418  1926 I AudioFlinger: AudioFlinger's thread 0xee9ef008 ready to run
01-01 20:00:09.066  1418  1418 I tinyalsa: open /dev/snd/pcmC0D1c in NON-Block mode
01-01 20:00:09.066  1418  1418 E AudioFlinger: FastCaptureDefeat: true
01-01 20:00:09.066  1418  1928 I AudioFlinger: AudioFlinger's thread 0xee8f0008 ready to run
01-01 20:00:09.084  1418  1418 I tinyalsa: open /dev/snd/pcmC0D0c in NON-Block mode
01-01 20:00:09.086  1418  1418 E AudioFlinger: FastCaptureDefeat: true
01-01 20:00:09.086  1418  1930 I AudioFlinger: AudioFlinger's thread 0xee7f1008 ready to run
01-01 20:00:09.092  1418  1418 E AudioFlinger: int android::load_audio_interface(const char*, audio_hw_device_t**) couldn't load audio hw module audio.raw (No such file or directory)
01-01 20:00:09.092  1418  1418 I AudioFlinger: loadHwModule() error -2 loading module raw 
01-01 20:00:09.092  1418  1418 W APM::AudioPolicyManager: could not open HW module raw
01-01 20:00:09.092  1418  1418 E AudioFlinger: int android::load_audio_interface(const char*, audio_hw_device_t**) couldn't load audio hw module audio.a2dp (No such file or directory)
01-01 20:00:09.092  1418  1418 I AudioFlinger: loadHwModule() error -2 loading module a2dp 
01-01 20:00:09.092  1418  1418 W APM::AudioPolicyManager: could not open HW module a2dp
01-01 20:00:09.095  1418  1418 I r_submix: adev_open(name=audio_hw_if)
01-01 20:00:09.095  1418  1418 I r_submix: adev_init_check()
01-01 20:00:09.095  1418  1418 I AudioFlinger: loadHwModule() Loaded r_submix audio interface from Wifi Display audio HAL (audio) handle 12
01-01 20:00:09.095  1418  1418 D r_submix: adev_open_input_stream(addr=0)
01-01 20:00:09.095  1418  1418 D r_submix: submix_audio_device_create_pipe_l(addr=0, idx=9)
01-01 20:00:09.095  1418  1418 D r_submix:   now using address 0 for route 9
01-01 20:00:09.095  1418  1418 E MonoPipe: Failed to fetch local time frequency when constructing a MonoPipe (res = -32).  getNextWriteTimestamp calls will be non-functional
01-01 20:00:09.096  1418  1931 I AudioFlinger: AudioFlinger's thread 0xee7f1008 ready to run
01-01 20:00:09.096  1418  1418 D r_submix: adev_close_input_stream()
01-01 20:00:09.096  1418  1418 D r_submix: submix_audio_device_release_pipe_l(idx=9) addr=0
01-01 20:00:09.096  1418  1418 D r_submix: submix_audio_device_destroy_pipe_l(): pipe destroyed
01-01 20:00:09.096  1418  1418 W APM::AudioPolicyManager: Input device 08000000 unreachable
01-01 20:00:09.097  1418  1418 E SoundTriggerHwService: couldn't load sound trigger module sound_trigger.primary (No such file or directory)
01-01 20:00:09.097  1418  1418 I RadioService: RadioService
01-01 20:00:09.097  1418  1418 I RadioService: onFirstRef
01-01 20:00:09.097  1418  1418 E RadioService: couldn't load radio module radio.primary (No such file or directory)
01-01 20:00:09.099  1418  1933 D PermissionCache: checking android.permission.MODIFY_AUDIO_SETTINGS for uid=1000 => granted (230 us)
01-01 20:00:09.191  1850  1898 D WifiHW  : func load_prealloc_module count = 99 
01-01 20:00:09.391  1850  1898 D WifiHW  : func load_prealloc_module count = 98 
01-01 20:00:09.855  1418  1918 I audio_hw_primary: adev_create_audio_patch::mix->device 
01-01 20:00:09.855  1418  1918 I audio_hw_primary: adev_create_audio_patch *handle=-1427518896 num_audio_patch=2
01-01 20:00:09.855  1418  1916 I audio_hw_primary: Android haven't boot completed, so don't set tv volume!
01-01 20:00:09.855  1418  1916 I audio_hw_primary: Android haven't boot completed, so don't set tv volume!
01-01 20:00:09.855  1418  1916 I audio_hw_primary: Android haven't boot completed, so don't set tv volume!
01-01 20:00:09.856  1418  1916 I audio_hw_primary: Android haven't boot completed, so don't set tv volume!
01-01 20:00:09.865  1418  1918 I audio_hw_primary: adev_create_audio_patch::mix->device 
01-01 20:00:09.865  1418  1918 I audio_hw_primary: adev_create_audio_patch *handle=-1427518896 num_audio_patch=2
01-01 20:00:09.865  1418  1916 I audio_hw_primary: Android haven't boot completed, so don't set tv volume!
01-01 20:00:09.866  1418  1916 I audio_hw_primary: Android haven't boot completed, so don't set tv volume!
01-01 20:00:09.866  1418  1916 I audio_hw_primary: Android haven't boot completed, so don't set tv volume!
01-01 20:00:09.866  1418  1916 I audio_hw_primary: Android haven't boot completed, so don't set tv volume!
01-01 20:00:09.870  1418  1916 I audio_hw_primary: Android haven't boot completed, so don't set tv volume!
01-01 20:00:09.871  1418  1916 I audio_hw_primary: Android haven't boot completed, so don't set tv volume!
01-01 20:00:09.871  1418  1916 I audio_hw_primary: Android haven't boot completed, so don't set tv volume!
01-01 20:00:09.876  1418  1916 I audio_hw_primary: Android haven't boot completed, so don't set tv volume!
01-01 20:00:09.884  1850  1850 I SystemServiceManager: Starting com.android.server.DockObserver
01-01 20:00:09.885  1850  1850 W DockObserver: This kernel does not have dock station support
01-01 20:00:09.886  1850  1850 I SystemServer: Wired Accessory Manager
01-01 20:00:09.887  1850  1850 W WiredAccessoryManager: This kernel does not have wired headset support
01-01 20:00:09.887  1850  1850 W WiredAccessoryManager: This kernel does not have usb audio support
01-01 20:00:09.887  1850  1850 W WiredAccessoryManager: This kernel does not have HDMI audio support
01-01 20:00:09.887  1850  1850 I SystemServer: Camera Observer
01-01 20:00:09.888  1850  1850 I SystemServer: Microphone Observer
01-01 20:00:09.888  1850  1850 I SystemServiceManager: Starting com.android.server.usb.UsbService$Lifecycle
01-01 20:00:09.895  1850  1850 E UsbDeviceManager: failed to write to /sys/class/android_usb/android0/f_rndis/ethaddr
01-01 20:00:09.897  1850  1850 E UsbDeviceManagerJNI: could not open /dev/usb_accessory
01-01 20:00:09.901  1850  1850 I SystemServer: Serial Service
01-01 20:00:09.901  1850  1850 I SystemServiceManager: Starting com.android.server.twilight.TwilightService
01-01 20:00:09.904  1850  1850 I SystemServiceManager: Starting com.android.server.job.JobSchedulerService
01-01 20:00:09.910  1850  1850 I SystemServiceManager: Starting com.android.server.backup.BackupManagerService$Lifecycle
01-01 20:00:09.913  1850  1850 I SystemServiceManager: Starting com.android.server.appwidget.AppWidgetService
01-01 20:00:09.917  1850  1850 I SystemServiceManager: Starting com.android.server.voiceinteraction.VoiceInteractionManagerService
01-01 20:00:09.918  1418  1418 D PermissionCache: checking android.permission.CAPTURE_AUDIO_HOTWORD for uid=1000 => granted (122 us)
01-01 20:00:09.918  1850  1850 W SoundTriggerHelper: listModules status=0, # of modules=0
01-01 20:00:09.920  1850  1850 I SystemServer: DiskStats Service
01-01 20:00:09.920  1850  1850 I SystemServer: SamplingProfiler Service
01-01 20:00:09.925  1850  1850 I SystemServer: NetworkTimeUpdateService
01-01 20:00:09.926  1850  1850 I SystemServer: CommonTimeManagementService
01-01 20:00:09.927  1850  1850 I SystemServer: CertBlacklister
01-01 20:00:09.928  1850  1850 I SystemServiceManager: Starting com.android.server.dreams.DreamManagerService
01-01 20:00:09.931  1850  1850 I SystemServer: Assets Atlas Service
01-01 20:00:09.934  1850  1850 I SystemServiceManager: Starting com.android.server.restrictions.RestrictionsManagerService
01-01 20:00:09.935  1850  1850 I SystemServiceManager: Starting com.android.server.media.MediaSessionService
01-01 20:00:09.935  1850  1943 D AssetAtlas: Loaded configuration: SliceMinArea (832x2048) flags=0x2 count=118
01-01 20:00:09.939  1850  1850 I SystemServer: Media Router Service
01-01 20:00:09.942  1850  1850 I SystemServiceManager: Starting com.android.server.trust.TrustManagerService
01-01 20:00:09.944  1850  1850 I SystemServiceManager: Starting com.android.server.fingerprint.FingerprintService
01-01 20:00:09.946  1850  1850 W FingerprintService: fingerprint service not available
01-01 20:00:09.946  1850  1850 V FingerprintService: Fingerprint HAL id: 0
01-01 20:00:09.946  1850  1850 I SystemServer: BackgroundDexOptService
01-01 20:00:09.948  1850  1850 I SystemServiceManager: Starting com.android.server.pm.LauncherAppsService
01-01 20:00:09.949  1850  1850 I SystemServiceManager: Starting com.android.server.media.projection.MediaProjectionManagerService
01-01 20:00:09.956  1850  1850 I WindowManager: SAFE MODE not enabled
01-01 20:00:09.956  1850  1850 I SystemServiceManager: Starting com.android.server.MmsServiceBroker
01-01 20:00:09.992  1850  1850 E LockSettingsStorage: Cannot read file java.io.FileNotFoundException: /data/system/gatekeeper.password.key: open failed: ENOENT (No such file or directory)
01-01 20:00:09.992  1850  1850 E LockSettingsStorage: Cannot read file java.io.FileNotFoundException: /data/system/password.key: open failed: ENOENT (No such file or directory)
01-01 20:00:09.993  1850  1943 D AssetAtlas: Rendered atlas in 26.91ms (6.05+20.86ms)
01-01 20:00:09.993  1850  1850 E LockSettingsStorage: Cannot read file java.io.FileNotFoundException: /data/system/gatekeeper.pattern.key: open failed: ENOENT (No such file or directory)
01-01 20:00:09.993  1850  1850 E LockSettingsStorage: Cannot read file java.io.FileNotFoundException: /data/system/gatekeeper.gesture.key: open failed: ENOENT (No such file or directory)
01-01 20:00:09.993  1850  1850 E LockSettingsStorage: Cannot read file java.io.FileNotFoundException: /data/system/gesture.key: open failed: ENOENT (No such file or directory)
01-01 20:00:09.993  1850  1850 I SystemServiceManager: Starting phase 480
01-01 20:00:09.999  1850  1850 I SystemServiceManager: Starting phase 500
01-01 20:00:10.002  1850  1850 D BluetoothService: onBootPhase: PHASE_SYSTEM_SERVICES_READY
01-01 20:00:10.003  1850  1952 D bluedroid: detect_bt_device!!!
01-01 20:00:10.003  1850  1952 D bluedroid: path = /dev/bus/usb/003
01-01 20:00:10.003  1850  1952 D bluedroid: path = /dev/bus/usb/001
01-01 20:00:10.003  1850  1952 D bluedroid: path = /dev/bus/usb/002
01-01 20:00:10.003  1850  1952 D bluedroid: bt find pid:179 vid:bda device!
01-01 20:00:10.003  1850  1952 D bluedroid: bt find pid:4101 vid:62a device!
01-01 20:00:10.003  1850  1952 D bluedroid: ============device_count = 0
01-01 20:00:10.003  1850  1952 D bluedroid: func bt_common_load_driver no bt dongle! 
01-01 20:00:10.005  1850  1850 I WifiService: WifiService starting up with Wi-Fi disabled
01-01 20:00:10.006  1850  1850 D WifiService: Wifi ap start with disabled
01-01 20:00:10.010  1850  1900 D WifiService: New client listening to asynchronous messages
01-01 20:00:10.012  1850  1850 I WifiScanningService: Registering wifiscanner
01-01 20:00:10.016  1850  1850 I RttService: Registering rttmanager
01-01 20:00:10.018  1850  1850 I EthernetServiceImpl: Starting Ethernet service
01-01 20:00:10.019  1850  1850 I EthernetServiceImpl: Ethernet Persisted Enabled 3
01-01 20:00:10.021  1850  1850 I EthernetServiceImpl: setState from mState=0 to state=3
01-01 20:00:10.024  1850  1850 D Ethernet: Registering NetworkFactory
01-01 20:00:10.024  1850  1902 D ConnectivityService: Got NetworkFactory Messenger for Ethernet
01-01 20:00:10.024  1850  1958 D Ethernet: got request NetworkRequest [ id=1, legacyType=-1, [ Capabilities: INTERNET&NOT_RESTRICTED&TRUSTED&NOT_VPN] ] with score 0
01-01 20:00:10.026  1850  1850 D EthernetNetworkFactory: Started tracking interface eth0
01-01 20:00:10.029  1411  1847 D CommandListener: Setting iface cfg
01-01 20:00:10.029  1411  1847 D CommandListener: Trying to bring up eth0
01-01 20:00:10.043  1850  1850 V BackupManagerService: No ancestral data
01-01 20:00:10.058  1850  1850 V KeyValueBackupJob: Scheduling k/v pass in 247 minutes
01-01 20:00:10.059  1850  1850 V BackupManagerService: Starting with transport android/com.android.internal.backup.LocalTransport
01-01 20:00:10.059  1850  1850 V BackupManagerService: Found transports: 1
01-01 20:00:10.059  1850  1850 W BackupManagerService: Proposed transport ComponentInfo{android/com.android.internal.backup.LocalTransportService} not whitelisted; ignoring
01-01 20:00:10.085  1850  1872 W KeyguardServiceDelegate: onScreenTurningOn(): no keyguard service!
01-01 20:00:10.091  1850  1898 D WifiHW  : start to parse_config!
01-01 20:00:10.093  1850  1898 D WifiHW  : value = RTL8192EU
01-01 20:00:10.093  1850  1898 D WifiHW  : dev_info name = RTL8192EU
01-01 20:00:10.093  1850  1898 D WifiHW  : value = MT7662STA
01-01 20:00:10.093  1850  1898 D WifiHW  : dev_info name = MT7662STA
01-01 20:00:10.093  1850  1898 D WifiHW  : value = MT7603STA
01-01 20:00:10.093  1850  1898 D WifiHW  : dev_info name = MT7603STA
01-01 20:00:10.093  1850  1898 D WifiHW  : value = RAL5370
01-01 20:00:10.093  1850  1898 D WifiHW  : dev_info name = RAL5370
01-01 20:00:10.093  1850  1898 D WifiHW  : value = RTL8188ETV
01-01 20:00:10.093  1850  1898 D WifiHW  : dev_info name = RTL8188ETV
01-01 20:00:10.093  1850  1898 D WifiHW  : value = RTL8812AUS
01-01 20:00:10.093  1850  1898 D WifiHW  : dev_info name = RTL8812AUS
01-01 20:00:10.093  1850  1898 D WifiHW  : value = MT7601STA
01-01 20:00:10.093  1850  1898 D WifiHW  : dev_info name = MT7601STA
01-01 20:00:10.093  1850  1898 D WifiHW  : parse_config successfully!!
01-01 20:00:10.093  1850  1898 D WifiHW  : detect_wifi_device!!!
01-01 20:00:10.093  1850  1898 D WifiHW  : path = /dev/bus/usb/003
01-01 20:00:10.093  1850  1898 D WifiHW  : path = /dev/bus/usb/001
01-01 20:00:10.093  1850  1898 D WifiHW  : path = /dev/bus/usb/002
01-01 20:00:10.093  1850  1898 D WifiHW  : wifi_device_list[4] = 1
01-01 20:00:10.093  1850  1898 D WifiHW  : enter func set_driver_property device_id = 4
01-01 20:00:10.093  1850  1898 D WifiHW  : ==>enter func get_device_by_order
01-01 20:00:10.094  1850  1898 D WifiHW  : ============device_count = 1
01-01 20:00:10.094  1551  1551 I tvos    : FrmCnt:46(0,0,0) Rate:3 Sys:12120 STC:1448 VPTS:1434 (-7) APTS:0 Delay:20(33) V:28 A:0 VES:0x79fbf0 AES:0x0 PCM:0x0 AudioErr:0x0 Vptr(R,W):(6fa280,69e570)
01-01 20:00:10.096  1850  1850 I ActivityManager: System now ready
01-01 20:00:10.097  1850  1850 I SystemServer: Making services ready
01-01 20:00:10.097  1850  1850 I SystemServiceManager: Starting phase 550
01-01 20:00:10.099  1850  1850 W ActivityManager: Unable to start service Intent { act=com.android.ITelecomService cmp=com.android.server.telecom/.components.TelecomService } U=0: not found
01-01 20:00:10.100  1850  1890 D MountService: Thinking about reset, mSystemReady=true, mDaemonConnected=true
01-01 20:00:10.100  1850  1864 I ActivityManager: Force stopping com.android.providers.media appid=10004 user=-1: vold reset
01-01 20:00:10.101  1850  1965 D VoldConnector: SND -> {1 volume reset}
01-01 20:00:10.101  1334  1404 D VoldCmdListener: volume reset
01-01 20:00:10.101  1850  1850 D UsbAlsaManager: Adding ALSA device AlsaDevice: [card: 0, device: 3, type: 1]
01-01 20:00:10.101  1850  1850 D UsbAlsaManager: Adding ALSA device AlsaDevice: [card: 0, device: 2, type: 1]
01-01 20:00:10.101  1850  1850 D UsbAlsaManager: Adding ALSA device AlsaDevice: [card: 0, device: 1, type: 1]
01-01 20:00:10.101  1850  1850 D UsbAlsaManager: Adding ALSA device AlsaDevice: [card: 0, device: 0, type: 1]
01-01 20:00:10.101  1850  1850 D UsbAlsaManager: Adding ALSA device AlsaDevice: [card: 0, device: 1, type: 2]
01-01 20:00:10.101  1850  1850 D UsbAlsaManager: Adding ALSA device AlsaDevice: [card: 0, device: 0, type: 2]
01-01 20:00:10.101  1850  1850 W MountService: No primary storage defined yet; hacking together a stub
01-01 20:00:10.103  1850  1891 D VoldConnector: RCV <- {651 emulated 7}
01-01 20:00:10.103  1850  1891 D VoldConnector: RCV <- {659 emulated}
01-01 20:00:10.103  1850  1891 D VoldConnector: RCV <- {650 emulated 2 "" ""}
01-01 20:00:10.103  1850  1891 D VoldConnector: RCV <- {651 emulated 0}
01-01 20:00:10.103  1850  1850 I SystemServer: WebViewFactory preparation
01-01 20:00:10.103  1850  1891 D VoldConnector: RCV <- {200 1 Command succeeded}
01-01 20:00:10.105  1850  1965 D VoldConnector: SND -> {2 volume user_added 0 0}
01-01 20:00:10.105  1334  1404 D VoldCmdListener: volume user_added 0 0
01-01 20:00:10.105  1850  1891 D VoldConnector: RCV <- {200 2 Command succeeded}
01-01 20:00:10.106  1850  1866 V MountService: Found primary storage at VolumeInfo{emulated}:
01-01 20:00:10.106  1850  1866 V MountService:     type=EMULATED diskId=null partGuid=null mountFlags=0 mountUserId=-1 
01-01 20:00:10.106  1850  1866 V MountService:     state=UNMOUNTED 
01-01 20:00:10.106  1850  1866 V MountService:     fsType=null fsUuid=null fsLabel=null 
01-01 20:00:10.106  1850  1866 V MountService:     path=null internalPath=null 
01-01 20:00:10.107  1850  1890 D VoldConnector: SND -> {3 volume mount emulated 3 -1}
01-01 20:00:10.107  1334  1404 D VoldCmdListener: volume mount emulated 3 -1
01-01 20:00:10.109  1334  1404 D VoldCmdListener: sleep 0.5s
01-01 20:00:10.109  1850  1891 D VoldConnector: RCV <- {651 emulated 1}
01-01 20:00:10.109  1850  1891 D VoldConnector: RCV <- {656 emulated /data/media}
01-01 20:00:10.109  1850  1891 D VoldConnector: RCV <- {655 emulated /storage/emulated}
01-01 20:00:10.110  1850  1966 D UsbHostManager: Added device UsbDevice[mName=/dev/bus/usb/003/002,mVendorId=1578,mProductId=16641,mClass=0,mSubclass=0,mProtocol=0,mManufacturerName=MOSART Semi.,mProductName=2.4G Keyboard Mouse,mVersion=1.16,mSerialNumber=null,mConfigurations=[
01-01 20:00:10.110  1850  1966 D UsbHostManager: UsbConfiguration[mId=1,mName=null,mAttributes=160,mMaxPower=50,mInterfaces=[
01-01 20:00:10.110  1850  1966 D UsbHostManager: UsbInterface[mId=0,mAlternateSetting=0,mName=null,mClass=3,mSubclass=1,mProtocol=1,mEndpoints=[
01-01 20:00:10.110  1850  1966 D UsbHostManager: UsbEndpoint[mAddress=129,mAttributes=3,mMaxPacketSize=8,mInterval=10]]
01-01 20:00:10.110  1850  1966 D UsbHostManager: UsbInterface[mId=1,mAlternateSetting=0,mName=null,mClass=3,mSubclass=1,mProtocol=2,mEndpoints=[
01-01 20:00:10.110  1850  1966 D UsbHostManager: UsbEndpoint[mAddress=130,mAttributes=3,mMaxPacketSize=7,mInterval=4]]]]
01-01 20:00:10.110  1850  1966 W UsbSettingsManager: no meta-data for ResolveInfo{f568419 com.estrongs.android.pop/.view.FileExplorerActivity m=0x108000}
01-01 20:00:10.110  1334  1968 V vold    : Waiting for FUSE to spin up...
01-01 20:00:10.115  1850  1864 I Zygote  : Process: zygote socket opened, supported ABIS: arm64-v8a
01-01 20:00:10.115  1850  1966 W ContextImpl: Calling a method in the system process without a qualified user: android.app.ContextImpl.sendBroadcast:763 com.android.server.usb.UsbSettingsManager.deviceAttached:742 com.android.server.usb.UsbHostManager.endUsbDeviceAdded:225 com.android.server.usb.UsbHostManager.monitorUsbHostBus:-2 com.android.server.usb.UsbHostManager.-wrap0:-1 
01-01 20:00:10.115  1444  1855 I art     : Starting a blocking GC HeapTrim
01-01 20:00:10.125  1850  1864 I ActivityManager: Start proc 1970:android.process.media/u0a4 for broadcast com.android.providers.media/.MtpReceiver
01-01 20:00:10.127  1850  1966 D UsbHostManager: Added device UsbDevice[mName=/dev/bus/usb/001/002,mVendorId=3034,mProductId=377,mClass=0,mSubclass=0,mProtocol=0,mManufacturerName=Realtek,mProductName=802.11n NIC,mVersion=2.0,mSerialNumber=A09DC1567B09,mConfigurations=[
01-01 20:00:10.127  1850  1966 D UsbHostManager: UsbConfiguration[mId=1,mName=null,mAttributes=160,mMaxPower=250,mInterfaces=[
01-01 20:00:10.127  1850  1966 D UsbHostManager: UsbInterface[mId=0,mAlternateSetting=0,mName=null,mClass=255,mSubclass=255,mProtocol=255,mEndpoints=[
01-01 20:00:10.127  1850  1966 D UsbHostManager: UsbEndpoint[mAddress=129,mAttributes=2,mMaxPacketSize=512,mInterval=0]
01-01 20:00:10.127  1850  1966 D UsbHostManager: UsbEndpoint[mAddress=2,mAttributes=2,mMaxPacketSize=512,mInterval=0]
01-01 20:00:10.127  1850  1966 D UsbHostManager: UsbEndpoint[mAddress=3,mAttributes=2,mMaxPacketSize=512,mInterval=0]]]]
01-01 20:00:10.127  1850  1966 W UsbSettingsManager: no meta-data for ResolveInfo{3a14ebf com.estrongs.android.pop/.view.FileExplorerActivity m=0x108000}
01-01 20:00:10.128  1850  1966 W ContextImpl: Calling a method in the system process without a qualified user: android.app.ContextImpl.sendBroadcast:763 com.android.server.usb.UsbSettingsManager.deviceAttached:742 com.android.server.usb.UsbHostManager.endUsbDeviceAdded:225 com.android.server.usb.UsbHostManager.monitorUsbHostBus:-2 com.android.server.usb.UsbHostManager.-wrap0:-1 
01-01 20:00:10.137  1850  1850 I Zygote  : Process: zygote socket opened, supported ABIS: armeabi-v7a,armeabi
01-01 20:00:10.137  1445  1754 I art     : Starting a blocking GC HeapTrim
01-01 20:00:10.139  1445  1445 I art     : Starting a blocking GC Background
01-01 20:00:10.161  1850  1891 D VoldConnector: RCV <- {651 emulated 2}
01-01 20:00:10.176  1850  1850 I ActivityManager: Start proc 1989:WebViewLoader-armeabi-v7a/1037 [android.webkit.WebViewFactory$RelroFileCreator] for 
01-01 20:00:10.185  1989  1989 V WebViewFactory: RelroFileCreator (64bit = false),  32-bit lib: /system/app/webview/webview.apk!/lib/armeabi-v7a/libwebviewchromium.so, 64-bit lib: /system/app/webview/webview.apk!/lib/arm64-v8a/libwebviewchromium.so
01-01 20:00:10.187  1850  1850 I ActivityManager: Start proc 2000:WebViewLoader-arm64-v8a/1037 [android.webkit.WebViewFactory$RelroFileCreator] for 
01-01 20:00:10.188  2000  2000 V WebViewFactory: RelroFileCreator (64bit = true),  32-bit lib: /system/app/webview/webview.apk!/lib/armeabi-v7a/libwebviewchromium.so, 64-bit lib: /system/app/webview/webview.apk!/lib/arm64-v8a/libwebviewchromium.so
01-01 20:00:10.199  1850  1850 I ActivityManager: Start proc 2015:com.android.systemui/u0a13 for service com.android.systemui/.SystemUIService
01-01 20:00:10.199  1850  1850 I SystemServer: Startup TvService Apk....
01-01 20:00:10.199  1850  1850 W ContextImpl: Calling a method in the system process without a qualified user: android.app.ContextImpl.startService:1221 com.android.server.SystemServer$2.run:1148 com.android.server.am.ActivityManagerService.systemReady:11888 com.android.server.SystemServer.startOtherServices:1122 com.android.server.SystemServer.run:273 
01-01 20:00:10.211  1850  1850 I ActivityManager: Start proc 2027:com.mstar.tv.service/1000 for service com.mstar.tv.service/.TvService
01-01 20:00:10.212  1850  1850 D NetworkManagement: enabling bandwidth control
01-01 20:00:10.228  1970  1970 W System  : ClassLoader referenced unknown path: /system/priv-app/MediaProvider/lib/arm64
01-01 20:00:10.250  1970  1970 W System  : ClassLoader referenced unknown path: /system/priv-app/DownloadProvider/lib/arm64
01-01 20:00:10.275  2015  2015 W System  : ClassLoader referenced unknown path: /system/priv-app/SystemUI/lib/arm64
01-01 20:00:10.290  1989  1989 I art     : System.exit called, status: 0
01-01 20:00:10.290  1989  1989 I AndroidRuntime: VM exiting with result code 0, cleanup skipped.
01-01 20:00:10.325  2015  2015 V SystemUIService: Starting SystemUI services.
01-01 20:00:10.335  2000  2000 I art     : System.exit called, status: 0
01-01 20:00:10.335  2000  2000 I AndroidRuntime: VM exiting with result code 0, cleanup skipped.
01-01 20:00:10.395  2046  2046 E dex2oat : Failed to create oat file: /data/dalvik-cache/arm64/system@framework@com.mstar.android.jar@classes.dex: Permission denied
01-01 20:00:10.395  2046  2046 I dex2oat : dex2oat took 1.380ms (threads: 4) 
01-01 20:00:10.397  2027  2027 W art     : Failed execv(/system/bin/dex2oat --runtime-arg -classpath --runtime-arg  --instruction-set=arm64 --instruction-set-features=smp,a53 --runtime-arg -Xrelocate --boot-image=/system/framework/boot.art --runtime-arg -Xms64m --runtime-arg -Xmx512m --instruction-set-variant=generic --instruction-set-features=default --dex-file=/system/framework/com.mstar.android.jar --oat-file=/data/dalvik-cache/arm64/system@framework@com.mstar.android.jar@classes.dex) because non-0 exit status
01-01 20:00:10.435  2015  2066 E WVMExtractor: Failed to open libwvm.so: dlopen failed: library "libwvm.so" not found
01-01 20:00:10.444  1417  1580 I DrmUnitendPlugIn: DrmUnitendPlugIn::onInitialize : DrmUnitendPlugIn.Version = VERSION 0.11.2.msvp.20161025
01-01 20:00:10.445  1417  1580 V DrmUnitendPlugIn: DrmUnitendPlugIn::onSetOnInfoListener : 5888
01-01 20:00:10.449  1417  1417 V DrmUnitendPlugIn: DrmUnitendPlugIn::onTerminate : 5888
01-01 20:00:10.488  1418  1934 D MS_OMX_Plugin: MSOMXPlugin::MSOMXPlugin
01-01 20:00:10.488  1418  1934 D MS_OMX_Plugin: Get libOMX.MStar.so
01-01 20:00:10.489  1418  1934 D         : [user mode MApi_CMA_Pool_Init:224]debug    Init_Param->heap_id=27
01-01 20:00:10.489  1418  1934 I apiMMAP : get_info: E_MMAP_ID_VDEC_SUB_BITSTREAM: not fount
01-01 20:00:10.489  1418  1934 I apiMMAP : get_info: E_MMAP_ID_VDEC_FRAMEBUFFER: not fount
01-01 20:00:10.489  1418  1934 I apiMMAP : get_info: E_MMAP_ID_VDEC_SUB_FRAMEBUFFER: not fount
01-01 20:00:10.489  1418  1934 I apiMMAP : get_info: E_MMAP_ID_VDEC_SUB_BITSTREAM: not fount
01-01 20:00:10.499  1418  1934 E MS_OMX_CORE: MsOS_MPool_Mapping Fail: E_MMAP_ID_MAD_SE: 0x0, Start: 0x0, size: 434372608
01-01 20:00:10.499  1418  1934 E MS_OMX_CORE: MsOS_MPool_Mapping Fail: E_MMAP_ID_MAD_SE: 0x0, Start: 0x0, size: 434372608
01-01 20:00:10.499  1418  1934 E MS_OMX_CORE: MsOS_MPool_Mapping Fail: E_MMAP_ID_MAD_DEC: 0x0, Start: 0x0, size: 434372608
01-01 20:00:10.499  1418  1934 E MS_OMX_CORE: MsOS_MPool_Mapping Fail: E_MMAP_ID_MAD_DEC: 0x0, Start: 0x0, size: 434372608
01-01 20:00:10.499  1418  1934 E MS_OMX_CORE: MsOS_MPool_Mapping Fail: E_MMAP_ID_MAD_COMMON: 0x0, Start: 0x0, size: 434372608
01-01 20:00:10.499  1418  1934 E MS_OMX_CORE: MsOS_MPool_Mapping Fail: E_MMAP_ID_MAD_COMMON: 0x0, Start: 0x0, size: 434372608
01-01 20:00:10.539  2027  2027 W System  : ClassLoader referenced unknown path: /system/app/MTvService/lib/arm64
01-01 20:00:10.559  2027  2027 I TvService: onCreate()
01-01 20:00:10.559  2027  2027 I TvService: onStartCommand()
01-01 20:00:10.588  1418  1934 I MS_OMX_CORE: ComponentName : OMX.MS.M4V.Decoder, version -..
01-01 20:00:10.588  1418  1934 E OMXNodeInstance: getExtensionIndex(e:MS.M4V.Decoder, OMX.google.android.index.storeMetaDataInBuffers) ERROR: BadParameter(0x80001005)
01-01 20:00:10.588  1418  1934 E OMXNodeInstance: setParameter(e:MS.M4V.Decoder, OMX.google.android.index.prepareForAdaptivePlayback(0x7f10000b): Output:1 en=1 max=1280x720) ERROR: BadParameter(0x80001005)
01-01 20:00:10.590  1418  1934 I MS_OMX_CORE: ComponentName : OMX.MS.H263.Decoder, version -..
01-01 20:00:10.590  1418  1934 E OMXNodeInstance: getExtensionIndex(f:MS.H263.Decoder, OMX.google.android.index.storeMetaDataInBuffers) ERROR: BadParameter(0x80001005)
01-01 20:00:10.590  1418  1934 E OMXNodeInstance: setParameter(f:MS.H263.Decoder, OMX.google.android.index.prepareForAdaptivePlayback(0x7f10000b): Output:1 en=1 max=1280x720) ERROR: BadParameter(0x80001005)
01-01 20:00:10.591  1418  1934 I MS_OMX_CORE: ComponentName : OMX.MS.AVC.Decoder, version -..
01-01 20:00:10.592  1418  1934 E OMXNodeInstance: getExtensionIndex(10:MS.AVC.Decoder, OMX.google.android.index.storeMetaDataInBuffers) ERROR: BadParameter(0x80001005)
01-01 20:00:10.593  1418  1934 I MS_OMX_CORE: ComponentName : OMX.MS.AVC.Decoder.secure, version -..
01-01 20:00:10.593  1418  1934 E OMXNodeInstance: getExtensionIndex(11:MS.AVC.Decoder.secure, OMX.google.android.index.storeMetaDataInBuffers) ERROR: BadParameter(0x80001005)
01-01 20:00:10.594  1418  1934 I MS_OMX_CORE: ComponentName : OMX.MS.HEVC.Decoder, version -..
01-01 20:00:10.594  1418  1934 E OMXNodeInstance: getExtensionIndex(12:MS.HEVC.Decoder, OMX.google.android.index.storeMetaDataInBuffers) ERROR: BadParameter(0x80001005)
01-01 20:00:10.594  1418  1934 I MS_OMX_CORE: ComponentName : OMX.MS.HEVC.Decoder.secure, version -..
01-01 20:00:10.595  1418  1934 E OMXNodeInstance: getExtensionIndex(13:MS.HEVC.Decoder.secure, OMX.google.android.index.storeMetaDataInBuffers) ERROR: BadParameter(0x80001005)
01-01 20:00:10.595  1418  1934 I MS_OMX_CORE: ComponentName : OMX.MS.HEVCDV.Decoder, version -..
01-01 20:00:10.600  1418  1934 D MSTAR_VDEC_API: DVStream: supported profile: 0
01-01 20:00:10.600  1418  1934 E OMXNodeInstance: getExtensionIndex(14:MS.HEVCDV.Decoder, OMX.google.android.index.storeMetaDataInBuffers) ERROR: BadParameter(0x80001005)
01-01 20:00:10.600  1418  1934 E OMXNodeInstance: setParameter(14:MS.HEVCDV.Decoder, OMX.google.android.index.prepareForAdaptivePlayback(0x7f10000b): Output:1 en=1 max=1280x720) ERROR: BadParameter(0x80001005)
01-01 20:00:10.600  1418  1934 I MS_OMX_CORE: ComponentName : OMX.MS.MVC.Decoder, version -..
01-01 20:00:10.600  1418  1934 E OMXNodeInstance: getExtensionIndex(15:MS.MVC.Decoder, OMX.google.android.index.storeMetaDataInBuffers) ERROR: BadParameter(0x80001005)
01-01 20:00:10.600  1418  1934 E OMXNodeInstance: setParameter(15:MS.MVC.Decoder, OMX.google.android.index.prepareForAdaptivePlayback(0x7f10000b): Output:1 en=1 max=1280x720) ERROR: BadParameter(0x80001005)
01-01 20:00:10.602  1418  1934 I MS_OMX_CORE: ComponentName : OMX.MS.MPEG2.Decoder, version -..
01-01 20:00:10.602  1418  1934 E OMXNodeInstance: getExtensionIndex(16:MS.MPEG2.Decoder, OMX.google.android.index.storeMetaDataInBuffers) ERROR: BadParameter(0x80001005)
01-01 20:00:10.602  1418  1934 E OMXNodeInstance: setParameter(16:MS.MPEG2.Decoder, OMX.google.android.index.prepareForAdaptivePlayback(0x7f10000b): Output:1 en=1 max=1280x720) ERROR: BadParameter(0x80001005)
01-01 20:00:10.603  1418  1934 I MS_OMX_CORE: ComponentName : OMX.MS.VP8.Decoder, version -..
01-01 20:00:10.603  1418  1934 E OMXNodeInstance: getExtensionIndex(17:MS.VP8.Decoder, OMX.google.android.index.storeMetaDataInBuffers) ERROR: BadParameter(0x80001005)
01-01 20:00:10.603  1418  1934 E OMXNodeInstance: setParameter(17:MS.VP8.Decoder, OMX.google.android.index.prepareForAdaptivePlayback(0x7f10000b): Output:1 en=1 max=1280x720) ERROR: BadParameter(0x80001005)
01-01 20:00:10.604  1418  1934 I MS_OMX_CORE: ComponentName : OMX.MS.VP9.Decoder, version -..
01-01 20:00:10.605  1418  1934 E OMXNodeInstance: getExtensionIndex(18:MS.VP9.Decoder, OMX.google.android.index.storeMetaDataInBuffers) ERROR: BadParameter(0x80001005)
01-01 20:00:10.606  1418  1934 I MS_OMX_CORE: ComponentName : OMX.MS.VP9.Decoder.secure, version -..
01-01 20:00:10.606  1418  1934 E OMXNodeInstance: getExtensionIndex(19:MS.VP9.Decoder.secure, OMX.google.android.index.storeMetaDataInBuffers) ERROR: BadParameter(0x80001005)
01-01 20:00:10.607  1418  1934 I MS_OMX_CORE: ComponentName : OMX.MS.DIVX311.Decoder, version -..
01-01 20:00:10.607  1418  1934 E OMXNodeInstance: getExtensionIndex(1a:MS.DIVX311.Decoder, OMX.google.android.index.storeMetaDataInBuffers) ERROR: BadParameter(0x80001005)
01-01 20:00:10.607  1418  1934 E OMXNodeInstance: setParameter(1a:MS.DIVX311.Decoder, OMX.google.android.index.prepareForAdaptivePlayback(0x7f10000b): Output:1 en=1 max=1280x720) ERROR: BadParameter(0x80001005)
01-01 20:00:10.608  1418  1934 I MS_OMX_CORE: ComponentName : OMX.MS.DIVX412.Decoder, version -..
01-01 20:00:10.608  1418  1934 E OMXNodeInstance: getExtensionIndex(1b:MS.DIVX412.Decoder, OMX.google.android.index.storeMetaDataInBuffers) ERROR: BadParameter(0x80001005)
01-01 20:00:10.608  1418  1934 E OMXNodeInstance: setParameter(1b:MS.DIVX412.Decoder, OMX.google.android.index.prepareForAdaptivePlayback(0x7f10000b): Output:1 en=1 max=1280x720) ERROR: BadParameter(0x80001005)
01-01 20:00:10.609  1418  1934 I MS_OMX_CORE: ComponentName : OMX.MS.FLV.Decoder, version -..
01-01 20:00:10.609  1418  1934 E OMXNodeInstance: getExtensionIndex(1c:MS.FLV.Decoder, OMX.google.android.index.storeMetaDataInBuffers) ERROR: BadParameter(0x80001005)
01-01 20:00:10.609  1418  1934 E OMXNodeInstance: setParameter(1c:MS.FLV.Decoder, OMX.google.android.index.prepareForAdaptivePlayback(0x7f10000b): Output:1 en=1 max=1280x720) ERROR: BadParameter(0x80001005)
01-01 20:00:10.609  1850  1891 D VoldConnector: RCV <- {200 3 Command succeeded}
01-01 20:00:10.609  1850  1890 E VoldConnector: NDC Command {3 volume mount emulated 3 -1} took too long (502ms)
01-01 20:00:10.610  1418  1934 I MS_OMX_CORE: ComponentName : OMX.MS.VC1.Decoder, version -..
01-01 20:00:10.610  1418  1934 E OMXNodeInstance: getExtensionIndex(1d:MS.VC1.Decoder, OMX.google.android.index.storeMetaDataInBuffers) ERROR: BadParameter(0x80001005)
01-01 20:00:10.610  1418  1934 E OMXNodeInstance: setParameter(1d:MS.VC1.Decoder, OMX.google.android.index.prepareForAdaptivePlayback(0x7f10000b): Output:1 en=1 max=1280x720) ERROR: BadParameter(0x80001005)
01-01 20:00:10.611  1418  1934 I MS_OMX_CORE: ComponentName : OMX.MS.VC1.Decoder, version -..
01-01 20:00:10.611  1418  1934 E OMXNodeInstance: getExtensionIndex(1e:MS.VC1.Decoder, OMX.google.android.index.storeMetaDataInBuffers) ERROR: BadParameter(0x80001005)
01-01 20:00:10.611  1418  1934 E OMXNodeInstance: setParameter(1e:MS.VC1.Decoder, OMX.google.android.index.prepareForAdaptivePlayback(0x7f10000b): Output:1 en=1 max=1280x720) ERROR: BadParameter(0x80001005)
01-01 20:00:10.613  1418  1934 I MS_OMX_CORE: ComponentName : OMX.MS.WMV3.Decoder, version -..
01-01 20:00:10.613  1418  1934 E OMXNodeInstance: getExtensionIndex(1f:MS.WMV3.Decoder, OMX.google.android.index.storeMetaDataInBuffers) ERROR: BadParameter(0x80001005)
01-01 20:00:10.613  1418  1934 E OMXNodeInstance: setParameter(1f:MS.WMV3.Decoder, OMX.google.android.index.prepareForAdaptivePlayback(0x7f10000b): Output:1 en=1 max=1280x720) ERROR: BadParameter(0x80001005)
01-01 20:00:10.613  1418  1934 I MS_OMX_CORE: ComponentName : OMX.MS.MJPG.Decoder, version -..
01-01 20:00:10.614  1418  1934 E OMXNodeInstance: getExtensionIndex(20:MS.MJPG.Decoder, OMX.google.android.index.storeMetaDataInBuffers) ERROR: BadParameter(0x80001005)
01-01 20:00:10.614  1418  1934 E OMXNodeInstance: setParameter(20:MS.MJPG.Decoder, OMX.google.android.index.prepareForAdaptivePlayback(0x7f10000b): Output:1 en=1 max=1280x720) ERROR: BadParameter(0x80001005)
01-01 20:00:10.614  1418  1934 I MS_OMX_CORE: ComponentName : OMX.MS.AVS.Decoder, version -..
01-01 20:00:10.614  1418  1934 E OMXNodeInstance: getExtensionIndex(21:MS.AVS.Decoder, OMX.google.android.index.storeMetaDataInBuffers) ERROR: BadParameter(0x80001005)
01-01 20:00:10.614  1418  1934 E OMXNodeInstance: setParameter(21:MS.AVS.Decoder, OMX.google.android.index.prepareForAdaptivePlayback(0x7f10000b): Output:1 en=1 max=1280x720) ERROR: BadParameter(0x80001005)
01-01 20:00:10.614  1418  1934 I MS_OMX_CORE: ComponentName : OMX.MS.RV.Decoder, version -..
01-01 20:00:10.615  1418  1934 E OMXNodeInstance: getExtensionIndex(22:MS.RV.Decoder, OMX.google.android.index.storeMetaDataInBuffers) ERROR: BadParameter(0x80001005)
01-01 20:00:10.615  1418  1934 E OMXNodeInstance: setParameter(22:MS.RV.Decoder, OMX.google.android.index.prepareForAdaptivePlayback(0x7f10000b): Output:1 en=1 max=1280x720) ERROR: BadParameter(0x80001005)
01-01 20:00:10.619  1418  1934 E OMXNodeInstance: setParameter(23:google.mstmp3.decoder, ParamStandardComponentRole(0x1000017)) ERROR: Undefined(0x80001001)
01-01 20:00:10.619  1418  1934 W OMXCodec: Failed to set standard component role 'audio_decoder.mp1'.
01-01 20:00:10.623  1418  1934 W MediaCodecList: ignoring Limit specified outside of a Type
01-01 20:00:10.623  1418  1934 I MS_OMX_CORE: ComponentName : OMX.MS.MP3.Decoder, version -..
01-01 20:00:10.623  1418  1934 I         : <<android>>      MApi_AUDIO_WritePreInitTable() : doesn't need to init again
01-01 20:00:10.623  1418  1934 E         : <<android>>      MDrv_AUDIO_PCM_Init: Init PCM device
01-01 20:00:10.623  1418  1934 E         : <<android>>      MDrv_AUDIO_PCM_Init: already initialized
