01-01 20:00:05.431  1551  1551 I tvos    : PA=0X       0, VA=0X       0, Size=0X       0, IsMIU0=0, MIU=0 IsCMA=0 of E_MMSDK_BUF_PHOTO_DISPLAY
01-01 20:00:05.431  1551  1551 I tvos    : PA=0X       0, VA=0X       0, Size=0X       0, IsMIU0=0, MIU=0 IsCMA=0 of E_MMSDK_BUF_PHOTO_DISPLAY_MPO
01-01 20:00:05.432  1551  1551 I tvos    : PA=0X81100000, VA=0XD0700000, Size=0X  500000, IsMIU0=0, MIU=1 IsCMA=1 of E_MMSDK_BUF_PHOTO_INTERNAL
01-01 20:00:05.432  1551  1551 I tvos    : PA=0X81100000, VA=0XD0700000, Size=0X  100000, IsMIU0=0, MIU=1 IsCMA=0 of E_MMSDK_BUF_PHOTO_MEMORY_POOL
01-01 20:00:05.432  1551  1551 I tvos    : PA=0X80C00000, VA=0XD0200000, Size=0X  400000, IsMIU0=0, MIU=1 IsCMA=1 of E_MMSDK_BUF_PHOTO_OUTPUT
01-01 20:00:05.432  1551  1551 I tvos    : PA=0X       0, VA=0X       0, Size=0X       0, IsMIU0=0, MIU=0 IsCMA=0 of E_MMSDK_BUF_PHOTO_PROGRESSIVE
01-01 20:00:05.432  1551  1551 I tvos    : PA=0X81000000, VA=0XD0600000, Size=0X  100000, IsMIU0=0, MIU=1 IsCMA=1 of E_MMSDK_BUF_PHOTO_READ
01-01 20:00:05.432  1551  1551 I tvos    : PA=0X       0, VA=0X       0, Size=0X       0, IsMIU0=0, MIU=0 IsCMA=0 of E_MMSDK_BUF_PHOTO_SHAREMEMORY
01-01 20:00:05.432  1551  1551 I tvos    : PA=0X 8401000, VA=0XEEF91000, Size=0X  3FF000, IsMIU0=1, MIU=0 IsCMA=0 of E_MMSDK_BUF_VDPLAYER_AEON_DATA
01-01 20:00:05.432  1551  1551 I tvos    : PA=0X       0, VA=0X       0, Size=0X       0, IsMIU0=0, MIU=0 IsCMA=0 of E_MMSDK_BUF_VDPLAYER_BITSTREAM_AUDIO
01-01 20:00:05.432  1551  1551 I tvos    : PA=0X       0, VA=0X       0, Size=0X       0, IsMIU0=0, MIU=0 IsCMA=0 of E_MMSDK_BUF_VDPLAYER_BITSTREAM_SUBTITLE
01-01 20:00:05.432  1551  1551 I tvos    : PA=0X 8800000, VA=0XEF390000, Size=0X  400000, IsMIU0=1, MIU=0 IsCMA=0 of E_MMSDK_BUF_VDPLAYER_BITSTREAM_VIDEO
01-01 20:00:05.432  1551  1551 I tvos    : PA=0X       0, VA=0X       0, Size=0X       0, IsMIU0=0, MIU=0 IsCMA=0 of E_MMSDK_BUF_VDPLAYER_LOADCODE
01-01 20:00:05.432  1551  1551 I tvos    : PA=0X 8400000, VA=0XEEF90000, Size=0X    1000, IsMIU0=1, MIU=0 IsCMA=0 of E_MMSDK_BUF_VDPLAYER_SHAREMEMORY
01-01 20:00:05.432  1551  1551 I tvos    : PA=0X       0, VA=0X       0, Size=0X       0, IsMIU0=0, MIU=0 IsCMA=0 of E_MMSDK_BUF_SUBTITLE_FONT_TABLE
01-01 20:00:05.432  1551  1551 I tvos    : PA=0X       0, VA=0X       0, Size=0X       0, IsMIU0=0, MIU=0 IsCMA=0 of E_MMSDK_BUF_SUBTITLE_PUSH
01-01 20:00:05.432  1551  1551 I tvos    : PA=0X   A0000, VA=0XD8190000, Size=0X   70000, IsMIU0=1, MIU=0 IsCMA=0 of E_MMSDK_BUF_DEMUX_SEC
01-01 20:00:05.432  1551  1551 I tvos    : PA=0X       0, VA=0X       0, Size=0X       0, IsMIU0=0, MIU=0 IsCMA=0 of E_MMSDK_BUF_MAD_DECODE
01-01 20:00:05.432  1551  1551 I tvos    : PA=0X80000000, VA=0XCF800000, Size=0X  200000, IsMIU0=0, MIU=1 IsCMA=0 of E_MMSDK_BUF_VDEC_CPU
01-01 20:00:05.432  1551  1551 I tvos    : PA=0X       0, VA=0X       0, Size=0X       0, IsMIU0=0, MIU=0 IsCMA=0 of E_MMSDK_BUF_VDEC_FRAMEBUFFER
01-01 20:00:05.432  1551  1551 I tvos    : PA=0X       0, VA=0X       0, Size=0X       0, IsMIU0=0, MIU=0 IsCMA=0 of E_MMSDK_BUF_VDEC_SUB_FRAMEBUFFER
01-01 20:00:05.432  1551  1551 I tvos    : PA=0X       0, VA=0X       0, Size=0X       0, IsMIU0=0, MIU=0 IsCMA=0 of E_MMSDK_BUF_VDEC_FRAMEBUFFER_MVC
01-01 20:00:05.432  1551  1551 I tvos    : PA=0X       0, VA=0X       0, Size=0X       0, IsMIU0=0, MIU=0 IsCMA=0 of E_MMSDK_BUF_VDEC_FRAMEBUFFER_SD
01-01 20:00:05.432  1551  1551 I tvos    : PA=0X80400000, VA=0XCFA00000, Size=0X  800000, IsMIU0=0, MIU=1 IsCMA=1 of E_MMSDK_BUF_VDEC_STREAMBUFFER
01-01 20:00:05.432  1551  1551 I tvos    : PA=0X       0, VA=0X       0, Size=0X       0, IsMIU0=0, MIU=0 IsCMA=0 of E_MMSDK_BUF_VDEC_SUB_STREAMBUFFER
01-01 20:00:05.432  1551  1551 I tvos    : PA=0X       0, VA=0X       0, Size=0X       0, IsMIU0=0, MIU=0 IsCMA=0 of E_MMSDK_BUF_VDEC_STREAMBUFFER_MVC
01-01 20:00:05.432  1551  1551 I tvos    : PA=0X       0, VA=0X       0, Size=0X       0, IsMIU0=0, MIU=0 IsCMA=0 of E_MMSDK_BUF_XC_MAIN_FB
01-01 20:00:05.432  1551  1551 I tvos    : PA=0X       0, VA=0X       0, Size=0X       0, IsMIU0=0, MIU=0 IsCMA=0 of E_MMSDK_BUF_PHY_ADDR_FOR_COPY_DATA
01-01 20:00:05.432  1551  1551 I tvos    : PA=0X       0, VA=0X       0, Size=0X       0, IsMIU0=0, MIU=0 IsCMA=0 of E_MMSDK_BUF_VDEC_GN_IAP
01-01 20:00:05.432  1551  1551 I tvos    : PA=0X       0, VA=0X       0, Size=0X       0, IsMIU0=0, MIU=0 IsCMA=0 of E_MMSDK_BUF_TTX_VE
01-01 20:00:05.432  1551  1551 I tvos    : Error pstMemInfo=0xd37fe380, stBufIDInfo.pstMemInfo=(nil)
01-01 20:00:05.432  1551  1551 I tvos    : PA=0X       0, VA=0X       0, Size=0X       0, IsMIU0=0, MIU=0 IsCMA=0 of E_MMSDK_BUF_VDEC_STREAMBUFFER_SD
01-01 20:00:05.432  1551  1551 I tvos    : Error pstMemInfo=0xd37fe380, stBufIDInfo.pstMemInfo=(nil)
01-01 20:00:05.432  1551  1551 I tvos    : PA=0X       0, VA=0X       0, Size=0X       0, IsMIU0=0, MIU=0 IsCMA=0 of E_MMSDK_BUF_PHOTO_ROTATE
01-01 20:00:05.432  1551  1551 I tvos    : PA=0X 9200000, VA=0XEFD90000, Size=0X 6000000, IsMIU0=1, MIU=0 IsCMA=0 of E_MMSDK_BUF_VDEC_FRAMEBUFFER_EVD_EXT
01-01 20:00:05.432  1551  1551 I tvos    : Error pstMemInfo=0xd37fe380, stBufIDInfo.pstMemInfo=(nil)
01-01 20:00:05.432  1551  1551 I tvos    : PA=0X       0, VA=0X       0, Size=0X       0, IsMIU0=0, MIU=0 IsCMA=0 of 
01-01 20:00:05.432  1551  1551 I tvos    : Error pstMemInfo=0xd37fe380, stBufIDInfo.pstMemInfo=(nil)
01-01 20:00:05.432  1551  1551 I tvos    : PA=0X       0, VA=0X       0, Size=0X       0, IsMIU0=0, MIU=0 IsCMA=0 of 
01-01 20:00:05.432  1551  1551 I tvos    : Error pstMemInfo=0xd37fe380, stBufIDInfo.pstMemInfo=(nil)
01-01 20:00:05.432  1551  1551 I tvos    : PA=0X       0, VA=0X       0, Size=0X       0, IsMIU0=0, MIU=0 IsCMA=0 of 
01-01 20:00:05.432  1551  1551 I tvos    : Error pstMemInfo=0xd37fe420, stBufIDInfo.pstMemInfo=(nil)
01-01 20:00:05.433  1551  1551 I tvos    : Error pstMemInfo=0xd37fe420, stBufIDInfo.pstMemInfo=(nil)
01-01 20:00:05.433  1551  1551 I tvos    : PA=0X       0, VA=0X       0, Size=0X       0, MIU=0 NotCMA:0 of E_MMSDK_BUF_XC_MAIN_FB
01-01 20:00:05.433  1551  1551 I tvos    : PA=0X 8401000, VA=0XEEF91000, Size=0X  3FF000, MIU=0 NotCMA:0 of E_MMSDK_BUF_VDPLAYER_AEON_DATA
01-01 20:00:05.433  1551  1551 I tvos    : PA=0X 8400000, VA=0XEEF90000, Size=0X    1000, MIU=0 NotCMA:0 of E_MMSDK_BUF_VDPLAYER_SHAREMEMORY
01-01 20:00:05.433  1551  1551 I tvos    : PA=0X 8800000, VA=0XEF390000, Size=0X  400000, MIU=0 NotCMA:0 of E_MMSDK_BUF_VDPLAYER_BITSTREAM_VIDEO
01-01 20:00:05.433  1551  1551 I tvos    : PA=0X       0, VA=0X       0, Size=0X       0, MIU=0 NotCMA:0 of E_MMSDK_BUF_VDPLAYER_BITSTREAM_AUDIO
01-01 20:00:05.433  1551  1551 I tvos    : PA=0X       0, VA=0X       0, Size=0X       0, MIU=0 NotCMA:0 of E_MMSDK_BUF_VDPLAYER_BITSTREAM_SUBTITLE
01-01 20:00:05.433  1551  1551 I tvos    : PA=0X       0, VA=0X       0, Size=0X       0, MIU=0 NotCMA:0 of E_MMSDK_BUF_PHY_ADDR_FOR_COPY_DATA
01-01 20:00:05.433  1551  1551 I tvos    : PA=0X       0, VA=0X       0, Size=0X       0, MIU=0 NotCMA:0 of E_MMSDK_BUF_SUBTITLE_PUSH
01-01 20:00:05.433  1551  1551 I tvos    : PA=0X       0, VA=0X       0, Size=0X       0, MIU=0 NotCMA:0 of E_MMSDK_BUF_TTX_VE
01-01 20:00:05.433  1551  1551 I tvos    : PA=0X       0, VA=0X       0, Size=0X       0, MIU=0 NotCMA:0 of E_MMSDK_BUF_MAD_DECODE
01-01 20:00:05.433  1551  1551 I tvos    : PA=0X80000000, VA=0XCF800000, Size=0X  200000, MIU=1 NotCMA:0 of E_MMSDK_BUF_VDEC_CPU
01-01 20:00:05.433  1551  1551 I tvos    : PA=0X       0, VA=0X       0, Size=0X       0, MIU=0 NotCMA:0 of E_MMSDK_BUF_VDEC_FRAMEBUFFER
01-01 20:00:05.433  1551  1551 I tvos    : PA=0X       0, VA=0X       0, Size=0X       0, MIU=0 NotCMA:0 of E_MMSDK_BUF_VDEC_SUB_FRAMEBUFFER
01-01 20:00:05.433  1551  1551 I tvos    : PA=0X       0, VA=0X       0, Size=0X       0, MIU=0 NotCMA:0 of E_MMSDK_BUF_VDEC_FRAMEBUFFER_SD
01-01 20:00:05.433  1551  1551 I tvos    : PA=0X80400000, VA=0XCFA00000, Size=0X  800000, MIU=1 CMA:27 of E_MMSDK_BUF_VDEC_STREAMBUFFER
01-01 20:00:05.433  1551  1551 I tvos    : PA=0X       0, VA=0X       0, Size=0X       0, MIU=0 NotCMA:0 of E_MMSDK_BUF_VDEC_SUB_STREAMBUFFER
01-01 20:00:05.433  1551  1551 I tvos    : PA=0X80400000, VA=0XCFA00000, Size=0X  800000, MIU=1 NotCMA:0 of E_MMSDK_BUF_VDEC_STREAMBUFFER_SD
01-01 20:00:05.433  1551  1551 I tvos    : PA=0X       0, VA=0X       0, Size=0X       0, MIU=0 NotCMA:0 of E_MMSDK_BUF_VDEC_FRAMEBUFFER_MVC
01-01 20:00:05.433  1551  1551 I tvos    : PA=0X       0, VA=0X       0, Size=0X       0, MIU=0 NotCMA:0 of E_MMSDK_BUF_VDEC_STREAMBUFFER_MVC
01-01 20:00:05.433  1551  1551 I tvos    : PA=0X   A0000, VA=0XD8190000, Size=0X   70000, MIU=0 NotCMA:0 of E_MMSDK_BUF_DEMUX_SEC
01-01 20:00:05.433  1551  1551 I tvos    : PA=0X       0, VA=0X       0, Size=0X       0, MIU=0 NotCMA:0 of E_MMSDK_BUF_VDEC_GN_IAP
01-01 20:00:05.433  1551  1551 I tvos    : PA=0X 9200000, VA=0XEFD90000, Size=0X 6000000, MIU=0 NotCMA:0 of E_MMSDK_BUF_VDEC_FRAMEBUFFER_EVD_EXT
01-01 20:00:05.433  1551  1551 I tvos    : PA=0X       0, VA=0X       0, Size=0X       0, MIU=0 NotCMA:0 of E_MMSDK_BUF_VDPLAYER_AEON_DATA_EXT
01-01 20:00:05.433  1551  1551 I tvos    : Map PA:0X08800000 Size:0X00400000
01-01 20:00:05.433  1551  1551 I tvos    : Please implement PT_Display_MvopSendCommand() to avoid call MDrv_MVOP_SetCommand() directly
01-01 20:00:05.433  1551  1551 I tvos    : m_bIsSupportMultiMiu=1
01-01 20:00:05.433  1551  1551 I tvos    : Resume Info
01-01 20:00:05.433  1551  1551 I tvos    :  Title=0
01-01 20:00:05.433  1551  1551 I tvos    :  Edition=0
01-01 20:00:05.433  1551  1551 I tvos    :  Audio=0
01-01 20:00:05.433  1551  1551 I tvos    :  Subtitle=0
01-01 20:00:05.433  1551  1551 I tvos    :  Program=0
01-01 20:00:05.433  1551  1551 I tvos    :  Resume Time=0(ms)
01-01 20:00:05.433  1551  1551 I tvos    : ENABLE AUDIO HANDLER.
01-01 20:00:05.434  1551  1551 I tvos    : >>>GetDRMSetting From EEPROM
01-01 20:00:05.434  1551  1551 I tvos    : >>>>  DRM start  DRM MODEL ID  0x3031
01-01 20:00:05.434  1551  1551 I tvos    : LoadDRMMemory();
01-01 20:00:05.434  1551  1551 I tvos    : Display Msg: 37.
01-01 20:00:05.434  1551  1551 I tvos    : Enable TS Subtitle codec state  1
01-01 20:00:05.443  1551  1551 I tvos    : app12:ShareMemKeyNum = 5
01-01 20:00:05.444  1551  1551 I tvos    : setShareMemInfo(0x000003ae, 0x00000001)
01-01 20:00:05.444  1551  1551 I tvos    : setShareMemInfo(0x000002cd, 0x00000000)
01-01 20:00:05.444  1551  1551 I tvos    : setShareMemInfo(0x000003c6, 0x00400000)
01-01 20:00:05.444  1551  1551 I tvos    : setShareMemInfo(0x000003d4, 0x00000001)
01-01 20:00:05.444  1551  1551 I tvos    : setShareMemInfo(0x0000030a, 0x00060000)
01-01 20:00:05.444  1551  1551 I tvos    : PT_Audio_GetUnsupportAudioCodec() had not been implemented.
01-01 20:00:05.444  1551  1551 I tvos    : videoCreateMedia Done.
01-01 20:00:05.444  1551  1551 I tvos    : Create CP Ccodec Video Media Done.
01-01 20:00:05.444  1551  1551 I tvos    : MM_CreateMediaItem done
01-01 20:00:05.461  1551  1551 I tvos    : vdplayer git branch:origin/master 
01-01 20:00:05.461  1551  1551 I tvos    : vdplayer git version:2401eff5d693c4bbb19e1df558493be3a634dffc 
01-01 20:00:05.461  1551  1551 I tvos    : vdplayer Build Date:Sep 29 2017 02:11:08
01-01 20:00:05.461  1551  1551 I tvos    : FRAMEBUFFER_BALANCE_BW Buffer: 0x9200000, Size 0x6000000
01-01 20:00:05.461  1551  1551 I tvos    : 0036927200c6
01-01 20:00:05.461  1551  1551 I tvos    : Auth OK
01-01 20:00:05.461  1551  1551 I tvos    : [SYS] Unknown query!
01-01 20:00:05.461  1551  1551 I tvos    : [SYS] Unknown query!
01-01 20:00:05.461  1551  1551 I tvos    : Check S/W IP Statue
01-01 20:00:05.461  1551  1551 I tvos    : [0]:OFF; [1]:OFF; [2]:OFF; [3]:OFF
01-01 20:00:05.461  1551  1551 I tvos    : [4]:OFF; [5]:OFF; [6]:OFF; [7]:OFF
01-01 20:00:05.461  1551  1551 I tvos    : [8]:OFF; [9]:OFF; [10]:OFF; [11]:ON
01-01 20:00:05.461  1551  1551 I tvos    : [12]:OFF; [13]:OFF; [14]:OFF; [15]:OFF
01-01 20:00:05.461  1551  1551 I tvos    : [16]:OFF; [17]:OFF; [18]:OFF; [19]:ON
01-01 20:00:05.461  1551  1551 I tvos    : [20]:ON; [21]:ON; [22]:ON; [23]:ON
01-01 20:00:05.461  1551  1551 I tvos    : [SYS] Unknown query!
01-01 20:00:05.461  1551  1551 I tvos    : [24]:OFF; [25]:OFF; [26]:OFF; [27]:ON
01-01 20:00:05.461  1551  1551 I tvos    : [28]:ON; [29]:ON; [30]:OFF; [31]:OFF
01-01 20:00:05.461  1551  1551 I tvos    : [32]:OFF; [33]:ON; [34]:ON; [35]:OFF
01-01 20:00:05.461  1551  1551 I tvos    : [SYS] Unknown query!
01-01 20:00:05.461  1551  1551 I tvos    : [36]:OFF; [37]:OFF; [38]:OFF; [39]:ON
01-01 20:00:05.461  1551  1551 I tvos    : [40]:ON; [41]:OFF; [42]:OFF; [43]:OFF
01-01 20:00:05.461  1551  1551 I tvos    : [44]:OFF; [45]:OFF; [46]:OFF; [47]:OFF
01-01 20:00:05.461  1551  1551 I tvos    : [48]:OFF; [49]:OFF; [50]:OFF; [51]:OFF
01-01 20:00:05.461  1551  1551 I tvos    : [52]:OFF; [53]:OFF; [54]:OFF; [55]:OFF
01-01 20:00:05.461  1551  1551 I tvos    : [56]:OFF; [57]:OFF; [58]:OFF; [59]:OFF
01-01 20:00:05.461  1551  1551 I tvos    : [60]:OFF; [61]:ON; [62]:OFF; [63]:OFF
01-01 20:00:05.461  1551  1551 I tvos    : [64]:OFF; [65]:ON; [66]:OFF; [67]:OFF
01-01 20:00:05.461  1551  1551 I tvos    : [68]:OFF; [69]:OFF; [70]:ON; [71]:OFF
01-01 20:00:05.461  1551  1551 I tvos    : [72]:OFF; [73]:OFF; [74]:OFF; [75]:ON
01-01 20:00:05.461  1551  1551 I tvos    : [76]:OFF; [77]:ON; [78]:OFF; [79]:OFF
01-01 20:00:05.461  1551  1551 I tvos    : [80]:OFF; [81]:OFF; [82]:OFF; [83]:OFF
01-01 20:00:05.461  1551  1551 I tvos    : [84]:OFF; [85]:OFF; [86]:OFF; [87]:OFF
01-01 20:00:05.461  1551  1551 I tvos    : [88]:OFF; [89]:OFF; [90]:OFF; [91]:ON
01-01 20:00:05.461  1551  1551 I tvos    : [SYS] Unknown query!
01-01 20:00:05.461  1444  1444 E Minikin : addFont failed to create font /system/fonts/NanumGothic.ttf
01-01 20:00:05.461  1444  1444 E Minikin : addFont failed to create font /system/fonts/DroidSansFallback.ttf
01-01 20:00:05.462  1444  1444 E Minikin : addFont failed to create font /system/fonts/MTLmr3m.ttf
01-01 20:00:05.462  1551  1551 I tvos    : E_SHAREMEM_IS_TEE 0x0
01-01 20:00:05.478  1551  1551 I tvos    : [CEC] Protocol init => Try to find the logical address for this TV.
01-01 20:00:05.478  1551  1551 I tvos    : [CEC] FindMyAddress [retry = 0] => Bus is busy or not.
01-01 20:00:05.488  1551  1551 I tvos    : File format : TS
01-01 20:00:05.488  1551  1551 I tvos    : TSP HW: 0x1001 (0)
01-01 20:00:05.525  1551  1551 I tvos    : Bitrate = 2223737 Byte/s, Duration = 11978 ms, DynamicMuxrate: 0
01-01 20:00:05.525  1551  1551 I tvos    : PackSize = 64512 Byte.
01-01 20:00:05.530  1551  1551 I tvos    : ==============================================================================================
01-01 20:00:05.530  1551  1551 I tvos    : Data:MIU0; Bits:MIU0; MAD:MIU0; MVD:MIU1; SVD:MIU1; FB:MIU2; TSP:MIU0; FBL:No
01-01 20:00:05.530  1551  1551 I tvos    : Bit Buffer:0xef390000(0x8800000)     Size:0x0
01-01 20:00:05.530  1551  1551 I tvos    : Subtitle Bit Buf:0xed70e000(0x0)     Size:0x0
01-01 20:00:05.530  1551  1551 I tvos    : MAD Buffer:0xd9cde000
01-01 20:00:05.530  1551  1551 I tvos    : MADExt Buffer:0xef590000(0x8a00000)  Size:0x0
01-01 20:00:05.530  1551  1551 I tvos    : VDEC FW Buffer:0xcf800000(0x80000000)        Size:0x0
01-01 20:00:05.530  1551  1551 I tvos    : ERROR!!! CAN'T SUCCESSFULLY CONVERT FROM VA(0) TO PA(0)
01-01 20:00:05.530  1551  1551 I tvos    : Frame Buffer:0x0(0xffffffff) Size:0x0
01-01 20:00:05.530  1551  1551 I tvos    : MVD Buffer:0xcfa00000(0x80400000)    Size:0x0
01-01 20:00:05.530  1551  1551 I tvos    : TSP FW Buffer:0xd8190000(0xa0000)    Size:0x0
01-01 20:00:05.530  1551  1551 I tvos    : Data Buffer:0x8401000        Size:0x3ff000
01-01 20:00:05.530  1551  1551 I tvos    : Attached File Buffer Size:0xffffffff
01-01 20:00:05.530  1551  1551 I tvos    : -> Demuxer:0x862b000 Size:0x1d5000
01-01 20:00:05.530  1551  1551 I tvos    : -> SeqHeader:0xeef91000      Size:0x1000
01-01 20:00:05.530  1551  1551 I tvos    : -> MOV Table:0xeefbb000      Size:0x200000
01-01 20:00:05.530  1551  1551 I tvos    : -> MOV Static:0x0    Size:0x102000
01-01 20:00:05.530  1551  1551 I tvos    : -> DRM Payload:0xeef95000    Size:0x4000
01-01 20:00:05.530  1551  1551 I tvos    : -> DRM Playback Context:0xeef99000   Size:0x1000
01-01 20:00:05.530  1551  1551 I tvos    : -> MADExtend:0xeef9b000      Size:0x20000
01-01 20:00:05.530  1551  1551 I tvos    : -> NonCache Area:0xeef9a000  Size:0x1000
01-01 20:00:05.530  1551  1551 I tvos    : -> Reserved Size:0x0
01-01 20:00:05.530  1551  1551 I tvos    : -> DSExtend:0x0      Size:0x0
01-01 20:00:05.530  1551  1551 I tvos    : ==============================================================================================
01-01 20:00:05.530  1551  1551 I tvos    : Audio Handler is ON!!
01-01 20:00:05.530  1551  1551 I tvos    : Subtitle Handler is ON!!
01-01 20:00:05.530  1551  1551 I tvos    : [SYS] Unknown query!
01-01 20:00:05.530  1551  1551 I tvos    : [SYS] Unknown query!
01-01 20:00:05.530  1551  1551 I tvos    : MB_VDPLAYER_TTX_INIT_DEINIT.
01-01 20:00:05.535  1551  1551 I tvos    : =========> vdec_u8Idx=0x0, u32VdecStreamId=04040
01-01 20:00:05.535  1551  1551 I tvos    : VDEC not support VDEC_CAP_BUFFER_INFO
01-01 20:00:05.535  1551  1551 I tvos    : [user mode MApi_CMA_Pool_Init:224]debug    Init_Param->heap_id=19
01-01 20:00:05.535  1551  1551 I tvos    : [VDEC][0] MApi_CMA_Pool_Init[0]: pool_handle_id=13, miu=1, offset=1800000, length=6c00000 , FrameBuffer=0, unUseSize=0
01-01 20:00:05.535  1551  1551 I tvos    : [user mode MApi_CMA_Pool_Init:224]debug    Init_Param->heap_id=20
01-01 20:00:05.535  1551  1551 I tvos    : heap_id 20 already init!
01-01 20:00:05.536  1551  1551 I tvos    : [VDEC][0] MApi_CMA_Pool_Init[1]: pool_handle_id=14, miu=0, offset=f400000, length=6000000 , FrameBuffer=0, unUseSize=0
01-01 20:00:05.536  1551  1551 I tvos    : [HAL][HAL_VPU_EX_GetCMAMemSize]:[4661] total_length:113246208, cType:1, sType:1
01-01 20:00:05.536  1551  1551 I tvos    : [HAL][HAL_VPU_EX_GetCMAMemSize]:[4670] FrameSize:31457280, offset:0, length:0
01-01 20:00:05.536  1551  1551 I tvos    : [VDEC][0][CMA]u32FrameBufSize is 0
01-01 20:00:05.542  1551  1551 I tvos    : Function = MApi_CMA_Pool_GetMem, Line = 360, alloc_param->virt_addr is 0xC8C00000
01-01 20:00:05.542  1551  1551 I tvos    : [VDEC][0]MApi_CMA_Pool_GetMem0: alloc_param.pool_handle_id=13, alloc_param.flags=4, alloc_param.offset_in_pool=0, alloc_param.length=1e00000
01-01 20:00:05.542  1551  1551 I tvos    : HAL_VPU_EX_SetDbgLevel eLevel=0x1
01-01 20:00:05.551  1551  1551 I tvos    : [HAL_VPU_EX_CPUSetting] 2494  u8MiuSel = 1  r2_miu_sel = 0x0 
01-01 20:00:05.554  1551  1551 I tvos    : [HAL_VPU_EX_TaskCreate][1836] create task : id 0x40, cmd 0x40103, arg 0x100000, bbuID 0, offset 0 
01-01 20:00:05.556  1445  1445 E Minikin : addFont failed to create font /system/fonts/NanumGothic.ttf
01-01 20:00:05.556  1445  1445 E Minikin : addFont failed to create font /system/fonts/DroidSansFallback.ttf
01-01 20:00:05.556  1445  1445 E Minikin : addFont failed to create font /system/fonts/MTLmr3m.ttf
01-01 20:00:05.559  1551  1551 I tvos    : MVD_GetFWBuffAdd err: 0x117400 out of memory boundary!
01-01 20:00:05.560  1551  1551 I tvos    : CC is OFF!
01-01 20:00:05.560  1551  1551 I tvos    : VDEC not support VDEC_CAP_HEVC_DV_XC_SHM_ADDR
01-01 20:00:05.560  1551  1551 I tvos    : Security ID, pipeLine= 0x00000000, Stream = 0x00000000, XC = 0x00000000, CreateSucess:0
01-01 20:00:05.560  1551  1551 I tvos    : DS enable = 0
01-01 20:00:05.581  1551  1551 I tvos    : *sw seraches 1st PTS after demux reset: 0, (64512) Sys:7600
01-01 20:00:05.581  1551  1551 I tvos    : FrmCnt:0(0,0,0) Sys:7605, V:9 VES:0x0 Vptr(R,W):(400000,400000)
01-01 20:00:05.601  1551  1551 I tvos    : SEQ CHANGE INFO = 0x0, disable XC reset = 0
01-01 20:00:05.601  1551  1551 I tvos    : VDEC Turn ON HDR Checking!!!
01-01 20:00:05.602  1551  1551 I tvos    : HDR Type:0x0, Addr:0x86e2000
01-01 20:00:05.602  1551  1551 I tvos    : To ask Dynscaling Size from vdec  0x0
01-01 20:00:05.602  1551  1551 I tvos    : 3D layout: 0
01-01 20:00:05.602  1551  1551 I tvos    : Size(1280x720), Disp(1280x720), Par(1x1), FrameRate:29976, Interlace:0
01-01 20:00:05.602  1551  1551 I tvos    : 1st sequence header Decode Ready!! **
01-01 20:00:05.602  1551  1551 I tvos    : video track id: 256
01-01 20:00:05.604  1551  1551 I tvos    : Video Init ok.
01-01 20:00:05.604  1551  1551 I tvos    : E_CPCODEC_MSG_INIT_OK: 7632.
01-01 20:00:05.604  1551  1551 I tvos    : ---------------------- AD_PLAY_START ----------------------
01-01 20:00:05.604  1551  1551 I tvos    : videoPlay bTimeBaseSeek 0
01-01 20:00:05.604  1551  1551 I tvos    : MM_Play done
01-01 20:00:05.607  1551  1551 I tvos    : MApp_VDPlayer_Play
01-01 20:00:05.614  1430  1730 W VIDEO   :  Mute Engine is 0, engine is 0 
01-01 20:00:05.614  1430  1730 W VIDEO   : bEnable: 1, getMuteFlag(engine, eWin): 1, 
01-01 20:00:05.614  1430  1730 W VIDEO   : BACKEND engine is 0
01-01 20:00:05.614  1430  1730 W VIDEO   : BACKEND engine video only is 0
01-01 20:00:05.614  1430  1730 W VIDEO   : SOC engine is 0
01-01 20:00:05.614  1430  1730 W VIDEO   : XC engine (MAIN) is 1
01-01 20:00:05.614  1430  1730 W VIDEO   : XC engine (SUB) is 1
01-01 20:00:05.614  1430  1730 W VIDEO   : Lock Mute Status => 
01-01 20:00:05.614  1430  1730 W VIDEO   : Lock Status: APP:UNLOCK, RESERVE_1:UNLOCK, RESERVE_2:UNLOCK, RESERVE_3:UNLOCK
01-01 20:00:05.614  1430  1730 W VIDEO   : enScalerWinType: MAIN, isLock: 0
01-01 20:00:05.614  1430  1730 W VIDEO   : Lock Status: APP:UNLOCK, RESERVE_1:UNLOCK, RESERVE_2:UNLOCK, RESERVE_3:UNLOCK
01-01 20:00:05.614  1430  1730 W VIDEO   : enScalerWinType: SUB, isLock: 0
01-01 20:00:05.614  1430  1730 W VIDEO   : ==== Increase After ====
01-01 20:00:05.614  1430  1730 W VIDEO   : BACKEND engine is 0
01-01 20:00:05.614  1430  1730 W VIDEO   : BACKEND engine video only is 0
01-01 20:00:05.614  1430  1730 W VIDEO   : SOC engine is 0
01-01 20:00:05.614  1430  1730 W VIDEO   : XC engine (MAIN) is 1
01-01 20:00:05.614  1430  1730 W VIDEO   : XC engine (SUB) is 1
01-01 20:00:05.614  1430  1730 W VIDEO   : Lock Mute Status => 
01-01 20:00:05.614  1430  1730 W VIDEO   : Lock Status: APP:UNLOCK, RESERVE_1:UNLOCK, RESERVE_2:UNLOCK, RESERVE_3:UNLOCK
01-01 20:00:05.614  1430  1730 W VIDEO   : enScalerWinType: MAIN, isLock: 0
01-01 20:00:05.614  1430  1730 W VIDEO   : Lock Status: APP:UNLOCK, RESERVE_1:UNLOCK, RESERVE_2:UNLOCK, RESERVE_3:UNLOCK
01-01 20:00:05.614  1430  1730 W VIDEO   : enScalerWinType: SUB, isLock: 0
01-01 20:00:05.616  1551  1551 I tvos    : Display Msg: 38.
01-01 20:00:05.616  1551  1551 I tvos    : Screen Setting: 1.
01-01 20:00:05.616  1551  1551 I tvos    : Set Black Screen ON.
01-01 20:00:05.616  1551  1551 I tvos    : Enter SetVideoMute =======>
01-01 20:00:05.616  1551  1551 I tvos    : =============Video set up display.
01-01 20:00:05.616  1551  1551 I tvos    : stDisplayInfo.u32OutputRate: 0.
01-01 20:00:05.616  1551  1551 I tvos    : Video is not 3D.
01-01 20:00:05.616  1551  1551 I tvos    : Display Msg: 36.
01-01 20:00:05.616  1551  1551 I tvos    : Video W: 1280, H: 720, Rate: 29976, Interlace: 0.
01-01 20:00:05.616  1551  1551 I tvos    : [      Crop] (   0,   0)(   0x   0)
01-01 20:00:05.616  1551  1551 I tvos    : [      Disp] (   0,   0)(1366x 768)
01-01 20:00:05.616  1551  1551 I tvos    : [VirtualWin] (   0,   0)(1365x 768)
01-01 20:00:05.616  1551  1551 I tvos    : ===Result===
01-01 20:00:05.616  1551  1551 I tvos    : [      Crop] (   0,   0)(1280x 720)
01-01 20:00:05.616  1551  1551 I tvos    : [      Disp] (   0,   0)(1365x 768)
01-01 20:00:05.616  1551  1551 I tvos    : Video Type: 5.
01-01 20:00:05.616  1551  1551 I tvos    : Scaler start: 0x0, size: 0x0.
01-01 20:00:05.616  1551  1551 I tvos    : ->u16FrameRate = 29976
01-01 20:00:05.616  1551  1551 I tvos    : ->u8Interlace = 0
01-01 20:00:05.616  1551  1551 I tvos    : ->u16HorSize = 1280
01-01 20:00:05.616  1551  1551 I tvos    : ->u16VerSize = 720
01-01 20:00:05.616  1551  1551 I tvos    : [CEC] FindMyAddress [retry = 0] => Check LA TV 
01-01 20:00:05.616  1551  1551 I tvos    : [CEC] FindMyAddress = TV 
01-01 20:00:05.616  1551  1551 I tvos    : [CEC] init LAaddr: 0
01-01 20:00:05.616  1551  1551 I tvos    : [CEC] My CEC Logical Address is [0]
01-01 20:00:05.674  1444  1444 I art     : Thread[1,tid=1444,Native,Thread*=0x5572a897d0,peer=0x12c2c100,"main"] recursive attempt to load library "/system/lib64/libmedia_jni.so"
01-01 20:00:05.675  1444  1444 D MtpDeviceJNI: register_android_mtp_MtpDevice
01-01 20:00:05.675  1444  1444 I art     : Thread[1,tid=1444,Native,Thread*=0x5572a897d0,peer=0x12c2c100,"main"] recursive attempt to load library "/system/lib64/libmedia_jni.so"
01-01 20:00:05.676  1444  1444 I art     : Thread[1,tid=1444,Native,Thread*=0x5572a897d0,peer=0x12c2c100,"main"] recursive attempt to load library "/system/lib64/libmedia_jni.so"
01-01 20:00:05.720  1430  1730 W XCPERF  : Start of SetWindow [7749]
01-01 20:00:05.720  1430  1730 W XCPERF  : Start of FD_MASK [7749]
01-01 20:00:05.726  1445  1445 I art     : Thread[1,tid=1445,Native,Thread*=0xab3f6820,peer=0x12c35100,"main"] recursive attempt to load library "/system/lib/libmedia_jni.so"
01-01 20:00:05.727  1445  1445 D MtpDeviceJNI: register_android_mtp_MtpDevice
01-01 20:00:05.727  1445  1445 I art     : Thread[1,tid=1445,Native,Thread*=0xab3f6820,peer=0x12c35100,"main"] recursive attempt to load library "/system/lib/libmedia_jni.so"
01-01 20:00:05.728  1445  1445 I art     : Thread[1,tid=1445,Native,Thread*=0xab3f6820,peer=0x12c35100,"main"] recursive attempt to load library "/system/lib/libmedia_jni.so"
01-01 20:00:05.729  1444  1444 E EmojiFactory_jni: Failed to load libemoji.so: dlopen failed: library "libemoji.so" not found
01-01 20:00:05.737  1430  1730 W XCPERF  : End of FD_MASK [7766]
01-01 20:00:05.737  1430  1730 W MMVIDEO : [ProgWin:855] Crop=0, 0, 0, 0 Mvop W=1280 H=720 enMirror=4
01-01 20:00:05.737  1430  1730 W MMVIDEO : [ProgWin:914] m_bVirtualBox_En=0 Cap W=1280, H=720
01-01 20:00:05.737  1430  1730 W CROP    : CropWin assigned: x,y,w,h=0,0,1280,720
01-01 20:00:05.737  1430  1730 W CROP    : DstWin assigned: x,y,w,h=0,0,1365,768
01-01 20:00:05.737  1430  1730 W CROP    : SrcWin1[Win=0]: x,y,w,h=152,18,1280,720
01-01 20:00:05.737  1430  1730 W CROP    : CropWin1: x,y,w,h=0,0,1280,720
01-01 20:00:05.737  1430  1730 W CROP    : DispWin1: x,y,w,h=0,0,1365,768
01-01 20:00:05.737  1430  1730 W CROP    : CropWin1.1: x,y,w,h=0,0,1280,720
01-01 20:00:05.738  1430  1730 W CROP    : CropWin1.2: x,y,w,h=0,0,1280,720
01-01 20:00:05.738  1430  1730 W CROP    : SrcWin2: x,y,w,h=152,18,1280,720
01-01 20:00:05.738  1430  1730 W CROP    : CropWin2: x,y,w,h=0,0,1280,720
01-01 20:00:05.738  1430  1730 W CROP    : DispWin2: x,y,w,h=0,0,1365,768
01-01 20:00:05.738  1430  1730 W CROP    : SrcWin3: x,y,w,h=152,18,1280,720
01-01 20:00:05.738  1430  1730 W CROP    : CropWin3: x,y,w,h=0,0,1280,720
01-01 20:00:05.738  1430  1730 W CROP    : DispWin3: x,y,w,h=0,0,1365,768
01-01 20:00:05.738  1430  1730 W CROP    : SrcWin5[Win=0]: x,y,w,h=152,18,1280,720
01-01 20:00:05.738  1430  1730 W CROP    : CropWin5: x,y,w,h=0,0,1280,720
01-01 20:00:05.738  1430  1730 W CROP    : DispWin5: x,y,w,h=0,0,1365,768
01-01 20:00:05.738  1430  1730 W XCPERF  : Start of XC SetWindow [7767]
01-01 20:00:05.739  1551  1551 I tvos    : === open 3D OverScan ===
01-01 20:00:05.739  1551  1551 I tvos    : [Load PQ] Panel index=1, Source index=138
01-01 20:00:05.739  1551  1551 I tvos    :  [eWindow] = 0 , FB LEVEL = 0!!!!!
01-01 20:00:05.761  1551  1551 I tvos    : Function = MApi_CMA_Pool_GetMem, Line = 360, alloc_param->virt_addr is 0xEA52E000
01-01 20:00:05.808  1551  1551 I tvos    : MVOP is 1P mode
01-01 20:00:05.808  1551  1551 I tvos    : [_MDrv_SC_check_2p_mode][9998]u16Width=1280,u16Height=720,u32Vfreqx10=299
01-01 20:00:05.809  1445  1445 E EmojiFactory_jni: Failed to load libemoji.so: dlopen failed: library "libemoji.so" not found
01-01 20:00:05.854  1430  1730 W XCPERF  : End of XC SetWindow [7883]
01-01 20:00:05.854  1430  1730 W 3D      : [EnablePWMSimulateLRToggle:10896] enable: 0, Period: 0, Duty: 0
01-01 20:00:05.855  1430  1730 W XCPERF  : Start of XC SetPanelTiming [7884]
01-01 20:00:05.887  1430  1730 W XCPERF  : End of XC SetPanelTiming [7915]
01-01 20:00:05.887  1430  1730 W XCPERF  : Start of FD_MASK [7915]
01-01 20:00:05.887  1430  1730 W XCPERF  : End of FD_MASK [7915]
01-01 20:00:05.887  1430  1730 W XCPERF  : Start of PQ [7915]
01-01 20:00:05.887  1551  1551 I tvos    : BW Window:0, PQSource:9, Hsize:1280, Vsize: 720, interlace:0, Vfreq=299
01-01 20:00:05.887  1551  1551 I tvos    : Read Bandwidthtable.bin
01-01 20:00:05.907  1551  1551 I tvos    : enPQMNRType is 1
01-01 20:00:05.912  1430  1730 W VIDEO   : [setSwdrLevel:12953][SWDR] u16DreIndex=1 u16SwdrIndex=1 bForceDisable=0 m_bEnablePCmode=0 bApplySetting=0bDRE_En=1 bDRE_SWDR_En=1 u32Version=1 u16Length=32 u16NumofData=18 eWindow=0
01-01 20:00:05.932  1430  1730 W XCPERF  : End of PQ [7960]
01-01 20:00:05.932  1430  1730 W XCPERF  : Start of CFD [7960]
01-01 20:00:05.932  1430  1730 V 3D      : Func: GetCurrent3DFormat()
01-01 20:00:05.932  1430  1730 V 3D      : Func: GetCurrent3DFormat() : return current3d=0
01-01 20:00:05.932  1551  1551 I tvos    : [Dynamic MEMC] errCode: 3
01-01 20:00:05.932  1551  1551 I tvos    :  storage xvycc do not define here  is 0 
01-01 20:00:05.936  1430  1716 E PictureManagerService: EV_EVENT_VIDEO_STATUS, wParam is 0,  lParam is 0.
01-01 20:00:05.939  1430  1730 W XCPERF  : End of CFD [7968]
01-01 20:00:05.939  1430  1730 W VIDEO   : [applySwdrSetting:13009][SWDR] SWDR_En=1
01-01 20:00:05.939  1430  1730 W XCPERF  : End of SetWindow [7968]
01-01 20:00:05.939  1551  1551 I tvos    : PT_GenericFunction::PT_MMSDK_SET_PICTURE_QUALITY is deprecated, please implement PT_MISC_Set_PQ()
01-01 20:00:05.939  1551  1551 I tvos    : MSrv_Picture::On, enAssignedInputSrc = 44
01-01 20:00:05.939  1551  1551 I tvos    :  ******** MSrv_Picture::On  Skip ***********
01-01 20:00:05.939  1551  1551 I tvos    : ---------------------- PERFORMANCE_FIRST_FRAME_DONE ----------------------
01-01 20:00:05.939  1551  1551 I tvos    : Disable FRC mode
01-01 20:00:05.942  1551  1551 I tvos    : MApi_VDEC_EX_SetControl FRC_OUTPUT Set OutputRate 30  Get OutputRate 0
01-01 20:00:05.950  1444  1444 I Zygote  : ...preloaded 3770 classes in 839ms.
01-01 20:00:05.950  1444  1444 I art     : VMRuntime.preloadDexCaches starting
01-01 20:00:05.964  1418  1418 I ServiceManager: Waiting for service media.camera.proxy...
01-01 20:00:06.028  1445  1445 I Zygote  : ...preloaded 3770 classes in 616ms.
01-01 20:00:06.028  1445  1445 I art     : VMRuntime.preloadDexCaches starting
01-01 20:00:06.046  1411  1411 E Netd    : cannot find interface dummy0
01-01 20:00:06.047  1411  1411 D MDnsDS  : MDnsSdListener::Hander starting up
01-01 20:00:06.049  1411  1844 D MDnsDS  : MDnsSdListener starting to monitor
01-01 20:00:06.049  1411  1844 D MDnsDS  : Going to poll with pollCount 1
01-01 20:00:06.071  1444  1444 I art     : VMRuntime.preloadDexCaches strings total=259473 before=42442 after=42442
01-01 20:00:06.071  1444  1444 I art     : VMRuntime.preloadDexCaches types total=21511 before=6846 after=6878
01-01 20:00:06.071  1444  1444 I art     : VMRuntime.preloadDexCaches fields total=107248 before=34803 after=34955
01-01 20:00:06.071  1444  1444 I art     : VMRuntime.preloadDexCaches methods total=181695 before=69949 after=70336
01-01 20:00:06.071  1444  1444 I art     : VMRuntime.preloadDexCaches finished
01-01 20:00:06.103  1848  1848 D idmap   : error: no read access to /vendor/overlay: No such file or directory
01-01 20:00:06.129  1445  1445 I art     : VMRuntime.preloadDexCaches strings total=259473 before=42442 after=42442
01-01 20:00:06.129  1445  1445 I art     : VMRuntime.preloadDexCaches types total=21511 before=6846 after=6878
01-01 20:00:06.129  1445  1445 I art     : VMRuntime.preloadDexCaches fields total=107248 before=34803 after=34955
01-01 20:00:06.130  1445  1445 I art     : VMRuntime.preloadDexCaches methods total=181695 before=69949 after=70336
01-01 20:00:06.130  1445  1445 I art     : VMRuntime.preloadDexCaches finished
01-01 20:00:06.140  1444  1444 I Zygote  : Preloading resources...
01-01 20:00:06.150  1849  1849 D idmap   : error: no read access to /vendor/overlay: No such file or directory
01-01 20:00:06.156  1445  1445 I Zygote  : Preloading resources...
01-01 20:00:06.188  1551  1551 I tvos    : ******Amplifier_RT9113B_SWMute(0)
01-01 20:00:06.188  1551  1551 I tvos    : 9113Bwrite fail = 6
01-01 20:00:06.313  1445  1445 I Zygote  : ...preloaded 100 resources in 156ms.
01-01 20:00:06.316  1444  1444 I Zygote  : ...preloaded 100 resources in 176ms.
01-01 20:00:06.319  1445  1445 I Zygote  : ...preloaded 35 resources in 5ms.
01-01 20:00:06.321  1444  1444 I Zygote  : ...preloaded 35 resources in 5ms.
01-01 20:00:06.324  1444  1444 D libEGL  : loaded /system/lib64/egl/libGLES_mali.so
01-01 20:00:06.326  1445  1445 D libEGL  : loaded /system/lib/egl/libGLES_mali.so
01-01 20:00:06.337  1444  1444 I Zygote  : Preloading shared libraries...
01-01 20:00:06.344  1445  1445 I Zygote  : Preloading shared libraries...
01-01 20:00:06.348  1444  1444 D Zygote  : end preload
01-01 20:00:06.349  1444  1444 I art     : Starting a blocking GC Explicit
01-01 20:00:06.356  1445  1445 D Zygote  : end preload
01-01 20:00:06.356  1445  1445 I art     : Starting a blocking GC Explicit
01-01 20:00:06.372  1444  1444 I art     : Explicit concurrent mark sweep GC freed 26984(1740KB) AllocSpace objects, 9(244KB) LOS objects, 40% free, 1482KB/2MB, paused 165us total 22.775ms
01-01 20:00:06.377  1444  1444 I art     : Starting a blocking GC Explicit
01-01 20:00:06.379  1445  1445 I art     : Explicit concurrent mark sweep GC freed 27051(1736KB) AllocSpace objects, 9(244KB) LOS objects, 41% free, 1457KB/2MB, paused 317us total 20.733ms
01-01 20:00:06.384  1445  1445 I art     : Starting a blocking GC Explicit
01-01 20:00:06.387  1444  1444 I art     : Explicit concurrent mark sweep GC freed 2169(104KB) AllocSpace objects, 0(0B) LOS objects, 42% free, 1379KB/2MB, paused 117us total 9.291ms
01-01 20:00:06.387  1444  1677 I art     : Starting a blocking GC HeapTrim
01-01 20:00:06.388  1444  1444 I art     : Starting a blocking GC Background
01-01 20:00:06.392  1445  1445 I art     : Explicit concurrent mark sweep GC freed 2169(104KB) AllocSpace objects, 0(0B) LOS objects, 43% free, 1353KB/2MB, paused 183us total 7.537ms
01-01 20:00:06.392  1445  1445 I Zygote  : Accepting command socket connections
01-01 20:00:06.424  1444  1444 I Zygote  : System server process 1850 has been created
01-01 20:00:06.425  1444  1444 I Zygote  : Accepting command socket connections
01-01 20:00:06.442  1850  1850 I Zygote  : Process: zygote socket opened, supported ABIS: armeabi-v7a,armeabi
01-01 20:00:06.443  1850  1850 I InstallerConnection: connecting...
01-01 20:00:06.443  1419  1419 I installd: new connection
01-01 20:00:06.453  1850  1850 I InstallerConnection: disconnecting...
01-01 20:00:06.453  1419  1419 E installd: eof
01-01 20:00:06.453  1419  1419 E installd: failed to read size
01-01 20:00:06.453  1419  1419 I installd: closing connection
01-01 20:00:06.482  1850  1850 I SystemServer: Entered the Android system server!
01-01 20:00:06.525  1850  1850 I SystemServiceManager: Starting com.android.server.pm.Installer
01-01 20:00:06.528  1850  1850 I Installer: Waiting for installd to be ready.
01-01 20:00:06.528  1850  1850 I InstallerConnection: connecting...
01-01 20:00:06.528  1419  1419 I installd: new connection
01-01 20:00:06.528  1850  1850 I SystemServiceManager: Starting com.android.server.am.ActivityManagerService$Lifecycle
01-01 20:00:06.557  1850  1850 I ActivityManager: Memory class: 128
01-01 20:00:06.560  1850  1864 I ServiceThread: Enabled StrictMode logging for ActivityManager looper.
01-01 20:00:06.562  1850  1865 I ServiceThread: Enabled StrictMode logging for android.ui looper.
01-01 20:00:06.580  1850  1850 D BatteryStatsImpl: Reading daily items from /data/system/batterystats-daily.xml
01-01 20:00:06.629  1850  1850 I ActivityManager: packages xml empty
01-01 20:00:06.641  1850  1867 D StrictMode: No activity manager; failed to Dropbox violation.
01-01 20:00:06.642  1850  1850 I IntentFirewall: Read new rules (A:0 B:0 S:0)
01-01 20:00:06.648  1850  1850 V ActivityManager: parsePackagesList>> adding pkg=android.cts.jank.leanback
01-01 20:00:06.648  1850  1850 V ActivityManager: parsePackagesList>> adding pkg=com.antutu.ABenchMark
01-01 20:00:06.648  1850  1850 V ActivityManager: parsePackagesList>> adding pkg=com.antutu.benchmark.bench64
01-01 20:00:06.648  1850  1850 V ActivityManager: parsePackagesList>> adding pkg=com.antutu.benchmark.full
01-01 20:00:06.648  1850  1850 I ActivityManager: accel87) adding allowed pkg=com.antutu.ABenchMark
01-01 20:00:06.648  1850  1850 I ActivityManager: accel87) adding allowed pkg=com.antutu.benchmark.bench64
01-01 20:00:06.648  1850  1850 I ActivityManager: accel87) adding allowed pkg=com.antutu.benchmark.full
01-01 20:00:06.652  1850  1850 W System.err: java.lang.ArrayIndexOutOfBoundsException: length=0; index=0
01-01 20:00:06.652  1850  1850 W System.err:    at com.android.server.am.ActivityStackSupervisor.initSchedulerCustomizedRules(ActivityStackSupervisor.java:4907)
01-01 20:00:06.652  1850  1850 W System.err:    at com.android.server.am.ActivityStackSupervisor.<init>(ActivityStackSupervisor.java:377)
01-01 20:00:06.652  1850  1850 W System.err:    at com.android.server.am.ActivityManagerService.<init>(ActivityManagerService.java:2356)
01-01 20:00:06.652  1850  1850 W System.err:    at com.android.server.am.ActivityManagerService$Lifecycle.<init>(ActivityManagerService.java:2282)
01-01 20:00:06.652  1850  1850 W System.err:    at java.lang.reflect.Constructor.newInstance(Native Method)
01-01 20:00:06.652  1850  1850 W System.err:    at com.android.server.SystemServiceManager.startService(SystemServiceManager.java:89)
01-01 20:00:06.652  1850  1850 W System.err:    at com.android.server.SystemServer.startBootstrapServices(SystemServer.java:332)
01-01 20:00:06.652  1850  1850 W System.err:    at com.android.server.SystemServer.run(SystemServer.java:271)
01-01 20:00:06.652  1850  1850 W System.err:    at com.android.server.SystemServer.main(SystemServer.java:171)
01-01 20:00:06.652  1850  1850 W System.err:    at java.lang.reflect.Method.invoke(Native Method)
01-01 20:00:06.652  1850  1850 W System.err:    at com.android.internal.os.ZygoteInit$MethodAndArgsCaller.run(ZygoteInit.java:731)
01-01 20:00:06.652  1850  1850 W System.err:    at com.android.internal.os.ZygoteInit.main(ZygoteInit.java:621)
01-01 20:00:06.655  1850  1870 I ServiceThread: Enabled StrictMode logging for android.display looper.
01-01 20:00:06.660  1850  1850 D AppOps  : AppOpsService published
01-01 20:00:06.660  1850  1850 I SystemServiceManager: Starting com.android.server.power.PowerManagerService
01-01 20:00:06.663  1850  1872 I ServiceThread: Enabled StrictMode logging for PowerManagerService looper.
01-01 20:00:06.669  1850  1850 D PowerHAL: Str RMClient
01-01 20:00:06.669  1850  1850 V RMClient: #1:RMClient
01-01 20:00:06.670  1850  1850 W libsuspend: Error writing 'on' to /sys/power/state: Invalid argument
01-01 20:00:06.670  1850  1850 I libsuspend: Selected wakeup count
01-01 20:00:06.674  1850  1850 I SystemServiceManager: Starting com.android.server.lights.LightsService
01-01 20:00:06.678  1850  1850 I SystemServiceManager: Starting com.android.server.display.DisplayManagerService
01-01 20:00:06.683  1850  1850 I SystemServiceManager: Starting phase 100
01-01 20:00:06.689  1850  1870 I DisplayManagerService: Display device added: DisplayDeviceInfo{"鍐呯疆灞忓箷": uniqueId="local:0", 1280 x 720, modeId 1, defaultModeId 1, supportedModes [{id=1, width=1280, height=720, fps=59.0}], density 160, 160.0 x 160.0 dpi, appVsyncOff 0, presDeadline 17949152, touch INTERNAL, rotation 0, type BUILT_IN, state UNKNOWN, FLAG_DEFAULT_DISPLAY, FLAG_ROTATES_WITH_CONTENT, FLAG_SECURE, FLAG_SUPPORTS_PROTECTED_BUFFERS}
01-01 20:00:06.690  1408  1484 D SurfaceFlinger: SurfaceFlinger::setPowerMode = 2 begin 
01-01 20:00:06.690  1408  1408 D SurfaceFlinger: Set power mode=2, type=0 flinger=0x55a388da60
01-01 20:00:06.690  1408  1408 D SurfaceFlinger: Screen type=0 is already mode=2
01-01 20:00:06.690  1408  1484 D SurfaceFlinger: SurfaceFlinger::setPowerMode = 2 end 
01-01 20:00:06.691  1850  1850 I SystemServer: Package Manager
01-01 20:00:06.691  1850  1870 I DisplayManagerService: Display device changed state: "鍐呯疆灞忓箷", ON
01-01 20:00:06.726  1850  1876 D StrictMode: No activity manager; failed to Dropbox violation.
01-01 20:00:06.727  1850  1877 D StrictMode: No activity manager; failed to Dropbox violation.
01-01 20:00:06.730  1850  1878 D StrictMode: No activity manager; failed to Dropbox violation.
01-01 20:00:06.735  1850  1850 W SystemConfig: No directory /system/etc/sysconfig, skipping
01-01 20:00:06.766  1850  1850 D SELinuxMMAC: Using policy file /system/etc/security/mac_permissions.xml
01-01 20:00:06.866  1850  1850 E art     : DexFile_getDexOptNeeded file '/system/framework/org.apache.http.legacy.jar' does not exist
01-01 20:00:06.866  1850  1850 W PackageManager: Library not found: /system/framework/org.apache.http.legacy.jar
01-01 20:00:06.878  1850  1850 E art     : DexFile_getDexOptNeeded file '/system/framework/org.apache.http.legacy.jar' does not exist
01-01 20:00:06.878  1850  1850 W PackageManager: Library not found: /system/framework/org.apache.http.legacy.jar
01-01 20:00:06.936  1850  1850 D PackageManager: No files in app dir /vendor/overlay
01-01 20:00:06.964  1418  1418 I ServiceManager: Waiting for service media.camera.proxy...
01-01 20:00:06.971  1551  1551 I tvos    : [videoMailBoxHandler Err 6347]Un-know video mail: 117.
01-01 20:00:06.991  1850  1850 W PackageManager: Permission android.permission.NET_SOCK_RAW from package android in an unknown group android.permission-group.SYSTEM_TOOLS
01-01 20:00:06.991  1551  1551 I tvos    : Display Msg: 38.
01-01 20:00:06.991  1551  1551 I tvos    : Screen Setting: 1.
01-01 20:00:06.991  1551  1551 I tvos    : 2. Set Black Screen OFF after 133ms.
01-01 20:00:07.039  1850  1850 W PackageParser: No actions in intent filter at /system/priv-app/Contacts/Contacts.apk Binary XML file line #390
01-01 20:00:07.086  1551  1551 I tvos    : FrmCnt:5(0,0,0) Sys:9114, V:27 VES:0x547af0 Vptr(R,W):(44dc00,9956f0)
01-01 20:00:07.088  1850  1850 W PackageManager: Permission android.permission.DOWNLOAD_WITHOUT_NOTIFICATION from package com.android.providers.downloads in an unknown group android.permission-group.NETWORK
01-01 20:00:07.124  1430  1733 V 3D      : Func: Get3DFormatDetectFlag()
01-01 20:00:07.124  1430  1733 V 3D      : Func: Get3DFormatDetectFlag() : return m_b3DFormatDetectFlag=0
01-01 20:00:07.124  1430  1733 V 3D      : Func: Read3DSetting()
01-01 20:00:07.124  1430  1733 V 3D      : Func: Get3DFormatDetectFlag()
01-01 20:00:07.125  1430  1733 V 3D      : Func: Get3DFormatDetectFlag() : return m_b3DFormatDetectFlag=0
01-01 20:00:07.125  1430  1733 W VIDEO   : WaitFrameWrite2XC will modify from 0 to 0
01-01 20:00:07.125  1430  1733 W VIDEO   :  Mute Engine is 0, engine is 0 
01-01 20:00:07.125  1430  1733 W VIDEO   : bEnable: 0, getMuteFlag(engine, eWin): 1, 
01-01 20:00:07.125  1430  1733 W VIDEO   : [Unmute By API]MuteEngine: 0,  u16WaitToDoTime :0 , tid: 1733 
01-01 20:00:07.125  1551  1551 I tvos    : Enter SetVideoMute =======>
01-01 20:00:07.139  1430  1733 W VIDEO   : u16PQDelayTime=66   win=main [_WaitVideoStable][1806]
01-01 20:00:07.205  1850  1850 W PackageParser: Ignoring duplicate uses-permissions/uses-permissions-sdk-m: android.permission.INSTALL_GRANT_RUNTIME_PERMISSIONS in package: com.android.shell at: Binary XML file line #101
01-01 20:00:07.222  1430  1733 W VIDEO   : BACKEND engine is 0
01-01 20:00:07.223  1430  1733 W VIDEO   : BACKEND engine video only is 0
01-01 20:00:07.223  1430  1733 W VIDEO   : SOC engine is 0
01-01 20:00:07.223  1430  1733 W VIDEO   : XC engine (MAIN) is 1
01-01 20:00:07.223  1430  1733 W VIDEO   : XC engine (SUB) is 1
01-01 20:00:07.223  1430  1733 W VIDEO   : Lock Mute Status => 
01-01 20:00:07.223  1430  1733 W VIDEO   : Lock Status: APP:UNLOCK, RESERVE_1:UNLOCK, RESERVE_2:UNLOCK, RESERVE_3:UNLOCK
01-01 20:00:07.223  1430  1733 W VIDEO   : enScalerWinType: MAIN, isLock: 0
01-01 20:00:07.223  1430  1733 W VIDEO   : Lock Status: APP:UNLOCK, RESERVE_1:UNLOCK, RESERVE_2:UNLOCK, RESERVE_3:UNLOCK
01-01 20:00:07.223  1430  1733 W VIDEO   : enScalerWinType: SUB, isLock: 0
01-01 20:00:07.223  1430  1733 W VIDEO   : ==== Decrease After ====
01-01 20:00:07.223  1430  1733 W VIDEO   : BACKEND engine is 0
01-01 20:00:07.223  1430  1733 W VIDEO   : BACKEND engine video only is 0
01-01 20:00:07.223  1430  1733 W VIDEO   : SOC engine is 0
01-01 20:00:07.223  1430  1733 W VIDEO   : XC engine (MAIN) is 0
01-01 20:00:07.223  1430  1733 W VIDEO   : XC engine (SUB) is 1
01-01 20:00:07.223  1430  1733 W VIDEO   : Lock Mute Status => 
01-01 20:00:07.223  1430  1733 W VIDEO   : Lock Status: APP:UNLOCK, RESERVE_1:UNLOCK, RESERVE_2:UNLOCK, RESERVE_3:UNLOCK
01-01 20:00:07.223  1430  1733 W VIDEO   : enScalerWinType: MAIN, isLock: 0
01-01 20:00:07.223  1430  1733 W VIDEO   : Lock Status: APP:UNLOCK, RESERVE_1:UNLOCK, RESERVE_2:UNLOCK, RESERVE_3:UNLOCK
01-01 20:00:07.223  1430  1733 W VIDEO   : enScalerWinType: SUB, isLock: 0
01-01 20:00:07.237  1850  1850 W PackageParser: Ignoring duplicate uses-permissions/uses-permissions-sdk-m: android.permission.CONFIGURE_WIFI_DISPLAY in package: com.android.systemui at: Binary XML file line #119
01-01 20:00:07.354  1850  1850 W PackageParser: Unknown element under <manifest>: uses-features at /system/app/AutoPair/AutoPair.apk Binary XML file line #16
01-01 20:00:07.385  1850  1850 W PackageParser: Ignoring duplicate uses-permissions/uses-permissions-sdk-m: android.permission.READ_CONTACTS in package: com.android.bluetooth at: Binary XML file line #57
01-01 20:00:07.387  1850  1850 W PackageParser: No actions in intent filter at /system/app/Bluetooth/Bluetooth.apk Binary XML file line #210
01-01 20:00:07.407  1551  1551 I tvos    : =============get bootlogo_gopidx:2 
01-01 20:00:07.407  1551  1551 I tvos    : result0 = 0,result1 = 1,result2 = 1,result3 = 0,result4 = 0
01-01 20:00:07.407  1551  1551 I tvos    : [_GOP_GWIN_IsGwinExistInClient][1178]GWIN 4  is not exist
01-01 20:00:07.407  1551  1551 I tvos    : [GOP_GWIN_SetEnable][4886]GWIN 4  is not exist
01-01 20:00:07.412  1850  1850 W PackageParser: Ignoring duplicate uses-permissions/uses-permissions-sdk-m: android.permission.READ_CONTACTS in package: com.android.bcm.bluetooth at: Binary XML file line #58
01-01 20:00:07.415  1850  1850 W PackageParser: No actions in intent filter at /system/app/BluetoothBcm/BluetoothBcm.apk Binary XML file line #352
01-01 20:00:07.611  1850  1850 W PackageParser: Ignoring duplicate uses-permissions/uses-permissions-sdk-m: android.permission.WRITE_CONTACTS in package: com.android.email at: Binary XML file line #40
01-01 20:00:07.873  1850  1850 W PackageParser: Ignoring duplicate uses-permissions/uses-permissions-sdk-m: android.permission.GET_TASKS in package: com.mstar.tv.tvplayer.ui at: Binary XML file line #106
01-01 20:00:07.964  1418  1418 I ServiceManager: Waiting for service media.camera.proxy...
01-01 20:00:08.031  1850  1850 W PackageManager: Failed to parse /system/app/nlive: Package com.hades.gttv at /system/app/nlive ignored: updated version 3 better than this 2
01-01 20:00:08.046  1850  1850 D PackageManager: No files in app dir /system/vendor/app
01-01 20:00:08.046  1850  1850 D PackageManager: No files in app dir /oem/app
01-01 20:00:08.072  1850  1850 D PackageManager: No files in app dir /data/app-private
01-01 20:00:08.073  1850  1850 W PackageManager: Package com.android.gallery3d desires unavailable shared library com.google.android.media.effects; ignoring!
01-01 20:00:08.073  1850  1850 W PackageManager: Package com.android.gallery3d desires unavailable shared library com.google.android.media.effects; ignoring!
01-01 20:00:08.073  1850  1850 I PackageManager: Adjusting ABI for : com.android.tv.settings to arm64-v8a
01-01 20:00:08.074  1850  1850 I PackageManager: Adjusting ABI for : com.mstar.android.providers.tv to arm64-v8a
01-01 20:00:08.075  1850  1850 I PackageManager: Adjusting ABI for : com.android.inputdevices to arm64-v8a
01-01 20:00:08.075  1850  1850 I PackageManager: Adjusting ABI for : com.mstar.miscsetting to arm64-v8a
01-01 20:00:08.075  1850  1850 I PackageManager: Adjusting ABI for : com.mstar.android.pppoe to arm64-v8a
01-01 20:00:08.075  1850  1850 I PackageManager: Adjusting ABI for : com.mediatek.autopair to arm64-v8a
01-01 20:00:08.075  1850  1850 I PackageManager: Adjusting ABI for : com.jrm.localmm to arm64-v8a
01-01 20:00:08.075  1850  1850 I PackageManager: Adjusting ABI for : com.mstar.tv.service to arm64-v8a
01-01 20:00:08.076  1850  1850 I PackageManager: Adjusting ABI for : com.android.location.fused to arm64-v8a
01-01 20:00:08.076  1850  1850 I PackageManager: Adjusting ABI for : mstar.factorymenu.ui to arm64-v8a
01-01 20:00:08.076  1850  1850 I PackageManager: Adjusting ABI for : com.android.keychain to arm64-v8a
01-01 20:00:08.076  1850  1850 I PackageManager: Adjusting ABI for : com.mstar.tvsetting to arm64-v8a
01-01 20:00:08.076  1850  1850 I PackageManager: Adjusting ABI for : com.android.providers.settings to arm64-v8a
01-01 20:00:08.078  1850  1850 I PackageManager: Time to scan packages: 1.223 seconds
01-01 20:00:08.079  1850  1850 W PackageManager: Unknown permission com.google.android.gallery3d.permission.GALLERY_PROVIDER in package com.android.bcm.bluetooth
