01-01 20:01:03.774  2379  2379 E CircleIndicator: << onPageScrolled position :3, positionOffset: 0.99759626, positionOffsetPixels: 830
01-01 20:01:03.791  2379  2379 E LoopViewPager: >> onPageScrolled(5)
01-01 20:01:03.791  2379  2379 E CircleIndicator: << onPageScrolled position :4, positionOffset: 0.0, positionOffsetPixels: 0
01-01 20:01:03.848  2027  2039 D PlayerImpl_JNI: Screen saver mode = 8, Signal status:  = 0
01-01 20:01:03.874  2379  2379 E CircleIndicator: << onPageSelected position :0
01-01 20:01:04.152  2027  2041 D PlayerImpl_JNI: Screen saver mode = 8, Signal status:  = 0
01-01 20:01:04.456  2027  2039 D PlayerImpl_JNI: Screen saver mode = 8, Signal status:  = 0
01-01 20:01:04.760  2027  2041 D PlayerImpl_JNI: Screen saver mode = 8, Signal status:  = 0
01-01 20:01:05.064  2027  2039 D PlayerImpl_JNI: Screen saver mode = 8, Signal status:  = 0
01-01 20:01:05.369  2027  2041 D PlayerImpl_JNI: Screen saver mode = 8, Signal status:  = 0
01-01 20:01:05.673  2027  2039 D PlayerImpl_JNI: Screen saver mode = 8, Signal status:  = 0
01-01 20:01:05.977  2027  2041 D PlayerImpl_JNI: Screen saver mode = 8, Signal status:  = 0
01-01 20:01:06.281  2027  2039 D PlayerImpl_JNI: Screen saver mode = 8, Signal status:  = 0
01-01 20:01:06.586  2027  2041 D PlayerImpl_JNI: Screen saver mode = 8, Signal status:  = 0
01-01 20:01:06.890  2027  2039 D PlayerImpl_JNI: Screen saver mode = 8, Signal status:  = 0
01-01 20:01:07.194  2027  2041 D PlayerImpl_JNI: Screen saver mode = 8, Signal status:  = 0
01-01 20:01:07.498  2027  2039 D PlayerImpl_JNI: Screen saver mode = 8, Signal status:  = 0
01-01 20:01:07.803  2027  2041 D PlayerImpl_JNI: Screen saver mode = 8, Signal status:  = 0
01-01 20:01:08.107  2027  2039 D PlayerImpl_JNI: Screen saver mode = 8, Signal status:  = 0
01-01 20:01:08.411  2027  2041 D PlayerImpl_JNI: Screen saver mode = 8, Signal status:  = 0
01-01 20:01:08.634  2379  2379 E LoopViewPager: mHandler.handleMessage({ when=-1ms what=1001 target=com.hejunlin.superindicatorlibray.LoopViewPager$1 }) mIsLoopPicture=true, isSelected=false
01-01 20:01:08.634  2379  2379 E CircleIndicator: << onPageSelected position :2
01-01 20:01:08.634  2379  2379 E LoopViewPager: >> onPageSelected(6)
01-01 20:01:08.634  2379  2379 E CircleIndicator: << onPageSelected position :0
01-01 20:01:08.634  2379  2379 E LoopViewPager: >> loopPictureIfNeed(true)
01-01 20:01:08.638  2379  2379 E LoopViewPager: >> onPageScrolled(5)
01-01 20:01:08.638  2379  2379 E CircleIndicator: << onPageScrolled position :4, positionOffset: 0.0, positionOffsetPixels: 0
01-01 20:01:08.654  2379  2379 E LoopViewPager: >> onPageScrolled(5)
01-01 20:01:08.654  2379  2379 E CircleIndicator: << onPageScrolled position :4, positionOffset: 0.0, positionOffsetPixels: 0
01-01 20:01:08.670  2379  2379 E LoopViewPager: >> onPageScrolled(5)
01-01 20:01:08.670  2379  2379 E CircleIndicator: << onPageScrolled position :0, positionOffset: 0.0, positionOffsetPixels: 0
01-01 20:01:08.687  2379  2379 E LoopViewPager: >> onPageScrolled(5)
01-01 20:01:08.687  2379  2379 E CircleIndicator: << onPageScrolled position :0, positionOffset: 0.0, positionOffsetPixels: 0
01-01 20:01:08.704  2379  2379 E LoopViewPager: >> onPageScrolled(5)
01-01 20:01:08.704  2379  2379 E CircleIndicator: << onPageScrolled position :0, positionOffset: 0.0, positionOffsetPixels: 0
01-01 20:01:08.715  2027  2039 D PlayerImpl_JNI: Screen saver mode = 8, Signal status:  = 0
01-01 20:01:08.720  2379  2379 E LoopViewPager: >> onPageScrolled(5)
01-01 20:01:08.720  2379  2379 E CircleIndicator: << onPageScrolled position :0, positionOffset: 0.0, positionOffsetPixels: 0
01-01 20:01:08.737  2379  2379 E LoopViewPager: >> onPageScrolled(5)
01-01 20:01:08.737  2379  2379 E CircleIndicator: << onPageScrolled position :0, positionOffset: 0.0, positionOffsetPixels: 0
01-01 20:01:08.754  2379  2379 E LoopViewPager: >> onPageScrolled(5)
01-01 20:01:08.754  2379  2379 E CircleIndicator: << onPageScrolled position :0, positionOffset: 0.0, positionOffsetPixels: 0
01-01 20:01:08.771  2379  2379 E LoopViewPager: >> onPageScrolled(5)
01-01 20:01:08.771  2379  2379 E CircleIndicator: << onPageScrolled position :0, positionOffset: 0.0, positionOffsetPixels: 0
01-01 20:01:08.788  2379  2379 E LoopViewPager: >> onPageScrolled(5)
01-01 20:01:08.788  2379  2379 E CircleIndicator: << onPageScrolled position :0, positionOffset: 0.0, positionOffsetPixels: 0
01-01 20:01:08.804  2379  2379 E LoopViewPager: >> onPageScrolled(6)
01-01 20:01:08.804  2379  2379 E CircleIndicator: << onPageScrolled position :0, positionOffset: 0.0, positionOffsetPixels: 0
01-01 20:01:08.875  2379  2379 E LoopViewPager: >> onPageSelected(1)
01-01 20:01:08.875  2379  2379 E LoopViewPager: >> loopPictureIfNeed(true)
01-01 20:01:08.875  2379  2379 E LoopViewPager: >> onPageScrolled(1)
01-01 20:01:08.875  2379  2379 E CircleIndicator: << onPageScrolled position :0, positionOffset: 0.0, positionOffsetPixels: 0
01-01 20:01:08.875  2379  2379 E CircleIndicator: << onPageSelected position :0
01-01 20:01:08.890  2379  2379 W Glide   : Load failed for http://153.0.140.5:8099/jcbase/media/file/20180322101118寰俊鍥剧墖_20180322100250.jpg with size [832x350]
01-01 20:01:08.890  2379  2379 W Glide   : class com.bumptech.glide.load.engine.GlideException: Failed to load resource
01-01 20:01:08.890  2379  2379 W Glide   :   Cause (1 of 3): class com.bumptech.glide.load.engine.GlideException: Fetching data failed, class java.io.InputStream, REMOTE
01-01 20:01:08.890  2379  2379 W Glide   :     Cause (1 of 1): class java.net.ConnectException: failed to connect to /153.0.140.5 (port 8099) after 2500ms: connect failed: ENETUNREACH (Network is unreachable)
01-01 20:01:08.890  2379  2379 W Glide   :   Cause (2 of 3): class com.bumptech.glide.load.engine.GlideException: Fetching data failed, class java.io.InputStream, REMOTE
01-01 20:01:08.890  2379  2379 W Glide   :     Cause (1 of 1): class java.net.ConnectException: failed to connect to /153.0.140.5 (port 8099) after 2500ms: connect failed: ENETUNREACH (Network is unreachable)
01-01 20:01:08.890  2379  2379 W Glide   :   Cause (3 of 3): class com.bumptech.glide.load.engine.GlideException: Failed LoadPath{StringUri->Object->Drawable}, LOCAL
01-01 20:01:08.890  2379  2379 W Glide   :     Cause (1 of 2): class com.bumptech.glide.load.engine.GlideException: Failed DecodePath{StringUri->Drawable->Drawable}
01-01 20:01:08.890  2379  2379 W Glide   :     Cause (2 of 2): class com.bumptech.glide.load.engine.GlideException: Failed DecodePath{StringUri->Bitmap->Drawable}
01-01 20:01:08.892  2379  2379 I Glide   : Root cause (1 of 2)
01-01 20:01:08.892  2379  2379 I Glide   : java.net.ConnectException: failed to connect to /153.0.140.5 (port 8099) after 2500ms: connect failed: ENETUNREACH (Network is unreachable)
01-01 20:01:08.892  2379  2379 I Glide   :      at libcore.io.IoBridge.connect(IoBridge.java:124)
01-01 20:01:08.892  2379  2379 I Glide   :      at java.net.PlainSocketImpl.connect(PlainSocketImpl.java:183)
01-01 20:01:08.892  2379  2379 I Glide   :      at java.net.PlainSocketImpl.connect(PlainSocketImpl.java:452)
01-01 20:01:08.892  2379  2379 I Glide   :      at java.net.Socket.connect(Socket.java:884)
01-01 20:01:08.892  2379  2379 I Glide   :      at com.android.okhttp.internal.Platform.connectSocket(Platform.java:117)
01-01 20:01:08.892  2379  2379 I Glide   :      at com.android.okhttp.internal.http.SocketConnector.connectRawSocket(SocketConnector.java:160)
01-01 20:01:08.892  2379  2379 I Glide   :      at com.android.okhttp.internal.http.SocketConnector.connectCleartext(SocketConnector.java:67)
01-01 20:01:08.892  2379  2379 I Glide   :      at com.android.okhttp.Connection.connect(Connection.java:152)
01-01 20:01:08.892  2379  2379 I Glide   :      at com.android.okhttp.Connection.connectAndSetOwner(Connection.java:185)
01-01 20:01:08.892  2379  2379 I Glide   :      at com.android.okhttp.OkHttpClient$1.connectAndSetOwner(OkHttpClient.java:128)
01-01 20:01:08.892  2379  2379 I Glide   :      at com.android.okhttp.internal.http.HttpEngine.nextConnection(HttpEngine.java:341)
01-01 20:01:08.892  2379  2379 I Glide   :      at com.android.okhttp.internal.http.HttpEngine.connect(HttpEngine.java:330)
01-01 20:01:08.892  2379  2379 I Glide   :      at com.android.okhttp.internal.http.HttpEngine.sendRequest(HttpEngine.java:248)
01-01 20:01:08.892  2379  2379 I Glide   :      at com.android.okhttp.internal.huc.HttpURLConnectionImpl.execute(HttpURLConnectionImpl.java:433)
01-01 20:01:08.892  2379  2379 I Glide   :      at com.android.okhttp.internal.huc.HttpURLConnectionImpl.connect(HttpURLConnectionImpl.java:114)
01-01 20:01:08.892  2379  2379 I Glide   :      at com.bumptech.glide.load.data.HttpUrlFetcher.loadDataWithRedirects(HttpUrlFetcher.java:102)
01-01 20:01:08.892  2379  2379 I Glide   :      at com.bumptech.glide.load.data.HttpUrlFetcher.loadData(HttpUrlFetcher.java:54)
01-01 20:01:08.892  2379  2379 I Glide   :      at com.bumptech.glide.load.engine.SourceGenerator.startNext(SourceGenerator.java:61)
01-01 20:01:08.892  2379  2379 I Glide   :      at com.bumptech.glide.load.engine.DecodeJob.runGenerators(DecodeJob.java:298)
01-01 20:01:08.892  2379  2379 I Glide   :      at com.bumptech.glide.load.engine.DecodeJob.runWrapped(DecodeJob.java:268)
01-01 20:01:08.892  2379  2379 I Glide   :      at com.bumptech.glide.load.engine.DecodeJob.run(DecodeJob.java:229)
01-01 20:01:08.892  2379  2379 I Glide   :      at java.util.concurrent.ThreadPoolExecutor.runWorker(ThreadPoolExecutor.java:1113)
01-01 20:01:08.892  2379  2379 I Glide   :      at java.util.concurrent.ThreadPoolExecutor$Worker.run(ThreadPoolExecutor.java:588)
01-01 20:01:08.892  2379  2379 I Glide   :      at java.lang.Thread.run(Thread.java:818)
01-01 20:01:08.892  2379  2379 I Glide   :      at com.bumptech.glide.load.engine.executor.GlideExecutor$DefaultThreadFactory$1.run(GlideExecutor.java:413)
01-01 20:01:08.892  2379  2379 I Glide   : Caused by: android.system.ErrnoException: connect failed: ENETUNREACH (Network is unreachable)
01-01 20:01:08.892  2379  2379 I Glide   :      at libcore.io.Posix.connect(Native Method)
01-01 20:01:08.892  2379  2379 I Glide   :      at libcore.io.BlockGuardOs.connect(BlockGuardOs.java:111)
01-01 20:01:08.892  2379  2379 I Glide   :      at libcore.io.IoBridge.connectErrno(IoBridge.java:154)
01-01 20:01:08.892  2379  2379 I Glide   :      at libcore.io.IoBridge.connect(IoBridge.java:122)
01-01 20:01:08.892  2379  2379 I Glide   :      ... 24 more
01-01 20:01:08.894  2379  2379 I Glide   : Root cause (2 of 2)
01-01 20:01:08.894  2379  2379 I Glide   : java.net.ConnectException: failed to connect to /153.0.140.5 (port 8099) after 2500ms: connect failed: ENETUNREACH (Network is unreachable)
01-01 20:01:08.894  2379  2379 I Glide   :      at libcore.io.IoBridge.connect(IoBridge.java:124)
01-01 20:01:08.894  2379  2379 I Glide   :      at java.net.PlainSocketImpl.connect(PlainSocketImpl.java:183)
01-01 20:01:08.894  2379  2379 I Glide   :      at java.net.PlainSocketImpl.connect(PlainSocketImpl.java:452)
01-01 20:01:08.894  2379  2379 I Glide   :      at java.net.Socket.connect(Socket.java:884)
01-01 20:01:08.894  2379  2379 I Glide   :      at com.android.okhttp.internal.Platform.connectSocket(Platform.java:117)
01-01 20:01:08.894  2379  2379 I Glide   :      at com.android.okhttp.internal.http.SocketConnector.connectRawSocket(SocketConnector.java:160)
01-01 20:01:08.894  2379  2379 I Glide   :      at com.android.okhttp.internal.http.SocketConnector.connectCleartext(SocketConnector.java:67)
01-01 20:01:08.894  2379  2379 I Glide   :      at com.android.okhttp.Connection.connect(Connection.java:152)
01-01 20:01:08.894  2379  2379 I Glide   :      at com.android.okhttp.Connection.connectAndSetOwner(Connection.java:185)
01-01 20:01:08.894  2379  2379 I Glide   :      at com.android.okhttp.OkHttpClient$1.connectAndSetOwner(OkHttpClient.java:128)
01-01 20:01:08.894  2379  2379 I Glide   :      at com.android.okhttp.internal.http.HttpEngine.nextConnection(HttpEngine.java:341)
01-01 20:01:08.894  2379  2379 I Glide   :      at com.android.okhttp.internal.http.HttpEngine.connect(HttpEngine.java:330)
01-01 20:01:08.894  2379  2379 I Glide   :      at com.android.okhttp.internal.http.HttpEngine.sendRequest(HttpEngine.java:248)
01-01 20:01:08.894  2379  2379 I Glide   :      at com.android.okhttp.internal.huc.HttpURLConnectionImpl.execute(HttpURLConnectionImpl.java:433)
01-01 20:01:08.894  2379  2379 I Glide   :      at com.android.okhttp.internal.huc.HttpURLConnectionImpl.connect(HttpURLConnectionImpl.java:114)
01-01 20:01:08.894  2379  2379 I Glide   :      at com.bumptech.glide.load.data.HttpUrlFetcher.loadDataWithRedirects(HttpUrlFetcher.java:102)
01-01 20:01:08.894  2379  2379 I Glide   :      at com.bumptech.glide.load.data.HttpUrlFetcher.loadData(HttpUrlFetcher.java:54)
01-01 20:01:08.894  2379  2379 I Glide   :      at com.bumptech.glide.load.engine.SourceGenerator.startNext(SourceGenerator.java:61)
01-01 20:01:08.894  2379  2379 I Glide   :      at com.bumptech.glide.load.engine.DecodeJob.runGenerators(DecodeJob.java:298)
01-01 20:01:08.894  2379  2379 I Glide   :      at com.bumptech.glide.load.engine.DecodeJob.onDataFetcherFailed(DecodeJob.java:393)
01-01 20:01:08.894  2379  2379 I Glide   :      at com.bumptech.glide.load.engine.SourceGenerator.onLoadFailed(SourceGenerator.java:118)
01-01 20:01:08.894  2379  2379 I Glide   :      at com.bumptech.glide.load.data.HttpUrlFetcher.loadData(HttpUrlFetcher.java:60)
01-01 20:01:08.894  2379  2379 I Glide   :      at com.bumptech.glide.load.engine.SourceGenerator.startNext(SourceGenerator.java:61)
01-01 20:01:08.894  2379  2379 I Glide   :      at com.bumptech.glide.load.engine.DecodeJob.runGenerators(DecodeJob.java:298)
01-01 20:01:08.894  2379  2379 I Glide   :      at com.bumptech.glide.load.engine.DecodeJob.runWrapped(DecodeJob.java:268)
01-01 20:01:08.894  2379  2379 I Glide   :      at com.bumptech.glide.load.engine.DecodeJob.run(DecodeJob.java:229)
01-01 20:01:08.894  2379  2379 I Glide   :      at java.util.concurrent.ThreadPoolExecutor.runWorker(ThreadPoolExecutor.java:1113)
01-01 20:01:08.894  2379  2379 I Glide   :      at java.util.concurrent.ThreadPoolExecutor$Worker.run(ThreadPoolExe^Z[1] + Stopped              logcat 
